IQ-TREE version 3.1.3 for MacOS ARM 64-bit built Jul 26 2026
Developed by Bui Quang Minh, Thomas Wong, Nhan Ly-Trong, Huaiyan Ren
Contributed by Lam-Tung Nguyen, Dominik Schrempf, Chris Bielow,
Olga Chernomor, Michael Woodhams, Diep Thi Hoang, Heiko Schmidt

Host:    MacBook-Air-Bagavetdinova.local (SSE4.2, 16 GB RAM)
Command: iqtree -s results/alignments/P_Y/P_Y_ORF2_2.fasta -st DNA -m MFP -bb 1000 -nt 1 -pre results/trees/P_Y/P_Y_ORF2_2
Seed:    768536 (Using SPRNG - Scalable Parallel Random Number Generator)
Time:    Sun Aug 16 22:33:27 2026
Kernel:  SSE2 - 1 threads (10 CPU cores detected)

HINT: Use -nt option to specify number of threads because your CPU has 10 cores!
HINT: -nt AUTO will automatically determine the best number of threads to use.

Reading alignment file results/alignments/P_Y/P_Y_ORF2_2.fasta ... Fasta format detected
Reading fasta file: done in 0.000599861 secs using 60.35% CPU
Alignment most likely contains DNA/RNA sequences
Constructing alignment: done in 0.000560999 secs using 72.91% CPU
Alignment has 44 sequences with 770 columns, 601 distinct patterns
557 parsimony-informative, 44 singleton sites, 169 constant sites
WARNING: Some sequence names are changed as follows:
PP871798/NA/astro-vt-80/Sus-scrofa-(wild-boar)/2015 -> PP871798/NA/astro-vt-80/Sus-scrofa-_wild-boar_/2015
OM469232/NA/ANV-PB7-HI6-Switzerland-2019/Gallus-gallus-domesticus-(broiler)/2019 -> OM469232/NA/ANV-PB7-HI6-Switzerland-2019/Gallus-gallus-domesticus-_broiler_/2019
OM469230/NA/ANV-PB31-SI19-Switzerland-2019/Gallus-gallus-domesticus-(broiler)/2019 -> OM469230/NA/ANV-PB31-SI19-Switzerland-2019/Gallus-gallus-domesticus-_broiler_/2019
MW684833/NA/Chicken-NLD-2019-V-M-053-astro-2/Gallus-gallus-domesticus-(broiler)/2019 -> MW684833/NA/Chicken-NLD-2019-V-M-053-astro-2/Gallus-gallus-domesticus-_broiler_/2019
MW684829/NA/Chicken-NLD-2019-V-M-041-astro-13/Gallus-gallus-domesticus-(broiler)/2019 -> MW684829/NA/Chicken-NLD-2019-V-M-041-astro-13/Gallus-gallus-domesticus-_broiler_/2019
MW684826/NA/Chicken-NLD-2019-V-M-039-astro-2/Gallus-gallus-domesticus-(broiler)/2019 -> MW684826/NA/Chicken-NLD-2019-V-M-039-astro-2/Gallus-gallus-domesticus-_broiler_/2019
MW684825/NA/Chicken-NLD-2019-V-M-038-astro-6/Gallus-gallus-domesticus-(broiler)/2019 -> MW684825/NA/Chicken-NLD-2019-V-M-038-astro-6/Gallus-gallus-domesticus-_broiler_/2019
MW684822/NA/Chicken-NLD-2019-V-M-036-astro-4/Gallus-gallus-domesticus-(broiler)/2019 -> MW684822/NA/Chicken-NLD-2019-V-M-036-astro-4/Gallus-gallus-domesticus-_broiler_/2019
MW684819/NA/Chicken-NLD-2019-V-M-030-astro-12/Gallus-gallus-domesticus-(broiler)/2019 -> MW684819/NA/Chicken-NLD-2019-V-M-030-astro-12/Gallus-gallus-domesticus-_broiler_/2019
MW684818/NA/Chicken-NLD-2019-V-M-015-astro-2/Gallus-gallus-domesticus-(broiler)/2019 -> MW684818/NA/Chicken-NLD-2019-V-M-015-astro-2/Gallus-gallus-domesticus-_broiler_/2019
MT993596/NA/MW10-1o/Arenaria-interpres-(ruddy-turnstone)/2015 -> MT993596/NA/MW10-1o/Arenaria-interpres-_ruddy-turnstone_/2015
MT993583/NA/MW06-2o/Arenaria-interpres-(ruddy-turnstone)/2014 -> MT993583/NA/MW06-2o/Arenaria-interpres-_ruddy-turnstone_/2014
MN732559/NA/NA/Gallus-gallus-(broiler)/2017 -> MN732559/NA/NA/Gallus-gallus-_broiler_/2017
MN732558/NA/NA/Gallus-gallus-(broiler)/2018 -> MN732558/NA/NA/Gallus-gallus-_broiler_/2018

                                                                                       Gap/Ambiguity  Composition  p-value
Analyzing sequences: done in 2.88486e-05 secs using 97.06% CPU
   1  PX237222/NA/pigeon-FSU1/pigeon/2025                                                     19.35%    passed     28.35%
   2  PP871808/NA/astro-vt-90/Gallus-gallus/2015                                              18.18%    passed     63.96%
   3  PP871798/NA/astro-vt-80/Sus-scrofa-_wild-boar_/2015                                     17.79%    passed     33.70%
   4  PP871786/NA/astro-vt-68/Gallus-gallus/2014                                              17.79%    passed     98.81%
   5  PV093022/NA/NA/Neogale-vison/2023                                                       18.18%    passed     72.55%
   6  PQ893527/NA/QLD-2021/Alisterus-scapularis/2021                                          24.42%    passed     29.40%
   7  PP478076/NA/PL-pigeon-24-2023/carrier-pigeon/2023                                       19.74%    passed     39.84%
   8  PP478075/NA/PL-pigeon-4a-2023/carrier-pigeon/2023                                       24.81%    failed      0.22%
   9  OQ685945/NA/ANV-ck-TZ-Iringa-2151-IM162-2019/Gallus-gallus/2019                         17.79%    passed     23.82%
  10  OM469232/NA/ANV-PB7-HI6-Switzerland-2019/Gallus-gallus-domesticus-_broiler_/2019        18.18%    passed     73.65%
  11  OM469230/NA/ANV-PB31-SI19-Switzerland-2019/Gallus-gallus-domesticus-_broiler_/2019      18.18%    passed     85.53%
  12  ON964512/NA/NA/Gallus-gallus/2020                                                       18.18%    passed     94.54%
  13  MZ150559/NA/ANV-Chicken-CHN-2020-AH202017/chicken/2020                                  18.57%    passed     89.37%
  14  MW684833/NA/Chicken-NLD-2019-V-M-053-astro-2/Gallus-gallus-domesticus-_broiler_/2019    17.79%    passed     53.38%
  15  MW684829/NA/Chicken-NLD-2019-V-M-041-astro-13/Gallus-gallus-domesticus-_broiler_/2019   18.18%    passed     80.14%
  16  MW684826/NA/Chicken-NLD-2019-V-M-039-astro-2/Gallus-gallus-domesticus-_broiler_/2019    18.57%    passed     73.80%
  17  MW684825/NA/Chicken-NLD-2019-V-M-038-astro-6/Gallus-gallus-domesticus-_broiler_/2019    17.79%    passed     48.11%
  18  MW684822/NA/Chicken-NLD-2019-V-M-036-astro-4/Gallus-gallus-domesticus-_broiler_/2019    17.79%    passed     45.76%
  19  MW684819/NA/Chicken-NLD-2019-V-M-030-astro-12/Gallus-gallus-domesticus-_broiler_/2019   18.18%    passed     48.44%
  20  MW684818/NA/Chicken-NLD-2019-V-M-015-astro-2/Gallus-gallus-domesticus-_broiler_/2019    17.79%    passed     56.98%
  21  MT993596/NA/MW10-1o/Arenaria-interpres-_ruddy-turnstone_/2015                           24.42%    failed      0.66%
  22  MT993583/NA/MW06-2o/Arenaria-interpres-_ruddy-turnstone_/2014                           20.91%    passed     71.71%
  23  MT585644/NA/VF16-03-164b/Gallus-gallus-broiler-chicken/2016                             18.18%    passed     61.15%
  24  MT138011/NA/prf038ast1/NA/2018                                                          22.08%    passed      7.33%
  25  MT138010/NA/prf037ast2/NA/2018                                                          22.08%    passed      7.33%
  26  MT138007/NA/ltr178ast1/NA/2018                                                          24.81%    failed      4.72%
  27  MT138005/NA/hwf041ast1/NA/2018                                                          25.19%    failed      4.44%
  28  MT138002/NA/cra070ast1/NA/2018                                                          24.03%    passed     41.37%
  29  MT137996/NA/cfe153ast01/NA/2018                                                         25.58%    failed      4.51%
  30  MN920667/NA/tom152ast2/NA/2018                                                          25.19%    passed     15.38%
  31  MN732559/NA/NA/Gallus-gallus-_broiler_/2017                                             18.18%    passed     68.98%
  32  MN732558/NA/NA/Gallus-gallus-_broiler_/2018                                             18.96%    passed     88.46%
  33  MH453801/NA/AstV-Red-necked-Avocet-MW09-Interior/Red-necked-Avocet/2013                 22.86%    passed     17.80%
  34  MH453800/NA/AstV-Red-necked-Avocet-MW08-Interior/Red-necked-Avocet/2013                 27.14%    passed      9.37%
  35  MF768270/NA/NA/pigeon/2014                                                              25.58%    passed     43.89%
  36  HQ889774/NA/NA/pigeon/2010                                                              18.18%    passed     20.94%
  37  HM029238/NA/NA/chicken/2009                                                             18.18%    passed     20.94%
  38  KT946725/NA/D10-5628-HK/spotted-dove/NA                                                 19.74%    passed     65.06%
  39  KT946724/NA/D11-440-HK/feral-pigeon/NA                                                  19.74%    passed     11.53%
  40  KT946723/NA/D11-336-2-HK/spotted-dove/NA                                                19.74%    passed     30.77%
  41  KT946722/NA/D11-116-HK/spotted-dove/NA                                                  19.74%    passed     24.10%
  42  MT585643/NA/VF14-92-A2/Gallus-gallus-broiler-chicken/NA                                 18.18%    passed     65.04%
  43  AB033998/NA/NA/NA/NA                                                                    17.79%    passed     29.86%
  44  MG599917/NA/NA/Gekko-similignum/NA                                                       3.12%    failed      0.01%
****  TOTAL                                                                                   19.93%  6 sequences failed composition chi2 test (p-value<5%; df=3)
NOTE: MT138010/NA/prf037ast2/NA/2018 is identical to MT138011/NA/prf038ast1/NA/2018 but kept for subsequent analysis
Checking for duplicate sequences: done in 7.29561e-05 secs using 75.39% CPU

Creating fast initial parsimony tree by random order stepwise addition...
0.001 seconds, parsimony score: 5510 (based on 601 sites)
Perform fast likelihood tree search using GTR+I+G model...
Estimate model parameters (epsilon = 5.000)
Perform nearest neighbor interchange...
Estimate model parameters (epsilon = 1.000)
1. Initial log-likelihood: -19794.379
Optimal log-likelihood: -19793.661
Rate parameters:  A-C: 2.04074  A-G: 3.10129  A-T: 1.81195  C-G: 1.67367  C-T: 3.86105  G-T: 1.00000
Base frequencies:  A: 0.245  C: 0.269  G: 0.235  T: 0.251
Proportion of invariable sites: 0.063
Gamma shape alpha: 0.829
Parameters optimization took 1 rounds (0.034 sec)
Time for fast ML tree search: 0.217 seconds

NOTE: ModelFinder requires 10 MB RAM!
ModelFinder will test up to 968 DNA models (sample size: 770 epsilon: 0.100) ...
 No. Model         -LnL         df  AIC          AICc         BIC
Akaike Information Criterion:           GTR+F+I+G4
Corrected Akaike Information Criterion: GTR+I+G4
Bayesian Information Criterion:         GTR+I+G4
Best-fit model: GTR+I+G4 chosen according to BIC

All model information printed to results/trees/P_Y/P_Y_ORF2_2.model.gz
CPU time for ModelFinder: 5.638 seconds (0h:0m:5s)
Wall-clock time for ModelFinder: 5.681 seconds (0h:0m:5s)
Generating 1000 samples for ultrafast bootstrap (seed: 768536)...

NOTE: 5 MB RAM (0 GB) is required!
Estimate model parameters (epsilon = 0.100)
Thoroughly optimizing +I+G parameters from 10 start values...
Init pinv, alpha: 0.000, 0.821 / Estimate: 0.000, 0.592 / LogL: -19803.742
Init pinv, alpha: 0.024, 0.821 / Estimate: 0.062, 0.817 / LogL: -19793.631
Init pinv, alpha: 0.049, 0.821 / Estimate: 0.062, 0.817 / LogL: -19793.637
Init pinv, alpha: 0.073, 0.821 / Estimate: 0.065, 0.824 / LogL: -19793.634
Init pinv, alpha: 0.098, 0.821 / Estimate: 0.065, 0.824 / LogL: -19793.643
Init pinv, alpha: 0.122, 0.821 / Estimate: 0.064, 0.823 / LogL: -19793.630
Init pinv, alpha: 0.146, 0.821 / Estimate: 0.064, 0.824 / LogL: -19793.632
Init pinv, alpha: 0.171, 0.821 / Estimate: 0.064, 0.824 / LogL: -19793.636
Init pinv, alpha: 0.195, 0.821 / Estimate: 0.065, 0.824 / LogL: -19793.640
Init pinv, alpha: 0.219, 0.821 / Estimate: 0.065, 0.825 / LogL: -19793.638
Optimal pinv,alpha: 0.064, 0.823 / LogL: -19793.630

Parameters optimization took 0.651 sec
Wrote distance file to... 
Computing ML distances based on estimated model parameters...
Calculating distance matrix: done in 0.00443101 secs using 99.68% CPU
Computing ML distances took 0.004511 sec (of wall-clock time) 0.004488 sec (of CPU time)
WARNING: Some pairwise ML distances are too long (saturated)
Setting up auxiliary I and S matrices: done in 5.91278e-05 secs using 148.8% CPU
Constructing RapidNJ tree: done in 0.000135899 secs using 169.2% CPU
Computing RapidNJ tree took 0.000251 sec (of wall-clock time) 0.000369 sec (of CPU time)
Log-likelihood of RapidNJ tree: -19801.465
--------------------------------------------------------------------
|             INITIALIZING CANDIDATE TREE SET                      |
--------------------------------------------------------------------
Generating 98 parsimony trees... 0.124 second
Computing log-likelihood of 98 initial trees ... 0.364 seconds
Current best score: -19793.630

Do NNI search on 20 best initial trees
Estimate model parameters (epsilon = 0.100)
BETTER TREE FOUND at iteration 1: -19793.072
Estimate model parameters (epsilon = 0.100)
BETTER TREE FOUND at iteration 2: -19776.653
Iteration 10 / LogL: -19783.762 / Time: 0h:0m:7s
Iteration 20 / LogL: -19784.211 / Time: 0h:0m:8s
Finish initializing candidate tree set (16)
Current best tree score: -19776.653 / CPU time: 2.180
Number of iterations: 20
--------------------------------------------------------------------
|               OPTIMIZING CANDIDATE TREE SET                      |
--------------------------------------------------------------------
Estimate model parameters (epsilon = 0.100)
BETTER TREE FOUND at iteration 22: -19773.461
Iteration 30 / LogL: -19773.463 / Time: 0h:0m:9s (0h:0m:12s left)
Iteration 40 / LogL: -19775.597 / Time: 0h:0m:10s (0h:0m:10s left)
UPDATE BEST LOG-LIKELIHOOD: -19773.460
Iteration 50 / LogL: -19785.820 / Time: 0h:0m:12s (0h:0m:9s left)
Log-likelihood cutoff on original alignment: -19827.691
Iteration 60 / LogL: -19773.627 / Time: 0h:0m:13s (0h:0m:8s left)
Iteration 70 / LogL: -19775.304 / Time: 0h:0m:14s (0h:0m:6s left)
Estimate model parameters (epsilon = 0.100)
BETTER TREE FOUND at iteration 71: -19772.659
Iteration 80 / LogL: -19774.284 / Time: 0h:0m:15s (0h:0m:11s left)
Iteration 90 / LogL: -19790.602 / Time: 0h:0m:17s (0h:0m:10s left)
Iteration 100 / LogL: -19773.611 / Time: 0h:0m:18s (0h:0m:9s left)
Log-likelihood cutoff on original alignment: -19827.691
NOTE: Bootstrap correlation coefficient of split occurrence frequencies: 0.982
NOTE: UFBoot does not converge, continue at least 100 more iterations
Iteration 110 / LogL: -19773.466 / Time: 0h:0m:19s (0h:0m:11s left)
Iteration 120 / LogL: -19772.841 / Time: 0h:0m:20s (0h:0m:10s left)
Iteration 130 / LogL: -19773.458 / Time: 0h:0m:21s (0h:0m:8s left)
Iteration 140 / LogL: -19772.842 / Time: 0h:0m:22s (0h:0m:7s left)
Iteration 150 / LogL: -19773.840 / Time: 0h:0m:24s (0h:0m:6s left)
Log-likelihood cutoff on original alignment: -19827.691
Iteration 160 / LogL: -19772.980 / Time: 0h:0m:25s (0h:0m:4s left)
Iteration 170 / LogL: -19772.659 / Time: 0h:0m:26s (0h:0m:3s left)
Iteration 180 / LogL: -19774.111 / Time: 0h:0m:27s (0h:0m:2s left)
Iteration 190 / LogL: -19772.660 / Time: 0h:0m:28s (0h:0m:1s left)
Iteration 200 / LogL: -19773.203 / Time: 0h:0m:30s (0h:0m:0s left)
Log-likelihood cutoff on original alignment: -19827.691
NOTE: Bootstrap correlation coefficient of split occurrence frequencies: 0.997
TREE SEARCH COMPLETED AFTER 200 ITERATIONS / Time: 0h:0m:30s

--------------------------------------------------------------------
|                    FINALIZING TREE SEARCH                        |
--------------------------------------------------------------------
Performs final model parameters optimization
Estimate model parameters (epsilon = 0.010)
1. Initial log-likelihood: -19772.659
Optimal log-likelihood: -19772.657
Rate parameters:  A-C: 2.01400  A-G: 3.12781  A-T: 1.82107  C-G: 1.69510  C-T: 3.86539  G-T: 1.00000
Base frequencies:  A: 0.245  C: 0.269  G: 0.235  T: 0.251
Proportion of invariable sites: 0.060
Gamma shape alpha: 0.822
Parameters optimization took 1 rounds (0.016 sec)
BEST SCORE FOUND : -19772.657
Creating bootstrap support values...
Split supports printed to NEXUS file results/trees/P_Y/P_Y_ORF2_2.splits.nex
Total tree length: 26.857

Total number of iterations: 200
CPU time used for tree search: 23.595 sec (0h:0m:23s)
Wall-clock time used for tree search: 23.847 sec (0h:0m:23s)
Total CPU time used: 29.975 sec (0h:0m:29s)
Total wall-clock time used: 30.275 sec (0h:0m:30s)

Computing bootstrap consensus tree...
Reading input file results/trees/P_Y/P_Y_ORF2_2.splits.nex...
44 taxa and 286 splits.
Consensus tree written to results/trees/P_Y/P_Y_ORF2_2.contree
Reading input trees file results/trees/P_Y/P_Y_ORF2_2.contree
Log-likelihood of consensus tree: -19773.053

Analysis results written to: 
  IQ-TREE report:                results/trees/P_Y/P_Y_ORF2_2.iqtree
  Maximum-likelihood tree:       results/trees/P_Y/P_Y_ORF2_2.treefile
  Likelihood distances:          results/trees/P_Y/P_Y_ORF2_2.mldist

Ultrafast bootstrap approximation results written to:
  Split support values:          results/trees/P_Y/P_Y_ORF2_2.splits.nex
  Consensus tree:                results/trees/P_Y/P_Y_ORF2_2.contree
  Screen log file:               results/trees/P_Y/P_Y_ORF2_2.log

Date and Time: Sun Aug 16 22:33:58 2026
