IQ-TREE version 3.1.3 for MacOS ARM 64-bit built Jul 26 2026
Developed by Bui Quang Minh, Thomas Wong, Nhan Ly-Trong, Huaiyan Ren
Contributed by Lam-Tung Nguyen, Dominik Schrempf, Chris Bielow,
Olga Chernomor, Michael Woodhams, Diep Thi Hoang, Heiko Schmidt

Host:    MacBook-Air-Bagavetdinova.local (SSE4.2, 16 GB RAM)
Command: iqtree -s results/alignments/R/R_ORF1b2.fasta -st DNA -m MFP -bb 1000 -nt 1 -pre results/trees/R/R_ORF1b2
Seed:    65680 (Using SPRNG - Scalable Parallel Random Number Generator)
Time:    Sun Aug 16 22:33:14 2026
Kernel:  SSE2 - 1 threads (10 CPU cores detected)

HINT: Use -nt option to specify number of threads because your CPU has 10 cores!
HINT: -nt AUTO will automatically determine the best number of threads to use.

Reading alignment file results/alignments/R/R_ORF1b2.fasta ... Fasta format detected
Reading fasta file: done in 0.00245595 secs using 56.56% CPU
Alignment most likely contains DNA/RNA sequences
Constructing alignment: done in 0.00316596 secs using 69.05% CPU
Alignment has 24 sequences with 2847 columns, 2424 distinct patterns
2235 parsimony-informative, 234 singleton sites, 377 constant sites
                                          Gap/Ambiguity  Composition  p-value
Analyzing sequences: done in 0.000136137 secs using 96.23% CPU
   1  OQ986679/NA/GEIG/NA/2021                   10.96%    failed      1.47%
   2  OQ986609/NA/RHFU/NA/2021/reverse           13.28%    passed     30.81%
   3  OQ986608/NA/RHFU/NA/2021                   16.44%    passed     87.51%
   4  OQ986607/NA/GEIG/NA/2021                   16.23%    passed     40.91%
   5  OQ986606/NA/GEIG/NA/2021                   10.85%    failed      0.01%
   6  MW826482/NA/YSN02/bird/2019                10.64%    passed     16.21%
   7  MW385412/NA/NA/Crow/2017                   20.23%    passed     79.58%
   8  MW826371/NA/XZN01/bird/2018                 9.06%    passed     35.28%
   9  MT137994/NA/bsk136ast01/NA/2018            15.38%    passed     72.54%
  10  MT137992/NA/bfb201ast01/NA/2018            10.85%    failed      0.33%
  11  MT137991/NA/bbr144ast1/NA/2018              7.69%    failed      0.21%
  12  MN920672/NA/ytb090ast01/NA/2018            10.85%    failed      1.27%
  13  MN920671/NA/ytb089ast01/NA/2018            10.85%    failed      0.59%
  14  MN920670/NA/ybw202ast01/NA/2018            16.97%    passed     52.94%
  15  MN920669/NA/ybb150ast01/NA/2018             8.01%    passed      7.30%
  16  MN920668/NA/war204ast1/NA/2018             13.49%    failed      0.27%
  17  MN920663/NA/spa143ast1/NA/2018             14.44%    failed      0.53%
  18  MK096775/NA/PasAstV-3/Passeriformes/2016   16.44%    passed     72.54%
  19  MK096774/NA/PasAstV-2/Passeriformes/2016   16.75%    failed      2.15%
  20  KT946720/NA/D11-515-HK/house-crow/NA       12.33%    passed     48.80%
  21  KT946719/NA/D11-467-HK/house-crow/NA       13.07%    passed     15.62%
  22  KT946718/NA/D11-139-HK/house-crow/NA       12.33%    passed     45.87%
  23  MK096773/NA/PasAstV-1/Passeriformes/NA     13.80%    failed      0.13%
  24  MG599918/NA/NA/Hemidactylus-bowringii/NA   12.75%    failed      0.00%
****  TOTAL                                      13.07%  11 sequences failed composition chi2 test (p-value<5%; df=3)
Checking for duplicate sequences: done in 0.000169992 secs using 93.53% CPU

Creating fast initial parsimony tree by random order stepwise addition...
0.002 seconds, parsimony score: 16341 (based on 2469 sites)
Perform fast likelihood tree search using GTR+I+G model...
Estimate model parameters (epsilon = 5.000)
Perform nearest neighbor interchange...
Estimate model parameters (epsilon = 1.000)
1. Initial log-likelihood: -55876.800
Optimal log-likelihood: -55876.030
Rate parameters:  A-C: 2.59674  A-G: 2.94434  A-T: 1.39011  C-G: 1.57043  C-T: 3.84428  G-T: 1.00000
Base frequencies:  A: 0.318  C: 0.215  G: 0.238  T: 0.229
Proportion of invariable sites: 0.088
Gamma shape alpha: 1.100
Parameters optimization took 1 rounds (0.030 sec)
Time for fast ML tree search: 0.385 seconds

NOTE: ModelFinder requires 28 MB RAM!
ModelFinder will test up to 968 DNA models (sample size: 2847 epsilon: 0.100) ...
 No. Model         -LnL         df  AIC          AICc         BIC
Akaike Information Criterion:           GTR+F+I+R3
Corrected Akaike Information Criterion: GTR+F+I+R3
Bayesian Information Criterion:         GTR+F+I+R3
Best-fit model: GTR+F+I+R3 chosen according to BIC

All model information printed to results/trees/R/R_ORF1b2.model.gz
CPU time for ModelFinder: 17.147 seconds (0h:0m:17s)
Wall-clock time for ModelFinder: 17.353 seconds (0h:0m:17s)
Generating 1000 samples for ultrafast bootstrap (seed: 65680)...

NOTE: 14 MB RAM (0 GB) is required!
Estimate model parameters (epsilon = 0.100)
1. Initial log-likelihood: -55811.984
Optimal log-likelihood: -55811.943
Rate parameters:  A-C: 2.36178  A-G: 2.70578  A-T: 1.38037  C-G: 1.47964  C-T: 3.51384  G-T: 1.00000
Base frequencies:  A: 0.318  C: 0.215  G: 0.238  T: 0.229
Proportion of invariable sites: 0.077
Site proportion and rates:  (0.155,0.123) (0.393,0.711) (0.375,1.870)
Parameters optimization took 1 rounds (0.041 sec)
Wrote distance file to... 
Computing ML distances based on estimated model parameters...
Calculating distance matrix: done in 0.0020299 secs using 99.76% CPU
Computing ML distances took 0.002257 sec (of wall-clock time) 0.002241 sec (of CPU time)
Setting up auxiliary I and S matrices: done in 3.40939e-05 secs using 140.8% CPU
Constructing RapidNJ tree: done in 6.41346e-05 secs using 146.6% CPU
Computing RapidNJ tree took 0.000160 sec (of wall-clock time) 0.000195 sec (of CPU time)
Log-likelihood of RapidNJ tree: -55873.793
--------------------------------------------------------------------
|             INITIALIZING CANDIDATE TREE SET                      |
--------------------------------------------------------------------
Generating 98 parsimony trees... 0.091 second
Computing log-likelihood of 98 initial trees ... 0.552 seconds
Current best score: -55811.943

Do NNI search on 20 best initial trees
Estimate model parameters (epsilon = 0.100)
BETTER TREE FOUND at iteration 1: -55811.903
Estimate model parameters (epsilon = 0.100)
BETTER TREE FOUND at iteration 3: -55811.214
Estimate model parameters (epsilon = 0.100)
BETTER TREE FOUND at iteration 8: -55806.293
Iteration 10 / LogL: -55811.270 / Time: 0h:0m:19s
Iteration 20 / LogL: -55812.403 / Time: 0h:0m:21s
Finish initializing candidate tree set (11)
Current best tree score: -55806.293 / CPU time: 3.884
Number of iterations: 20
--------------------------------------------------------------------
|               OPTIMIZING CANDIDATE TREE SET                      |
--------------------------------------------------------------------
Estimate model parameters (epsilon = 0.100)
BETTER TREE FOUND at iteration 26: -55802.768
Iteration 30 / LogL: -55803.021 / Time: 0h:0m:22s (0h:0m:17s left)
Iteration 40 / LogL: -55810.466 / Time: 0h:0m:23s (0h:0m:13s left)
Iteration 50 / LogL: -55802.929 / Time: 0h:0m:24s (0h:0m:11s left)
Log-likelihood cutoff on original alignment: -55840.802
Iteration 60 / LogL: -55818.153 / Time: 0h:0m:25s (0h:0m:9s left)
Iteration 70 / LogL: -55803.772 / Time: 0h:0m:27s (0h:0m:7s left)
Iteration 80 / LogL: -55924.439 / Time: 0h:0m:28s (0h:0m:6s left)
Iteration 90 / LogL: -55805.788 / Time: 0h:0m:29s (0h:0m:5s left)
Iteration 100 / LogL: -55806.579 / Time: 0h:0m:31s (0h:0m:3s left)
Log-likelihood cutoff on original alignment: -55840.802
NOTE: Bootstrap correlation coefficient of split occurrence frequencies: 0.997
Iteration 110 / LogL: -55813.759 / Time: 0h:0m:32s (0h:0m:12s left)
Iteration 120 / LogL: -55805.757 / Time: 0h:0m:33s (0h:0m:10s left)
TREE SEARCH COMPLETED AFTER 127 ITERATIONS / Time: 0h:0m:33s

--------------------------------------------------------------------
|                    FINALIZING TREE SEARCH                        |
--------------------------------------------------------------------
Performs final model parameters optimization
Estimate model parameters (epsilon = 0.010)
1. Initial log-likelihood: -55802.768
2. Current log-likelihood: -55802.748
3. Current log-likelihood: -55802.727
4. Current log-likelihood: -55802.708
5. Current log-likelihood: -55802.693
Optimal log-likelihood: -55802.679
Rate parameters:  A-C: 2.32990  A-G: 2.65953  A-T: 1.34601  C-G: 1.49381  C-T: 3.54040  G-T: 1.00000
Base frequencies:  A: 0.318  C: 0.215  G: 0.238  T: 0.229
Proportion of invariable sites: 0.076
Site proportion and rates:  (0.156,0.118) (0.384,0.693) (0.383,1.866)
Parameters optimization took 5 rounds (0.189 sec)
BEST SCORE FOUND : -55802.679
Creating bootstrap support values...
Split supports printed to NEXUS file results/trees/R/R_ORF1b2.splits.nex
Total tree length: 15.538

Total number of iterations: 127
CPU time used for tree search: 16.247 sec (0h:0m:16s)
Wall-clock time used for tree search: 16.492 sec (0h:0m:16s)
Total CPU time used: 33.718 sec (0h:0m:33s)
Total wall-clock time used: 34.173 sec (0h:0m:34s)

Computing bootstrap consensus tree...
Reading input file results/trees/R/R_ORF1b2.splits.nex...
24 taxa and 151 splits.
Consensus tree written to results/trees/R/R_ORF1b2.contree
Reading input trees file results/trees/R/R_ORF1b2.contree
Log-likelihood of consensus tree: -55809.410

Analysis results written to: 
  IQ-TREE report:                results/trees/R/R_ORF1b2.iqtree
  Maximum-likelihood tree:       results/trees/R/R_ORF1b2.treefile
  Likelihood distances:          results/trees/R/R_ORF1b2.mldist

Ultrafast bootstrap approximation results written to:
  Split support values:          results/trees/R/R_ORF1b2.splits.nex
  Consensus tree:                results/trees/R/R_ORF1b2.contree
  Screen log file:               results/trees/R/R_ORF1b2.log

Date and Time: Sun Aug 16 22:33:48 2026
