IQ-TREE version 3.1.3 for MacOS ARM 64-bit built Jul 26 2026
Developed by Bui Quang Minh, Thomas Wong, Nhan Ly-Trong, Huaiyan Ren
Contributed by Lam-Tung Nguyen, Dominik Schrempf, Chris Bielow,
Olga Chernomor, Michael Woodhams, Diep Thi Hoang, Heiko Schmidt

Host:    MacBook-Air-Bagavetdinova.local (SSE4.2, 16 GB RAM)
Command: iqtree -s results/alignments/G/G_ORF2.fasta -st DNA -m MFP -bb 1000 -nt 1 -pre results/trees/G/G_ORF2
Seed:    11970 (Using SPRNG - Scalable Parallel Random Number Generator)
Time:    Sun Aug 16 22:34:40 2026
Kernel:  SSE2 - 1 threads (10 CPU cores detected)

HINT: Use -nt option to specify number of threads because your CPU has 10 cores!
HINT: -nt AUTO will automatically determine the best number of threads to use.

Reading alignment file results/alignments/G/G_ORF2.fasta ... Fasta format detected
Reading fasta file: done in 0.000295877 secs using 91.93% CPU
Alignment most likely contains DNA/RNA sequences
Constructing alignment: done in 0.0017941 secs using 64.38% CPU
Alignment has 9 sequences with 2767 columns, 2183 distinct patterns
1721 parsimony-informative, 585 singleton sites, 460 constant sites
                                                           Gap/Ambiguity  Composition  p-value
Analyzing sequences: done in 4.22001e-05 secs using 94.79% CPU
   1  PP623814/NA/MP22-196/Mareca-falcata/2022                    28.30%    failed      0.00%
   2  PP711188/NA/Hplan-A-304122/Heteronotia-planiceps/2017       19.52%    passed     12.42%
   3  PP352010/NA/Hunan-CHN-2022/Pelophylax-nigromaculatus/2022   26.02%    failed      0.74%
   4  MZ375139/NA/3PE-RDRP-2/Phrynocephalus-erythrurus/2020       18.65%    passed     26.84%
   5  MG661261/NA/NA/NA/2015                                      15.61%    passed     12.61%
   6  MG599918/NA/NA/Hemidactylus-bowringii/NA                    18.54%    passed     39.32%
   7  MG599917/NA/NA/Gekko-similignum/NA                          15.94%    failed      2.07%
   8  MG599910/NA/NA/Duttaphrynus-melanostictus/NA                15.61%    failed      2.11%
   9  OQ986679/NA/GEIG/NA/2021                                    12.79%    failed      1.21%
****  TOTAL                                                       19.00%  5 sequences failed composition chi2 test (p-value<5%; df=3)
Checking for duplicate sequences: done in 4.50611e-05 secs using 93.21% CPU

Creating fast initial parsimony tree by random order stepwise addition...
0.001 seconds, parsimony score: 6543 (based on 2306 sites)
Perform fast likelihood tree search using GTR+I+G model...
Estimate model parameters (epsilon = 5.000)
Perform nearest neighbor interchange...
Estimate model parameters (epsilon = 1.000)
1. Initial log-likelihood: -23583.898
2. Current log-likelihood: -23582.169
3. Current log-likelihood: -23580.979
Optimal log-likelihood: -23580.062
Rate parameters:  A-C: 3.04535  A-G: 3.06965  A-T: 1.86136  C-G: 1.73679  C-T: 2.72626  G-T: 1.00000
Base frequencies:  A: 0.288  C: 0.203  G: 0.241  T: 0.268
Proportion of invariable sites: 0.039
Gamma shape alpha: 2.079
Parameters optimization took 3 rounds (0.052 sec)
Time for fast ML tree search: 0.147 seconds

NOTE: ModelFinder requires 14 MB RAM!
ModelFinder will test up to 968 DNA models (sample size: 2767 epsilon: 0.100) ...
 No. Model         -LnL         df  AIC          AICc         BIC
Akaike Information Criterion:           GTR+F+I+G4
Corrected Akaike Information Criterion: GTR+F+I+G4
Bayesian Information Criterion:         TVM+F+I+G4
Best-fit model: TVM+F+I+G4 chosen according to BIC

All model information printed to results/trees/G/G_ORF2.model.gz
CPU time for ModelFinder: 2.744 seconds (0h:0m:2s)
Wall-clock time for ModelFinder: 2.759 seconds (0h:0m:2s)
Generating 1000 samples for ultrafast bootstrap (seed: 11970)...

NOTE: 10 MB RAM (0 GB) is required!
Estimate model parameters (epsilon = 0.100)
Thoroughly optimizing +I+G parameters from 10 start values...
Init pinv, alpha: 0.000, 2.386 / Estimate: 0.000, 1.456 / LogL: -23595.893
Init pinv, alpha: 0.019, 2.386 / Estimate: 0.037, 2.168 / LogL: -23580.646
Init pinv, alpha: 0.037, 2.386 / Estimate: 0.039, 2.349 / LogL: -23580.521
Init pinv, alpha: 0.056, 2.386 / Estimate: 0.042, 2.466 / LogL: -23580.603
Init pinv, alpha: 0.074, 2.386 / Estimate: 0.042, 2.458 / LogL: -23580.580
Init pinv, alpha: 0.093, 2.386 / Estimate: 0.042, 2.482 / LogL: -23580.614
Init pinv, alpha: 0.111, 2.386 / Estimate: 0.041, 2.460 / LogL: -23580.582
Init pinv, alpha: 0.130, 2.386 / Estimate: 0.042, 2.472 / LogL: -23580.598
Init pinv, alpha: 0.148, 2.386 / Estimate: 0.042, 2.476 / LogL: -23580.602
Init pinv, alpha: 0.167, 2.386 / Estimate: 0.042, 2.482 / LogL: -23580.613
Optimal pinv,alpha: 0.039, 2.349 / LogL: -23580.521

Parameters optimization took 0.819 sec
Wrote distance file to... 
Computing ML distances based on estimated model parameters...
Calculating distance matrix: done in 0.000296116 secs using 98.95% CPU
Computing ML distances took 0.000389 sec (of wall-clock time) 0.000376 sec (of CPU time)
Setting up auxiliary I and S matrices: done in 1.50204e-05 secs using 73.23% CPU
Constructing RapidNJ tree: done in 1.5974e-05 secs using 131.5% CPU
Computing RapidNJ tree took 0.000057 sec (of wall-clock time) 0.000056 sec (of CPU time)
Log-likelihood of RapidNJ tree: -23582.248
--------------------------------------------------------------------
|             INITIALIZING CANDIDATE TREE SET                      |
--------------------------------------------------------------------
Generating 98 parsimony trees... 0.045 second
Computing log-likelihood of 83 initial trees ... 0.178 seconds
Current best score: -23580.521

Do NNI search on 20 best initial trees
Estimate model parameters (epsilon = 0.100)
BETTER TREE FOUND at iteration 1: -23580.508
Estimate model parameters (epsilon = 0.100)
BETTER TREE FOUND at iteration 2: -23579.376
Iteration 10 / LogL: -23579.709 / Time: 0h:0m:4s
Iteration 20 / LogL: -23579.740 / Time: 0h:0m:4s
Finish initializing candidate tree set (2)
Current best tree score: -23579.376 / CPU time: 1.018
Number of iterations: 20
--------------------------------------------------------------------
|               OPTIMIZING CANDIDATE TREE SET                      |
--------------------------------------------------------------------
Iteration 30 / LogL: -23580.577 / Time: 0h:0m:4s (0h:0m:5s left)
Iteration 40 / LogL: -23580.871 / Time: 0h:0m:5s (0h:0m:4s left)
UPDATE BEST LOG-LIKELIHOOD: -23579.375
Iteration 50 / LogL: -23579.730 / Time: 0h:0m:5s (0h:0m:3s left)
Log-likelihood cutoff on original alignment: -23602.065
UPDATE BEST LOG-LIKELIHOOD: -23579.375
Iteration 60 / LogL: -23581.043 / Time: 0h:0m:6s (0h:0m:2s left)
Iteration 70 / LogL: -23579.874 / Time: 0h:0m:6s (0h:0m:1s left)
Iteration 80 / LogL: -23579.506 / Time: 0h:0m:6s (0h:0m:1s left)
Iteration 90 / LogL: -23579.411 / Time: 0h:0m:7s (0h:0m:0s left)
UPDATE BEST LOG-LIKELIHOOD: -23579.375
UPDATE BEST LOG-LIKELIHOOD: -23579.375
Iteration 100 / LogL: -23581.014 / Time: 0h:0m:7s (0h:0m:0s left)
Log-likelihood cutoff on original alignment: -23602.864
NOTE: Bootstrap correlation coefficient of split occurrence frequencies: 1.000
UPDATE BEST LOG-LIKELIHOOD: -23579.375
TREE SEARCH COMPLETED AFTER 103 ITERATIONS / Time: 0h:0m:7s

--------------------------------------------------------------------
|                    FINALIZING TREE SEARCH                        |
--------------------------------------------------------------------
Performs final model parameters optimization
Estimate model parameters (epsilon = 0.010)
1. Initial log-likelihood: -23579.375
Optimal log-likelihood: -23579.365
Rate parameters:  A-C: 2.71771  A-G: 2.68378  A-T: 1.69414  C-G: 1.60310  C-T: 2.68378  G-T: 1.00000
Base frequencies:  A: 0.288  C: 0.203  G: 0.241  T: 0.268
Proportion of invariable sites: 0.039
Gamma shape alpha: 2.292
Parameters optimization took 1 rounds (0.009 sec)
BEST SCORE FOUND : -23579.365
Creating bootstrap support values...
Split supports printed to NEXUS file results/trees/G/G_ORF2.splits.nex
Total tree length: 7.278

Total number of iterations: 103
CPU time used for tree search: 3.976 sec (0h:0m:3s)
Wall-clock time used for tree search: 3.981 sec (0h:0m:3s)
Total CPU time used: 7.599 sec (0h:0m:7s)
Total wall-clock time used: 7.623 sec (0h:0m:7s)

Computing bootstrap consensus tree...
Reading input file results/trees/G/G_ORF2.splits.nex...
9 taxa and 38 splits.
Consensus tree written to results/trees/G/G_ORF2.contree
Reading input trees file results/trees/G/G_ORF2.contree
Log-likelihood of consensus tree: -23579.365

Analysis results written to: 
  IQ-TREE report:                results/trees/G/G_ORF2.iqtree
  Maximum-likelihood tree:       results/trees/G/G_ORF2.treefile
  Likelihood distances:          results/trees/G/G_ORF2.mldist

Ultrafast bootstrap approximation results written to:
  Split support values:          results/trees/G/G_ORF2.splits.nex
  Consensus tree:                results/trees/G/G_ORF2.contree
  Screen log file:               results/trees/G/G_ORF2.log

Date and Time: Sun Aug 16 22:34:47 2026
