IQ-TREE version 3.0.1 for MacOS ARM 64-bit built Jul  9 2025
Developed by Bui Quang Minh, Thomas Wong, Nhan Ly-Trong, Huaiyan Ren
Contributed by Lam-Tung Nguyen, Dominik Schrempf, Chris Bielow,
Olga Chernomor, Michael Woodhams, Diep Thi Hoang, Heiko Schmidt

Host:    MacBook-Air-Bagavetdinova.local (SSE4.2, 16 GB RAM)
Command: iqtree -s Astroviridae_1B_filtered_aa_83_rdrp_align.fasta -st AA -m MFP -bb 1000 -nt AUTO
Seed:    443887 (Using SPRNG - Scalable Parallel Random Number Generator)
Time:    Sat Jan 17 23:12:33 2026
Kernel:  SSE2 - auto-detect threads (10 CPU cores detected)

Reading alignment file Astroviridae_1B_filtered_aa_83_rdrp_align.fasta ... Fasta format detected
Reading fasta file: done in 0.0322931 secs using 92.41% CPU
Alignment most likely contains protein sequences
Constructing alignment: done in 0.0117741 secs using 81.49% CPU
Alignment has 336 sequences with 6839 columns, 3393 distinct patterns
1088 parsimony-informative, 1613 singleton sites, 4138 constant sites
WARNING: Some sequence names are changed as follows:
JN420356_NA_1234_Zalophus-californianus-(California-sea-lion)_2010 -> JN420356_NA_1234_Zalophus-californianus-_California-sea-lion__2010
JN420351_NA_1136_Zalophus-californianus-(California-sea-lion)_2010 -> JN420351_NA_1136_Zalophus-californianus-_California-sea-lion__2010
LC849253_NA_AstV-Raccoon-dog-Kodo2023-51-2023-JPN_Nyctereutes-procyonoides(racoon-dog)_2023 -> LC849253_NA_AstV-Raccoon-dog-Kodo2023-51-2023-JPN_Nyctereutes-procyonoides_racoon-dog__2023
MT993595_NA_MW09-1o_Arenaria-interpres-(ruddy-turnstone)_2015 -> MT993595_NA_MW09-1o_Arenaria-interpres-_ruddy-turnstone__2015
JN420359_NA_9822_Zalophus-californianus-(California-sea-lion)_2010 -> JN420359_NA_9822_Zalophus-californianus-_California-sea-lion__2010
PQ220257_NA_ASTV-1_Anser-indicus-(Bar-headed-goose)_2020 -> PQ220257_NA_ASTV-1_Anser-indicus-_Bar-headed-goose__2020
MT993583_NA_MW06-2o_Arenaria-interpres-(ruddy-turnstone)_2014 -> MT993583_NA_MW06-2o_Arenaria-interpres-_ruddy-turnstone__2014
MT993596_NA_MW10-1o_Arenaria-interpres-(ruddy-turnstone)_2015 -> MT993596_NA_MW10-1o_Arenaria-interpres-_ruddy-turnstone__2015
KP663426_NA_NA_Coracias-garrulus-(European-roller)_2011 -> KP663426_NA_NA_Coracias-garrulus-_European-roller__2011
FJ890355_NA_NA_Tursiops-truncatus-(Bottlenose-dolphin)_2007 -> FJ890355_NA_NA_Tursiops-truncatus-_Bottlenose-dolphin__2007

                                                                                             Gap/Ambiguity  Composition  p-value
Analyzing sequences: done in 0.000435114 secs using 575.5% CPU
   1  PQ055527_NA_QJ3TS1993_Procambarus-clarkii_2021                                                69.45%    failed      0.00%
   2  PP172690_NA_KCAP1-k141-334640_NA_2022                                                         78.90%    failed      0.00%
   3  MN034082_NA_H2-Bulk-35-scaffold-28_NA_NA                                                      81.23%    failed      0.00%
   4  PP172252_NA_CN1B-k141-41417_NA_2021_reverse                                                   82.41%    failed      0.00%
   5  MG599898_NA_NA_Cynoglossus-sp-_NA                                                             83.95%    failed      0.00%
   6  OR270059_NA_MAR-S_Retropinna-retropinna_2021                                                  85.95%    failed      0.00%
   7  OP556335_NA_16-219p_Dicentrarchus-labrax_2016                                                 85.99%    failed      0.00%
   8  MG599883_NA_NA_Cephalopholis-spiloparaea_NA                                                   86.11%    failed      0.00%
   9  PP173905_NA_SP1A-k141-108659_NA_2021_reverse                                                  86.30%    failed      0.00%
  10  ON982163_NA_SD-19_Hippocampus-erectus_2019                                                    86.90%    failed      0.00%
  11  OR350291_NA_F32_Limnochromis-auritus_2017                                                     88.11%    failed      0.00%
  12  OR350289_NA_F31_Benthochromis-horii_2016                                                      88.73%    failed      0.00%
  13  OR350285_NA_F29_Xenotilapia-nasus_2016                                                        88.73%    failed      0.00%
  14  OM954081_NA_CMU2-DN76774-c0-g2-i1_NA_2019                                                     88.19%    failed      0.00%
  15  MG599882_NA_NA_Banjos-banjos_NA                                                               88.32%    failed      0.00%
  16  OL871128_NA_CB-FW-05-Hayes-RdRp_Gobiomorphus-cotidianus_NA                                    88.83%    failed      0.07%
  17  MZ375141_NA_5PT-RDRP-1_Phrynocephalus-theobaldi_2020                                          90.00%    failed      0.21%
  18  MZ375148_NA_6PT-RDRP-2_Phrynocephalus-theobaldi_2020                                          90.76%    failed      0.10%
  19  MZ375143_NA_5PT-RDRP-3_Phrynocephalus-theobaldi_2020                                          90.06%    failed      0.00%
  20  MG599886_NA_NA_Lethenteron-camtschaticum_NA                                                   90.13%    failed      1.77%
  21  MW645024_NA_NA_Melanotaenia-fluviatilis_2020                                                  90.32%    failed      0.49%
  22  MG599915_NA_NA_Cynops-orientalis_NA                                                           90.32%    failed      2.73%
  23  MG599907_NA_NA_Teratoscincus-roborowskii_NA                                                   90.32%    failed      0.00%
  24  OR350281_NA_F26_Enantiopus-melanogenys_2017                                                   90.35%    failed      2.70%
  25  OR350280_NA_F25_Xenotilapia-boulengeri_2014                                                   90.63%    failed      0.23%
  26  MG599933_NA_NA_Calotes-versicolor_NA                                                          90.38%    failed      0.00%
  27  PQ055528_NA_QJ3TS2970_Procambarus-clarkii_2021                                                90.47%    failed      0.00%
  28  MG599920_NA_NA_Tropidophorus-sinicus_NA                                                       90.50%    failed      0.01%
  29  MG599905_NA_NA_NA_NA                                                                          90.79%    failed      0.30%
  30  MZ291970_NA_G20-108_environment_2019                                                          91.23%    failed      0.41%
  31  MG599932_NA_NA_Polypedates-megacephalus_NA                                                    91.26%    failed      0.15%
  32  MG599904_NA_NA_Myrrophis-chinensis_NA                                                         91.29%    failed      0.05%
  33  MZ375140_NA_4PT-RDRP-1_Phrynocephalus-theobaldi_2020                                          91.34%    failed      0.00%
  34  PQ055529_NA_QJ3MS35_Procambarus-clarkii_2021                                                  91.36%    failed      0.00%
  35  MN920669_NA_ybb150ast01_NA_2018                                                               91.56%    failed      0.00%
  36  MN920668_NA_war204ast1_NA_2018                                                                93.33%    failed      1.23%
  37  OM953843_NA_CMF1-DN41679-c0-g1-i1_NA_2019                                                     91.80%    failed      0.02%
  38  PP272790_NA_DN66980_Oligosoma-aeneum_2021                                                     91.62%    failed      0.10%
  39  OQ802749_NA_WZ-Pi-abramus-astro-3_Pipistrellus-abramus_2016                                   91.68%    failed      0.00%
  40  PV979747_NA_K8f-52-Astrovirus-shrew-240620_Su--murinus_2024                                   91.71%    failed      2.00%
  41  PQ421846_NA_LQ4-XSQ_Crocidura-suaveolens_2019_reverse                                         93.36%    failed      3.45%
  42  MG599911_NA_NA_Hyla-simplex_NA                                                                91.74%    passed     31.21%
  43  PP171789_NA_CC1A-k141-26573_NA_2021                                                           91.75%    failed      1.84%
  44  PQ055533_NA_QJ5MG2088_Procambarus-clarkii_2021                                                91.75%    failed      0.47%
  45  MN920663_NA_spa143ast1_NA_2018                                                                91.75%    failed      0.00%
  46  OQ986722_NA_ARAN_Araneae_2021                                                                 91.77%    failed      0.00%
  47  OQ802743_NA_WZ-Hy-pulveratus-astro-1_Hypsugo-pulveratus_2016                                  91.78%    failed      4.73%
  48  OM954094_NA_CMP2-DN37632-c0-g1-i1_NA_2019                                                     91.84%    failed      0.21%
  49  PP174197_NA_SP2C-k141-157132_NA_2021_reverse                                                  91.86%    failed      0.00%
  50  JX857868_NA_VA3-human-Vellore-28054-2005_Homo-sapiens_2005                                    91.91%    failed      0.44%
  51  MZ603076_NA_HAstV-VA2-RVAB_NA_2010                                                            92.69%    failed      0.44%
  52  GQ267696_NA_SZ908_Homo-sapiens_2008                                                           92.35%    failed      0.02%
  53  JX857869_NA_VA4-human-Nepal-S5363-2008_Homo-sapiens_2008                                      92.31%    failed      2.93%
  54  MG599923_NA_NA_Plagiopsetta-sp-_NA                                                            91.99%    passed      5.71%
  55  MG599894_NA_NA_Macroramphosus-scolopax_NA                                                     92.46%    failed      0.01%
  56  FJ571067_NA_LD71_Taphozous-melanopogon_2007                                                   92.02%    failed      0.87%
  57  MG599936_NA_NA_Hemitriakis-japanica_NA                                                        92.02%    failed      0.34%
  58  MT137995_NA_bun145astnc1_NA_2018                                                              92.03%    failed      0.01%
  59  PV470470_NA_MP12-k141-82519_Botrylloides-leachii_2021                                         92.06%    failed      0.00%
  60  PQ055526_NA_QJ5DG2895_Procambarus-clarkii_2021                                                92.06%    failed      0.00%
  61  PP172253_NA_CN1B-k141-41676_NA_2021_reverse                                                   92.07%    failed      0.00%
  62  OM140654_NA_NA_Marmota-caudata_2016                                                           92.10%    passed      7.01%
  63  PP174201_NA_SP2C-k141-173245_NA_2021_reverse                                                  92.09%    failed      0.10%
  64  OQ802736_NA_LQ-Rh-pearsonii-astro-2_Rhinolophus-pearsonii_2016                                92.16%    failed      1.28%
  65  OR951063_NA_GX2017-243-49312_Taphozous-melanopogon_2017                                       92.81%    failed      0.45%
  66  OR951014_NA_YN2020-057-2262_Rhinolophus-affinis_2020                                          92.32%    passed      6.00%
  67  OR951010_NA_GX2018_Scotophilus-kuhlii_2018                                                    92.41%    failed      0.56%
  68  PP711863_NA_18A-Kenya-BAT0736-2015_Miniopterus-sp--clade-10-TD-2020_2015                      92.51%    failed      0.04%
  69  FJ571068_NA_LS11_Hipposideros-armiger_2007                                                    92.13%    passed      9.29%
  70  OR951096_NA_JX2021_Rhinolophus-affinis_2021                                                   93.35%    passed      5.55%
  71  OR951095_NA_JX2021_Rhinolophus-affinis_2021                                                   93.33%    passed     23.36%
  72  OR951060_NA_GX2016_Taphozous-melanopogon_2016                                                 92.72%    failed      0.97%
  73  OR951034_NA_GD2017-191-26815_Hipposideros-larvatus_2017                                       92.26%    failed      1.89%
  74  FJ571065_NA_LD38_Taphozous-melanopogon_2007                                                   92.37%    failed      1.94%
  75  OQ236124_NA_AstV-CQ-L76-18d-2021_Hipposideros-armiger_2021                                    92.44%    passed     12.54%
  76  OQ236123_NA_AstV-CQ-L76-18c-2021_Hipposideros-armiger_2021                                    92.40%    passed     11.70%
  77  OQ236121_NA_AstV-CQ-L76-18a-2021_Hipposideros-armiger_2021                                    92.48%    passed     10.10%
  78  MZ779126_NA_NA_Myodes_2021                                                                    92.13%    passed     20.15%
  79  PX095750_NA_SQ-N-fuscus-Mav_Neodon-fuscus_2023                                                92.88%    passed     38.62%
  80  PQ678015_NA_DHMS-YNSC01_Rattus-tanezumi_2021                                                  93.39%    passed     14.05%
  81  OQ802712_NA_JM-Rh-sinicus-astro-2_Rhinolophus-sinicus_2016                                    92.13%    passed      5.17%
  82  OR951015_NA_YN2020-057-2377_Rhinolophus-affinis_2020                                          92.48%    passed      7.94%
  83  PQ055535_NA_QJ3DS5660_Procambarus-clarkii_2021                                                92.15%    failed      1.11%
  84  OR613299_NA_HLNN15-1_Hipposideros-larvatus_2015                                               92.16%    failed      1.96%
  85  PV793831_NA_AstroviridaeGoosefe93_Anser-sp-_2024                                              92.16%    failed      0.02%
  86  JN420356_NA_1234_Zalophus-californianus-_California-sea-lion__2010                            92.18%    failed      0.11%
  87  PQ055537_NA_QJ3TG2618_Procambarus-clarkii_2021                                                92.21%    failed      0.00%
  88  OQ802704_NA_JM-My-chinensis-astro-1_Myotis-chinensis_2016                                     92.24%    failed      1.54%
  89  PP711856_NA_13A-Kenya-BAT1552-2015_Mops-condylurus_2015                                       93.36%    failed      1.71%
  90  OQ236134_NA_AstV-GZ-L162-18b-2022_Myotis-ricketti_2022                                        93.55%    passed     15.17%
  91  MW249010_NA_DesRot-Peru-AYA14-F-DrAstV_Desmodus-rotundus_2016                                 92.79%    passed     14.22%
  92  MT734809_NA_BAstV-RB_bat_2020                                                                 92.79%    failed      2.48%
  93  OM953847_NA_CMF1-DN41866-c1-g1-i1_NA_2019                                                     92.22%    failed      0.44%
  94  OQ986606_NA_GEIG_NA_2021                                                                      92.22%    failed      0.00%
  95  OQ986679_NA_GEIG_NA_2021                                                                      93.23%    failed      2.53%
  96  MG599913_NA_NA_Pachytriton-brevipes_NA                                                        92.26%    failed      1.49%
  97  JN420351_NA_1136_Zalophus-californianus-_California-sea-lion__2010                            92.25%    failed      0.12%
  98  LC849253_NA_AstV-Raccoon-dog-Kodo2023-51-2023-JPN_Nyctereutes-procyonoides_racoon-dog__2023   92.56%    passed     12.17%
  99  OQ198041_NA_AstroviridaeDogfe351C1full_canine_2020                                            92.53%    passed      9.40%
 100  MG599909_NA_NA_Microhyla-pulchra_NA                                                           92.26%    passed      6.70%
 101  OQ986677_NA_GEIG_NA_2021                                                                      92.26%    failed      3.06%
 102  OP589980_NA_EBW-Sk-4_Miniopterus-orianae-oceanensis_2013                                      92.26%    failed      0.12%
 103  OP589985_NA_EBW-Sk-9_Miniopterus-orianae-oceanensis_2013                                      92.26%    failed      0.02%
 104  PP700500_NA_F32_Eviota-sp-_2022                                                               92.28%    failed      1.21%
 105  OQ802710_NA_JM-My-chinensis-astro-6_Myotis-chinensis_2016                                     92.28%    failed      0.11%
 106  OM953846_NA_CMF2-DN30973-c0-g1-i4_NA_2019                                                     92.29%    failed      0.10%
 107  MG599889_NA_NA_Scoliodon-macrorhynchos_NA                                                     92.29%    failed      3.48%
 108  AF206663_NA_NA_NA_NA                                                                          92.29%    failed      2.00%
 109  KF753807_NA_NA_NA_2012                                                                        92.47%    failed      0.63%
 110  OR951098_NA_JX2021-368-226027_Rhinolophus-sinicus_2021                                        92.31%    failed      0.30%
 111  OR951097_NA_JX2021-367-194485_Rhinolophus-sinicus_2021                                        92.32%    failed      4.23%
 112  OR951072_NA_GD2016-278-110098_Myotis-chinensis_2016                                           92.88%    failed      2.24%
 113  OR951020_NA_GD2020_Rhinolophus-affinis_2020                                                   93.48%    passed     14.48%
 114  OR951013_NA_YN2020-057-1262_Rhinolophus-affinis_2020                                          92.57%    failed      4.15%
 115  OR552421_NA_seven_Nyctalus-noctula_2023                                                       92.60%    failed      0.27%
 116  OQ236139_NA_AstV-GD-L95-21-2022_Rhinolophus-sinicus_2022                                      92.34%    failed      4.21%
 117  OR951081_NA_Pool-312_Hipposideros-sp-_2020                                                    92.57%    passed     20.05%
 118  OQ236114_NA_AstV-GD-L93-21-2022_Rhinolophus-pusillus_2022                                     92.53%    failed      1.04%
 119  OP963603_NA_NA_Rhinolophus-pusillus_2018                                                      92.43%    failed      4.01%
 120  OR951087_NA_YN2020-321-29515_Miniopterus-schreibersii_2020                                    92.31%    failed      0.74%
 121  OR951086_NA_YN2020-321-25819_Miniopterus-schreibersii_2020                                    92.32%    failed      0.41%
 122  EU847149_NA_WCF4_Miniopterus-pusillus_2004                                                    92.46%    failed      0.46%
 123  OR951059_NA_GD2016-230-3862_Miniopterus-pusillus_2016                                         92.32%    passed      5.28%
 124  PP711873_NA_3A-Kenya-BAT0736-2015_Miniopterus-sp--clade-10-TD-2020_2015                       92.54%    failed      0.04%
 125  OP589978_NA_EBW-Sk-2_Miniopterus-orianae-oceanensis_2013                                      92.34%    failed      0.54%
 126  OP589977_NA_EBW-Sk-1_Miniopterus-orianae-oceanensis_2013                                      92.34%    failed      0.09%
 127  MW450837_NA_BF2-astro-YN-CHN-2020_Miniopterus-schreibersii_2020                               92.54%    failed      0.52%
 128  MZ218053_NA_BtAstV-21164-6-A-M-dau-DK-2015_Myotis-daubentonii_2015                            92.37%    passed      7.28%
 129  EU847155_NA_AFCD337_Miniopterus-pusillus_2006                                                 92.35%    failed      2.15%
 130  EU847154_NA_WCF214_Miniopterus-pusillus_2005                                                  92.50%    failed      2.55%
 131  EU847153_NA_AFCD68_Miniopterus-magnater_2005                                                  92.50%    failed      0.29%
 132  EU847151_NA_AFCD77_Miniopterus-magnater_2005                                                  92.48%    failed      0.04%
 133  EU847150_NA_AFCD82_Miniopterus-magnater_2005                                                  92.48%    failed      4.32%
 134  EU847148_NA_WCF90_Miniopterus-magnater_2004                                                   92.50%    failed      0.40%
 135  EU847147_NA_WCF98_Miniopterus-magnater_2004                                                   92.51%    failed      0.37%
 136  ON893139_NA_SYMN012_Miniopterus-natalensis_NA                                                 92.51%    failed      0.15%
 137  MK096773_NA_PasAstV-1_Passeriformes_NA                                                        92.32%    failed      1.21%
 138  MK987100_NA_BoAstV-VC34-346_Bos-taurus_2016                                                   92.34%    failed      0.29%
 139  OR951080_NA_HB2020-306-19370_Rhinolophus-sinicus_2020                                         92.34%    failed      1.84%
 140  Y15937_NA_NA_sheep_NA                                                                         92.35%    failed      0.69%
 141  PX095800_NA_DL-P-nayaur-Mav-1_Pseudois-nayaur_2023                                            92.69%    passed      5.35%
 142  OK107514_NA_NA_goat_2021                                                                      92.38%    failed      0.50%
 143  LT706531_NA_UK-2013-ewe-lib01454_NA_NA                                                        92.38%    failed      1.37%
 144  OR951052_NA_GX2017_fish_2020                                                                  92.35%    failed      3.93%
 145  OR951079_NA_HB2020-303-11589_Rhinolophus-ferrumequinum_2020                                   92.35%    passed     13.19%
 146  OQ236128_NA_AstV-SC-L74-18c-2021_Hipposideros-armiger_2021                                    92.35%    failed      3.76%
 147  OR613294_NA_MSCZC1516-7_Miniopterus-schreibersii_2015                                         92.35%    failed      1.19%
 148  OR951021_NA_GX2019-145-83144_Tylonycteris-pachypus_2019                                       92.43%    failed      0.01%
 149  PP711874_NA_4A-Kenya-BAT3003-2015_Miniopterus-sp--B76_2015                                    92.70%    passed     13.20%
 150  OR613303_NA_MSJDC22-12649_Miniopterus-schreibersii_2022                                       92.37%    failed      0.48%
 151  OR613301_NA_MSCZC1516-7_Miniopterus-schreibersii_2015                                         93.64%    passed     17.74%
 152  OQ802750_NA_WZ-My-laniger-astro-2_Myotis-laniger_2016                                         92.47%    passed      5.04%
 153  OQ802733_NA_JM-Cr-shantungensis-astro-1_Crocidura-shantungensis_2016                          92.37%    failed      0.01%
 154  PQ421850_NA_QJ1-CWDS_Crocidura-dracula_2017                                                   92.66%    failed      1.66%
 155  KY933399_NA_U460_pig_2012                                                                     92.37%    passed      9.79%
 156  PV418557_NA_CaAstV-Dog-AUS-perth-6-2022_Canis-lupus-familiaris_2022                           92.37%    failed      4.60%
 157  MW037839_NA_NA_Felis-catus_2018                                                               92.41%    failed      0.10%
 158  KT946718_NA_D11-139-HK_house-crow_NA                                                          92.38%    failed      0.32%
 159  OQ986608_NA_RHFU_NA_2021                                                                      93.22%    failed      1.18%
 160  OR711901_NA_YNKm72022_Rattus-norvegicus_2022                                                  92.38%    failed      1.25%
 161  MN035758_NA_H1-Rhizo-26-FD-scaffold-114_NA_NA                                                 92.38%    passed     39.44%
 162  MT993595_NA_MW09-1o_Arenaria-interpres-_ruddy-turnstone__2015                                 92.38%    failed      0.94%
 163  OR951026_NA_GX2017-185-6114_Scotophilus-kuhlii_2017                                           92.40%    passed     11.14%
 164  FJ571066_NA_LD77_Taphozous-melanopogon_2007                                                   93.14%    passed      5.82%
 165  OQ693700_NA_DAstV-1_donkey_NA                                                                 92.40%    passed      7.42%
 166  MG599930_NA_NA_Minous-monodactylus_NA                                                         92.41%    failed      0.24%
 167  MT832894_NA_TO-162_Homo-sapiens_2011                                                          92.41%    passed      8.77%
 168  JN420359_NA_9822_Zalophus-californianus-_California-sea-lion__2010                            92.47%    passed      6.52%
 169  MW588062_NA_NA_NA_NA                                                                          92.41%    failed      0.93%
 170  PV093029_NA_NA_Neogale-vison_2023                                                             92.41%    failed      0.29%
 171  MH712856_NA_NA_duck_2012                                                                      92.46%    failed      0.04%
 172  PQ055536_NA_QJ5DG1896_Procambarus-clarkii_2021                                                92.41%    failed      0.00%
 173  OQ236125_NA_AstV-CQ-L76-18e-2021_Hipposideros-armiger_2021                                    92.43%    failed      2.29%
 174  PP173619_NA_MP3-k141-278491_NA_2022_reverse                                                   92.43%    failed      1.00%
 175  JF832365_NA_4175_Gallus-gallus_2006                                                           92.44%    failed      0.08%
 176  PP173376_NA_KCAP3-k141-88145_NA_2022_reverse                                                  92.44%    failed      0.00%
 177  MN832787_NA_BtAstV-13585-58-M-dau-DK-2014_Myotis-daubentonii_2014                             92.46%    passed      6.67%
 178  OR951045_NA_GD2017-207-27658_Myotis-pilosus_2017                                              92.47%    failed      2.27%
 179  MG599922_NA_NA_Gonorynchus-abbreviatus_NA                                                     92.46%    failed      0.32%
 180  MW505490_NA_NA_goose_2019                                                                     92.46%    failed      0.60%
 181  PV793828_NA_AstroviridaeGoosefe87_Anser-sp-_2024                                              92.46%    failed      1.16%
 182  OR924090_NA_NA_Goose_2021                                                                     92.48%    failed      0.12%
 183  OR907127_NA_NA_Goose_2023                                                                     92.46%    failed      0.03%
 184  PP763758_NA_AAstV-Goose-CHN-2023-C102_goose_2023                                              92.46%    failed      0.01%
 185  PV793827_NA_AstroviridaeCranefe81_Leucogeranus-leucogeranus_2024                              92.47%    failed      0.71%
 186  MW588064_NA_NA_NA_NA                                                                          93.27%    failed      0.27%
 187  PV093021_NA_NA_Neogale-vison_2023                                                             92.48%    failed      4.44%
 188  MG599928_NA_NA_Parapercis-lutevittata_NA                                                      92.48%    failed      0.65%
 189  MG599884_NA_NA_NA_NA                                                                          93.07%    failed      0.00%
 190  MG599901_NA_NA_Lepidotrigla-sp-_NA                                                            92.51%    failed      1.17%
 191  PV247174_NA_LUVAS-2023-PAstV-21_pig_2023                                                      92.48%    failed      0.66%
 192  PQ435248_NA_FeAstV-THA-CU34912-2023_Felis-catus_2023                                          92.48%    passed     14.28%
 193  PP871881_NA_astro-vt-163_Sus-scrofa-domesticus_2014                                           92.84%    failed      1.00%
 194  KY855439_NA_NA_Marmota-himalayana_2013                                                        92.50%    failed      0.10%
 195  OQ802722_NA_WZ-Ra-tanezumi-astro-1_Rattus-tanezumi_2016                                       92.63%    passed     13.67%
 196  OM953850_NA_CMU1-DN176158-c0-g1-i1_NA_2019                                                    92.50%    failed      4.49%
 197  PP171953_NA_CC1B-k141-72897_NA_2021                                                           92.50%    passed     20.78%
 198  MG599900_NA_NA_Hime-japonica_NA                                                               92.51%    passed     29.03%
 199  PV793832_NA_AstroviridaeGoosefe95V1_Anser-sp-_2024                                            92.51%    failed      0.02%
 200  PQ220257_NA_ASTV-1_Anser-indicus-_Bar-headed-goose__2020                                      93.24%    failed      0.33%
 201  OQ198047_NA_AstroviridaeDogfe326C1full_canine_2020                                            92.53%    passed      5.43%
 202  JF729316_NA_TN-rabbit-10-2208_Oryctolagus-cuniculus_2010                                      92.54%    failed      3.10%
 203  MG599899_NA_NA_Pleuronichthys-japonicus_NA                                                    92.53%    failed      0.44%
 204  PV088328_NA_NA_Homo-sapiens_2014                                                              92.53%    passed      6.93%
 205  MK089435_NA_668_Homo-sapiens_2015                                                             92.53%    passed     13.00%
 206  AB823732_NA_BtnMLB1-86_Homo-sapiens-1-months-old-male_2010                                    92.53%    passed     23.28%
 207  MG599926_NA_NA_Arnoglossus-sp-_NA                                                             92.53%    failed      0.11%
 208  MG599924_NA_NA_Crossorhombus-sp-_NA                                                           92.54%    failed      1.81%
 209  MG599925_NA_NA_Crossorhombus-sp-_NA                                                           92.60%    failed      1.00%
 210  MZ150559_NA_ANV-Chicken-CHN-2020-AH202017_chicken_2020                                        92.54%    failed      1.01%
 211  PP871808_NA_astro-vt-90_Gallus-gallus_2015                                                    92.59%    passed     10.35%
 212  PP478076_NA_PL-pigeon-24-2023_carrier-pigeon_2023                                             92.59%    failed      0.77%
 213  KT946721_NA_D11-148-2-HK_white-eye_NA                                                         92.56%    failed      0.00%
 214  MT993583_NA_MW06-2o_Arenaria-interpres-_ruddy-turnstone__2014                                 92.56%    failed      1.70%
 215  MH453801_NA_AstV-Red-necked-Avocet-MW09-Interior_Red-necked-Avocet_2013                       92.57%    failed      1.15%
 216  MT993596_NA_MW10-1o_Arenaria-interpres-_ruddy-turnstone__2015                                 92.56%    failed      1.21%
 217  MG599888_NA_NA_Scoliodon-macrorhynchos_NA                                                     92.56%    failed      0.10%
 218  MG599903_NA_NA_Bufo-gargarizans_NA                                                            92.56%    failed      3.80%
 219  ON624282_NA_NA_cow_2021                                                                       92.56%    failed      3.88%
 220  OR951069_NA_YN2017_Rousettus-leschenaultii_2017                                               93.01%    failed      1.08%
 221  OR367606_NA_YakFeces06-11940_Bos-mutus_2021                                                   93.39%    passed     37.81%
 222  PP646881_NA_GX-WZ-2023_goat_2023                                                              92.67%    failed      0.84%
 223  MK404646_NA_NA_Capra-hircus_2017                                                              92.66%    failed      1.86%
 224  OP076748_NA_DcAstV-Jd57-KSA-2014_Camelus-dromedarius_2014                                     92.66%    passed      6.86%
 225  MW504552_NA_15214-AST-len-6117-cov-31-526724_Sus-scrofa_2018                                  92.62%    failed      0.63%
 226  MN087316_NA_NA_white-tailed-deer_2018                                                         92.66%    failed      3.45%
 227  LC047789_NA_NA_Bos-taurus_2009                                                                92.66%    failed      3.47%
 228  HQ916316_NA_NA_cattle_NA                                                                      92.66%    passed     18.29%
 229  KX599351_NA_NA_dog_2012                                                                       92.56%    failed      0.02%
 230  PP174052_NA_SP1C-k141-170176_NA_2021                                                          92.57%    passed     36.06%
 231  PV793829_NA_AstroviridaeGoosefe94_Anser-sp-_2024                                              92.57%    failed      0.00%
 232  MG599918_NA_NA_Hemidactylus-bowringii_NA                                                      92.59%    failed      3.99%
 233  MG599917_NA_NA_Gekko-similignum_NA                                                            93.24%    passed      9.89%
 234  MG599921_NA_NA_Macroramphosus-scolopax_NA                                                     92.59%    passed     32.73%
 235  MG599910_NA_NA_Duttaphrynus-melanostictus_NA                                                  92.59%    passed      8.51%
 236  KC692365_NA_fox-5_Vulpes-vulpes_2012                                                          92.62%    passed     21.40%
 237  ON624251_NA_NA_cow_2021                                                                       92.62%    passed     16.67%
 238  OR367603_NA_YakFeces06-1944_Bos-mutus_2021_reverse                                            92.92%    failed      1.24%
 239  MG599916_NA_NA_Cynops-orientalis_NA                                                           92.62%    failed      0.00%
 240  OR367608_NA_YakFeces06-13688_Bos-mutus_2021                                                   92.62%    passed      9.32%
 241  OQ198044_NA_AstroviridaeDogfe337C1full_canine_2020                                            92.62%    failed      0.82%
 242  NC_036583_NA_GX-006_Rattus-norvegicus_NA                                                      92.63%    failed      3.41%
 243  OQ236112_NA_AstV-GD-C5-49-18-2022_Niviventer-sp-_2021                                         93.54%    passed     86.41%
 244  KT946731_NA_HK-CWRN1RV_Rattus-norvegicus_NA                                                   92.63%    failed      2.18%
 245  OQ986607_NA_GEIG_NA_2021                                                                      92.63%    failed      0.21%
 246  PP711188_NA_Hplan-A-304122_Heteronotia-planiceps_2017                                         92.63%    passed     19.86%
 247  MZ819170_NA_PoAstV5-Swine-CHI-FB036-2017_Sus-scrofa_2017                                      92.65%    failed      0.00%
 248  OM480543_NA_NA_Coypu_2020                                                                     92.65%    passed     31.08%
 249  MG599891_NA_NA_Lethenteron-camtschaticum_NA                                                   92.65%    passed     39.84%
 250  OR951053_NA_JX2020_fish_2020                                                                  93.01%    passed      8.44%
 251  PP174037_NA_SP1C-k141-138402_NA_2021_reverse                                                  92.65%    passed     11.16%
 252  OQ802759_NA_WF-Ni-niviventer-astro-1_Niviventer-niviventer_2016                               92.66%    failed      0.35%
 253  PP871787_NA_astro-vt-69_Sus-scrofa-domesticus_2015                                            92.66%    failed      1.07%
 254  PV351772_NA_HN-K7f-51_Suncus-murinus_2024_reverse                                             93.03%    failed      5.00%
 255  PQ678098_NA_ZTYS-YNSC187_Apodemus-chevrieri_2022                                              92.95%    passed     19.39%
 256  OQ802738_NA_LQ-Ap-agrarius-astro-1_Apodemus-agrarius_2016                                     92.66%    failed      1.94%
 257  OL345583_NA_DB03F-SX-2018_Meriones-unguiculatus_2018                                          92.66%    passed     16.10%
 258  MW826371_NA_XZN01_bird_2018                                                                   92.66%    failed      0.07%
 259  MG599931_NA_NA_Polypedates-megacephalus_NA                                                    92.67%    failed      0.05%
 260  MG599893_NA_NA_Coelorinchus-multispinulosus_NA                                                92.67%    failed      1.71%
 261  MG599895_NA_NA_Coelorinchus-multispinulosus_NA                                                92.67%    failed      2.87%
 262  MG599897_NA_NA_Coelorinchus-multispinulosus_NA                                                93.26%    passed      9.97%
 263  JX544744_NA_NA_NA_2011                                                                        92.67%    passed      9.80%
 264  PQ541178_NA_Mu--setulosus-astro_Mus-setulosus_2023                                            92.95%    failed      3.23%
 265  PP173952_NA_SP1A-k141-93956_NA_2021_reverse                                                   92.69%    failed      0.21%
 266  PP623814_NA_MP22-196_Mareca-falcata_2022                                                      92.70%    failed      0.00%
 267  PQ055532_NA_QJ3DS2284_Procambarus-clarkii_2021                                                92.70%    failed      0.00%
 268  OM953848_NA_CMF1-DN41184-c0-g1-i1_NA_2019                                                     92.72%    failed      0.00%
 269  PQ421849_NA_YL-SCDW_Anourosorex-squamipes_2015                                                92.70%    failed      1.75%
 270  OM480534_NA_NA_Porcupine_2020                                                                 92.72%    failed      0.05%
 271  PX236817_NA_M22_Trichosurus-vulpecula_2021                                                    92.72%    failed      2.74%
 272  OM953849_NA_CMF2-DN31075-c0-g1-i1_NA_2019                                                     92.73%    failed      0.08%
 273  OM953851_NA_CMF2-DN25939-c0-g1-i1_NA_2019                                                     92.72%    failed      0.03%
 274  PP871761_NA_astro-vt-43_Gallus-gallus_2016                                                    92.73%    failed      3.57%
 275  OQ986648_NA_GEIG_NA_2021                                                                      92.75%    failed      0.88%
 276  MG599912_NA_NA_Sylvirana-guentheri_NA                                                         92.78%    failed      2.77%
 277  OM514376_NA_LSHLS353_Leersia-hexandra_2019                                                    92.78%    failed      0.00%
 278  PQ421841_NA_QJ1-CWDS_Crocidura-dracula_2017                                                   92.78%    failed      0.01%
 279  KP663426_NA_NA_Coracias-garrulus-_European-roller__2011                                       92.78%    passed     17.22%
 280  PV708886_NA_Chenqi-074_Marmota-sibirica_2023                                                  92.81%    failed      0.03%
 281  BR001717_NA_macaque-feces-2019-624_Macaca-mulatta_NA                                          92.81%    passed      9.18%
 282  MK521912_NA_NA_Sarcophilus-harrisii_2016                                                      92.82%    failed      0.60%
 283  MH453800_NA_AstV-Red-necked-Avocet-MW08-Interior_Red-necked-Avocet_2013                       92.82%    failed      0.47%
 284  MT138010_NA_prf037ast2_NA_2018                                                                93.49%    failed      0.54%
 285  MT138007_NA_ltr178ast1_NA_2018                                                                92.94%    failed      2.01%
 286  MT138005_NA_hwf041ast1_NA_2018                                                                92.94%    failed      0.26%
 287  MT138002_NA_cra070ast1_NA_2018                                                                92.94%    failed      0.02%
 288  MT137999_NA_coa196ast1_NA_2018                                                                92.94%    failed      0.03%
 289  MT137996_NA_cfe153ast01_NA_2018                                                               93.04%    failed      0.53%
 290  MG599902_NA_NA_Pterygotrigla-hemisticta_NA                                                    92.86%    failed      1.41%
 291  MK096775_NA_PasAstV-3_Passeriformes_2016                                                      92.85%    failed      0.09%
 292  ON595949_NA_F14_Istigobius-goldmanni_2021                                                     92.91%    passed      8.93%
 293  ON595937_NA_F2_Cabillus-tongarevae_2021                                                       93.08%    failed      0.93%
 294  MT137991_NA_bbr144ast1_NA_2018                                                                92.92%    failed      0.40%
 295  MT137994_NA_bsk136ast01_NA_2018                                                               92.94%    failed      0.23%
 296  OM953841_NA_CMU2-DN78443-c0-g1-i1_NA_2019                                                     92.95%    failed      0.01%
 297  MN626434_NA_AV-UKMa1-TT_Microtus-agrestis_2014                                                92.95%    passed     30.58%
 298  PQ055541_NA_QJ3TS3058_Procambarus-clarkii_2021                                                92.95%    failed      0.00%
 299  OR270057_NA_KAI-S_Retropinna-retropinna_2021_reverse                                          92.97%    failed      0.05%
 300  MK096774_NA_PasAstV-2_Passeriformes_2016                                                      93.00%    failed      0.59%
 301  PQ055540_NA_QJ3MG1028_Procambarus-clarkii_2021                                                93.03%    failed      0.00%
 302  OQ236157_NA_AstV-GX-B30M0312-2019_Rhizomys-pruinosus_2019                                     93.04%    passed      6.92%
 303  FJ890355_NA_NA_Tursiops-truncatus-_Bottlenose-dolphin__2007                                   93.10%    failed      3.90%
 304  MW385412_NA_NA_Crow_2017                                                                      93.10%    failed      0.87%
 305  MN035893_NA_H3-Bulk-Litter-17-scaffold-17037_NA_NA                                            93.10%    failed      0.34%
 306  PP174176_NA_SP2B-k141-169106_NA_2021                                                          93.13%    failed      0.08%
 307  OQ986609_NA_RHFU_NA_2021_reverse                                                              93.14%    failed      0.83%
 308  MZ375134_NA_1PE-RDRP-4_Phrynocephalus-erythrurus_2020                                         93.17%    failed      1.63%
 309  PP711877_NA_5A-Kenya-BAT0738-2015_Miniopterus-sp--clade-10-TD-2020_2015                       93.19%    passed     24.23%
 310  PP352010_NA_Hunan-CHN-2022_Pelophylax-nigromaculatus_2022                                     93.20%    failed      0.01%
 311  MT138009_NA_prf037ast1nc_NA_2018                                                              93.20%    passed      6.72%
 312  MZ375133_NA_1PE-RDRP-3_Phrynocephalus-erythrurus_2020                                         93.22%    failed      3.45%
 313  PQ110289_NA_Or-elegans1-agamemnon2_Oryctes-sp-_2024                                           93.22%    failed      0.05%
 314  PV793833_NA_AstroviridaeGoosefe95V2_Anser-sp-_2024                                            93.23%    failed      0.50%
 315  MW826482_NA_YSN02_bird_2019                                                                   93.24%    failed      0.00%
 316  PP590730_NA_MRL-L_Muraenolepis-sp-_2021                                                       93.24%    failed      1.23%
 317  MN034752_NA_H1-Rhizo-Litter-1-scaffold-1158_NA_NA_reverse                                     93.26%    failed      0.04%
 318  MG599892_NA_NA_Lethenteron-camtschaticum_NA                                                   93.26%    passed     50.16%
 319  OQ606244_NA_RR034B_Rousettus-madagascariensis_2018                                            93.29%    passed     48.85%
 320  PP711880_NA_8A-Uganda-UGR87-2019_Rousettus-aegyptiacus_2019                                   93.45%    passed     46.23%
 321  PP700499_NA_F31_Dascyllus-reticulatus_2022                                                    93.33%    failed      1.69%
 322  PP173125_NA_KCAP3-k141-153500_NA_2022_reverse                                                 93.36%    failed      2.25%
 323  OM953842_NA_CMU2-DN75963-c0-g1-i1_NA_2019                                                     93.36%    passed     11.03%
 324  MW826483_NA_YSN01_bird_2019                                                                   93.38%    failed      1.66%
 325  PQ792554_NA_Svole195-astro1_Neodon-fuscus_2023                                                93.38%    passed     41.58%
 326  MN920670_NA_ybw202ast01_NA_2018                                                               93.39%    failed      4.66%
 327  MZ375139_NA_3PE-RDRP-2_Phrynocephalus-erythrurus_2020                                         93.42%    passed      5.26%
 328  OM954082_NA_CMU2-DN72442-c0-g1-i1_NA_2019                                                     93.43%    passed      5.32%
 329  PP211222_NA_Ra-norvegicus-bastro-5_Rattus-norvegicus_2018                                     93.54%    failed      0.00%
 330  PP352011_NA_Jiangxi-CHN-2022_Pelophylax-nigromaculatus_2022                                   93.60%    passed     29.33%
 331  PQ792140_NA_Sarthropod009-astro1_Helobdella-robusta_2023                                      93.60%    failed      0.01%
 332  PQ055538_NA_QJ3TG3868_Procambarus-clarkii_2021                                                93.61%    passed     63.96%
 333  MN033591_NA_H4-Rhizo-44-scaffold-12707_NA_NA                                                  93.61%    failed      0.49%
 334  MG599880_NA_NA_Hyporhamphus-sajori_NA                                                         93.65%    failed      0.00%
 335  OR951011_NA_GX2018_Scotophilus-kuhlii_2018                                                    93.65%    failed      2.22%
 336  OR871060_NA_HAFQP22-11_Hipposideros-armiger_2022                                              93.67%    passed      7.16%
WARNING: 336 sequences contain more than 50% gaps/ambiguity
****  TOTAL                                                                                         92.16%  253 sequences failed composition chi2 test (p-value<5%; df=19)
Checking for duplicate sequences: done in 0.000801086 secs using 229.1% CPU

NOTE: Restoring information from model checkpoint file Astroviridae_1B_filtered_aa_83_rdrp_align.fasta.model.gz

CHECKPOINT: Initial tree restored
Measuring multi-threading efficiency up to 10 CPU cores
7 trees examined
Threads: 1 / Time: 11.007 sec / Speedup: 1.000 / Efficiency: 100% / LogL: -368424
Threads: 2 / Time: 7.215 sec / Speedup: 1.526 / Efficiency: 76% / LogL: -368424
Threads: 3 / Time: 5.064 sec / Speedup: 2.174 / Efficiency: 72% / LogL: -368424
Threads: 4 / Time: 4.375 sec / Speedup: 2.516 / Efficiency: 63% / LogL: -368424
Threads: 5 / Time: 4.162 sec / Speedup: 2.645 / Efficiency: 53% / LogL: -368424
Threads: 6 / Time: 4.297 sec / Speedup: 2.561 / Efficiency: 43% / LogL: -368424
Determining AUTO threadcount: done in 36.1589 secs using 210.6% CPU
BEST NUMBER OF THREADS: 4

Perform fast likelihood tree search using LG+I+G model...
CHECKPOINT: Tree restored, LogL: -251372.688
NOTE: ModelFinder requires 1785 MB RAM!
ModelFinder will test up to 1232 protein models (sample size: 6839 epsilon: 0.100) ...
 No. Model         -LnL         df  AIC          AICc         BIC
  1  LG            262409.434   669 526156.869   526302.186   530726.404
  2  LG+I          261805.558   670 524951.117   525096.892   529527.482
  3  LG+G4         251495.428   670 504330.856   504476.631   508907.222
  4  LG+I+G4       251372.688   671 504087.376   504233.609   508670.572
  5  LG+R2         253814.022   671 508970.044   509116.278   513553.240
  6  LG+R3         251959.869   673 505265.738   505412.892   509862.596
  7  LG+R4         251241.062   675 503832.124   503980.201   508442.642
  8  LG+R5         250997.443   677 503348.886   503497.890   507973.065
  9  LG+R6         250807.033   679 502972.066   503121.999   507609.905
 10  LG+R7         250643.319   681 502648.637   502799.503   507300.137
 11  LG+R8         250585.812   683 502537.624   502689.426   507202.785
 12  LG+R9         250575.701   685 502521.402   502674.144   507200.224
 13  LG+R10        250574.568   687 502523.135   502676.820   507215.618
 14  LG+I+R2       253522.084   672 508388.168   508534.861   512978.195
 15  LG+I+R3       251825.338   674 504998.675   505146.290   509602.362
 16  LG+I+R4       251134.710   676 503621.420   503769.960   508238.769
 17  LG+I+R5       250905.561   678 503167.122   503316.590   507798.131
 18  LG+I+R6       250746.730   680 502853.460   503003.859   507498.130
 19  LG+I+R7       250688.484   682 502740.967   502892.301   507399.298
 20  LG+I+R8       250677.826   684 502723.652   502875.924   507395.644
 21  LG+I+R9       250676.377   686 502724.754   502877.966   507410.406
 33  LG+F+R8       251198.006   702 503800.012   503960.868   508594.951
 34  LG+F+R9       251188.718   704 503785.437   503947.262   508594.036
 55  WAG+R8        251526.190   683 504418.381   504570.183   509083.542
 56  WAG+R9        251484.168   685 504338.336   504491.078   509017.158
 77  WAG+F+R8      251654.258   702 504712.515   504873.371   509507.454
 78  WAG+F+R9      251632.997   704 504673.995   504835.820   509482.594
 99  JTT+R8        254079.718   683 509525.437   509677.239   514190.598
100  JTT+R9        254025.585   685 509421.169   509573.911   514099.991
121  JTT+F+R8      254050.222   702 509504.445   509665.301   514299.384
122  JTT+F+R9      254014.492   704 509436.985   509598.811   514245.584
143  Q.PFAM+R8     250780.193   683 502926.387   503078.189   507591.548
144  Q.PFAM+R9     250753.366   685 502876.733   503029.475   507555.555
165  Q.PFAM+F+R8   251236.470   702 503876.940   504037.796   508671.879
166  Q.PFAM+F+R9   251211.550   704 503831.101   503992.927   508639.700
187  Q.BIRD+R8     260038.575   683 521443.150   521594.953   526108.311
188  Q.BIRD+R9     259992.485   685 521354.970   521507.712   526033.792
209  Q.BIRD+F+R8   260438.380   702 522280.760   522441.616   527075.699
210  Q.BIRD+F+R9   260404.025   704 522216.049   522377.875   527024.649
231  Q.MAMMAL+R8   257802.662   683 516971.323   517123.126   521636.484
232  Q.MAMMAL+R9   257757.086   685 516884.172   517036.913   521562.993
253  Q.MAMMAL+F+R8 258042.457   702 517488.914   517649.770   522283.853
254  Q.MAMMAL+F+R9 258005.624   704 517419.248   517581.074   522227.847
275  Q.INSECT+R8   252301.240   683 505968.479   506120.282   510633.640
276  Q.INSECT+R9   252260.079   685 505890.158   506042.900   510568.980
297  Q.INSECT+F+R8 252680.419   702 506764.837   506925.693   511559.776
298  Q.INSECT+F+R9 252645.574   704 506699.148   506860.974   511507.747
319  Q.PLANT+R8    255625.318   683 512616.637   512768.439   517281.798
320  Q.PLANT+R9    255593.665   685 512557.330   512710.072   517236.152
341  Q.PLANT+F+R8  256031.805   702 513467.610   513628.466   518262.549
342  Q.PLANT+F+R9  255987.320   704 513382.641   513544.467   518191.240
363  Q.YEAST+R8    252370.615   683 506107.229   506259.032   510772.390
364  Q.YEAST+R9    252346.912   685 506063.823   506216.565   510742.645
385  Q.YEAST+F+R8  251815.168   702 505034.336   505195.192   509829.275
386  Q.YEAST+F+R9  251791.012   704 504990.023   505151.849   509798.622
407  JTTDCMUT+R8   253978.883   683 509323.766   509475.568   513988.927
408  JTTDCMUT+R9   253938.400   685 509246.800   509399.542   513925.622
429  JTTDCMUT+F+R8 253965.484   702 509334.968   509495.824   514129.907
430  JTTDCMUT+F+R9 253927.012   704 509262.024   509423.850   514070.624
451  DCMUT+R8      256001.710   683 513369.419   513521.222   518034.580
452  DCMUT+R9      255940.294   685 513250.587   513403.329   517929.409
473  DCMUT+F+R8    254662.707   702 510729.414   510890.270   515524.353
474  DCMUT+F+R9    254603.994   704 510615.989   510777.815   515424.588
495  VT+R8         251423.270   683 504212.540   504364.343   508877.701
496  VT+R9         251394.931   685 504159.861   504312.603   508838.683
517  VT+F+R8       251722.032   702 504848.065   505008.921   509643.004
518  VT+F+R9       251692.478   704 504792.956   504954.782   509601.555
539  PMB+R8        251670.793   683 504707.586   504859.389   509372.747
540  PMB+R9        251646.236   685 504662.472   504815.214   509341.294
561  PMB+F+R8      252333.972   702 506071.944   506232.800   510866.883
562  PMB+F+R9      252309.696   704 506027.392   506189.218   510835.991
583  BLOSUM62+R8   251497.895   683 504361.790   504513.592   509026.951
584  BLOSUM62+R9   251475.045   685 504320.090   504472.832   508998.912
605  BLOSUM62+F+R8 252042.954   702 505489.908   505650.764   510284.847
606  BLOSUM62+F+R9 252020.464   704 505448.928   505610.754   510257.528
627  DAYHOFF+R8    255977.573   683 513321.145   513472.948   517986.306
628  DAYHOFF+R9    255949.890   685 513269.781   513422.523   517948.603
649  DAYHOFF+F+R8  254639.433   702 510682.865   510843.721   515477.804
650  DAYHOFF+F+R9  254616.331   704 510640.662   510802.488   515449.261
671  MTREV+R8      266887.954   683 535141.908   535293.711   539807.069
672  MTREV+R9      266814.855   685 534999.710   535152.452   539678.532
693  MTREV+F+R8    257611.617   702 516627.234   516788.090   521422.172
694  MTREV+F+R9    257541.801   704 516491.603   516653.429   521300.202
715  MTART+R8      268974.696   683 539315.392   539467.195   543980.553
716  MTART+R9      268861.298   685 539092.597   539245.338   543771.418
737  MTART+F+R8    258569.050   702 518542.100   518702.956   523337.039
738  MTART+F+R9    258508.664   704 518425.328   518587.154   523233.928
759  MTZOA+R8      263010.419   683 527386.838   527538.641   532051.999
760  MTZOA+R9      262952.510   685 527275.019   527427.761   531953.841
781  MTZOA+F+R8    255613.834   702 512631.669   512792.525   517426.607
782  MTZOA+F+R9    255569.909   704 512547.819   512709.645   517356.418
803  MTMET+R8      266742.692   683 534851.385   535003.187   539516.546
804  MTMET+R9      266716.892   685 534803.785   534956.527   539482.607
825  MTMET+F+R8    257217.434   702 515838.867   515999.723   520633.806
826  MTMET+F+R9    257179.003   704 515766.006   515927.832   520574.605
847  MTVER+R8      270946.009   683 543258.018   543409.821   547923.179
848  MTVER+R9      270896.454   685 543162.908   543315.650   547841.730
869  MTVER+F+R8    262017.349   702 525438.698   525599.554   530233.637
870  MTVER+F+R9    261961.260   704 525330.520   525492.346   530139.120
891  MTINV+R8      267123.398   683 535612.795   535764.598   540277.956
892  MTINV+R9      267095.537   685 535561.074   535713.816   540239.896
913  MTINV+F+R8    254946.412   702 511296.825   511457.681   516091.763
914  MTINV+F+R9    254902.689   704 511213.379   511375.204   516021.978
935  MTMAM+R8      273702.727   683 548771.454   548923.257   553436.615
936  MTMAM+R9      273652.732   685 548675.465   548828.207   553354.287
957  MTMAM+F+R8    264029.239   702 529462.478   529623.333   534257.416
958  MTMAM+F+R9    263984.552   704 529377.103   529538.929   534185.703
979  FLAVI+R8      266349.057   683 534064.114   534215.916   538729.275
980  FLAVI+R9      266277.844   685 533925.687   534078.429   538604.509
1001  FLAVI+F+R8    264514.503   702 530433.005   530593.861   535227.944
1002  FLAVI+F+R9    264465.365   704 530338.729   530500.555   535147.329
1023  HIVB+R8       260354.897   683 522075.794   522227.597   526740.955
1024  HIVB+R9       260272.822   685 521915.644   522068.386   526594.466
1045  HIVB+F+R8     259902.884   702 521209.768   521370.623   526004.706
1046  HIVB+F+R9     259828.447   704 521064.894   521226.720   525873.494
1067  HIVW+R8       272291.221   683 545948.442   546100.245   550613.603
1068  HIVW+R9       272222.121   685 545814.243   545966.985   550493.065
1089  HIVW+F+R8     267242.205   702 535888.411   536049.267   540683.349
1090  HIVW+F+R9     267158.824   704 535725.649   535887.475   540534.248
1111  FLU+R8        259311.127   683 519988.255   520140.057   524653.416
1112  FLU+R9        259272.875   685 519915.750   520068.492   524594.572
1133  FLU+F+R8      257829.510   702 517063.019   517223.875   521857.958
1134  FLU+F+R9      257787.140   704 516982.281   517144.107   521790.880
1155  RTREV+R8      251960.650   683 505287.299   505439.102   509952.461
1156  RTREV+R9      251919.488   685 505208.977   505361.718   509887.798
1177  RTREV+F+R8    251370.563   702 504145.127   504305.983   508940.065
1178  RTREV+F+R9    251342.437   704 504092.874   504254.700   508901.474
1199  CPREV+R8      253559.570   683 508485.140   508636.942   513150.301
1200  CPREV+R9      253517.641   685 508405.282   508558.024   513084.104
1221  CPREV+F+R8    252803.085   702 507010.171   507171.027   511805.109
1222  CPREV+F+R9    252782.229   704 506972.459   507134.284   511781.058
Akaike Information Criterion:           LG+R9
Corrected Akaike Information Criterion: LG+R9
Bayesian Information Criterion:         LG+R9
Best-fit model: LG+R9 chosen according to BIC

All model information printed to Astroviridae_1B_filtered_aa_83_rdrp_align.fasta.model.gz
CPU time for ModelFinder: 55390.712 seconds (15h:23m:10s)
Wall-clock time for ModelFinder: 17459.781 seconds (4h:50m:59s)
Generating 1000 samples for ultrafast bootstrap (seed: 443887)...

NOTE: 1608 MB RAM (1 GB) is required!
Estimate model parameters (epsilon = 0.100)
1. Initial log-likelihood: -250647.465
2. Current log-likelihood: -250556.009
3. Current log-likelihood: -250550.203
4. Current log-likelihood: -250549.135
5. Current log-likelihood: -250548.775
6. Current log-likelihood: -250548.621
Optimal log-likelihood: -250548.547
Site proportion and rates:  (0.012,0.005) (0.028,0.070) (0.047,0.140) (0.096,0.257) (0.145,0.404) (0.138,0.650) (0.195,1.006) (0.200,1.481) (0.139,2.344)
Parameters optimization took 6 rounds (145.486 sec)
Wrote distance file to... 
Computing ML distances based on estimated model parameters...
Calculating distance matrix: done in 11.9799 secs using 398.4% CPU
Computing ML distances took 11.981102 sec (of wall-clock time) 47.732625 sec (of CPU time)
WARNING: Some pairwise ML distances are too long (saturated)
Setting up auxiliary I and S matrices: done in 0.000609159 secs using 351% CPU
Constructing RapidNJ tree: done in 0.019007 secs using 143% CPU
Computing RapidNJ tree took 0.019648 sec (of wall-clock time) 0.029336 sec (of CPU time)
Log-likelihood of RapidNJ tree: -251338.494
--------------------------------------------------------------------
|             INITIALIZING CANDIDATE TREE SET                      |
--------------------------------------------------------------------
Generating 98 parsimony trees... 16.825 second
Computing log-likelihood of 98 initial trees ... 163.614 seconds
Current best score: -250548.547

Do NNI search on 20 best initial trees
Optimizing NNI: done in 9.63639 secs using 310.3% CPU
Estimate model parameters (epsilon = 0.100)
BETTER TREE FOUND at iteration 1: -250536.130
Optimizing NNI: done in 24.4521 secs using 310.2% CPU
Estimate model parameters (epsilon = 0.100)
BETTER TREE FOUND at iteration 2: -250523.989
Optimizing NNI: done in 31.9306 secs using 310.2% CPU
Optimizing NNI: done in 39.6707 secs using 310.3% CPU
Estimate model parameters (epsilon = 0.100)
BETTER TREE FOUND at iteration 4: -250473.351
Optimizing NNI: done in 30.4916 secs using 310% CPU
Optimizing NNI: done in 34.3159 secs using 310.1% CPU
Optimizing NNI: done in 37.3454 secs using 310.3% CPU
Optimizing NNI: done in 40.004 secs using 310.3% CPU
Optimizing NNI: done in 37.922 secs using 310.2% CPU
Optimizing NNI: done in 35.0898 secs using 310.2% CPU
Iteration 10 / LogL: -250527.771 / Time: 5h:4m:52s
Optimizing NNI: done in 34.8661 secs using 310.4% CPU
Optimizing NNI: done in 40.4927 secs using 310.4% CPU
Optimizing NNI: done in 29.5581 secs using 309.5% CPU
Optimizing NNI: done in 38.0639 secs using 310% CPU
Optimizing NNI: done in 33.3376 secs using 309.9% CPU
Optimizing NNI: done in 40.537 secs using 309.9% CPU
Optimizing NNI: done in 38.695 secs using 309.9% CPU
Optimizing NNI: done in 40.8226 secs using 310% CPU
Optimizing NNI: done in 40.7015 secs using 310% CPU
Optimizing NNI: done in 36.8411 secs using 310% CPU
Iteration 20 / LogL: -250591.541 / Time: 5h:11m:10s
Finish initializing candidate tree set (20)
Current best tree score: -250473.351 / CPU time: 1032.467
Number of iterations: 20
--------------------------------------------------------------------
|               OPTIMIZING CANDIDATE TREE SET                      |
--------------------------------------------------------------------
Optimizing NNI: done in 34.437 secs using 311.5% CPU
Optimizing NNI: done in 37.7295 secs using 311.8% CPU
Optimizing NNI: done in 38.8919 secs using 311.7% CPU
Optimizing NNI: done in 39.2539 secs using 311.8% CPU
Estimate model parameters (epsilon = 0.100)
BETTER TREE FOUND at iteration 24: -250432.208
Optimizing NNI: done in 34.6219 secs using 311.6% CPU
Optimizing NNI: done in 36.5815 secs using 311.5% CPU
Optimizing NNI: done in 37.2991 secs using 311.7% CPU
Optimizing NNI: done in 36.1654 secs using 311.8% CPU
Optimizing NNI: done in 35.6296 secs using 311.6% CPU
Optimizing NNI: done in 37.1398 secs using 311.6% CPU
Estimate model parameters (epsilon = 0.100)
BETTER TREE FOUND at iteration 30: -250421.862
Iteration 30 / LogL: -250421.862 / Time: 5h:18m:37s (1h:35m:15s left)
Optimizing NNI: done in 38.3646 secs using 311.6% CPU
Optimizing NNI: done in 35.2762 secs using 311.7% CPU
Optimizing NNI: done in 33.795 secs using 311.7% CPU
Optimizing NNI: done in 35.666 secs using 311.7% CPU
Optimizing NNI: done in 34.3516 secs using 311.3% CPU
Optimizing NNI: done in 33.5025 secs using 311.5% CPU
Optimizing NNI: done in 38.0423 secs using 311.6% CPU
Optimizing NNI: done in 35.1103 secs using 311.7% CPU
Optimizing NNI: done in 34.5628 secs using 311.7% CPU
Optimizing NNI: done in 37.6388 secs using 311.7% CPU
Iteration 40 / LogL: -250435.736 / Time: 5h:24m:37s (1h:17m:35s left)
Optimizing NNI: done in 34.6875 secs using 311.8% CPU
Optimizing NNI: done in 35.8244 secs using 311.7% CPU
Optimizing NNI: done in 34.1965 secs using 311.5% CPU
Optimizing NNI: done in 39.0351 secs using 311.9% CPU
Optimizing NNI: done in 36.2933 secs using 311.9% CPU
Optimizing NNI: done in 37.3092 secs using 311.8% CPU
Optimizing NNI: done in 38.6346 secs using 311.8% CPU
Optimizing NNI: done in 37.3745 secs using 312.7% CPU
Optimizing NNI: done in 33.0299 secs using 311.5% CPU
Estimate model parameters (epsilon = 0.100)
BETTER TREE FOUND at iteration 49: -250418.490
Optimizing NNI: done in 34.9758 secs using 311.7% CPU
Iteration 50 / LogL: -250497.683 / Time: 5h:30m:52s (1h:20m:34s left)
Log-likelihood cutoff on original alignment: -250558.819
Optimizing NNI: done in 38.138 secs using 311.7% CPU
Optimizing NNI: done in 38.4668 secs using 311.7% CPU
Optimizing NNI: done in 31.267 secs using 311.5% CPU
Optimizing NNI: done in 36.5859 secs using 310.9% CPU
Optimizing NNI: done in 33.8012 secs using 311.7% CPU
Optimizing NNI: done in 36.4537 secs using 311.8% CPU
Optimizing NNI: done in 33.7594 secs using 312% CPU
Optimizing NNI: done in 32.3472 secs using 312% CPU
Optimizing NNI: done in 28.8316 secs using 311.6% CPU
Optimizing NNI: done in 39.2778 secs using 312% CPU
Iteration 60 / LogL: -250474.500 / Time: 5h:36m:45s (1h:9m:1s left)
Optimizing NNI: done in 34.927 secs using 311.6% CPU
Optimizing NNI: done in 35.7928 secs using 311.8% CPU
Optimizing NNI: done in 37.3108 secs using 311.7% CPU
Optimizing NNI: done in 36.1457 secs using 311.6% CPU
Optimizing NNI: done in 36.5485 secs using 311.8% CPU
Optimizing NNI: done in 31.8551 secs using 311.4% CPU
Estimate model parameters (epsilon = 0.100)
BETTER TREE FOUND at iteration 66: -250415.549
Optimizing NNI: done in 31.3637 secs using 311.5% CPU
Optimizing NNI: done in 33.3961 secs using 311.8% CPU
Optimizing NNI: done in 33.2654 secs using 311.6% CPU
Optimizing NNI: done in 35.9643 secs using 311.6% CPU
Iteration 70 / LogL: -250459.704 / Time: 5h:43m:26s (1h:12m:57s left)
Optimizing NNI: done in 32.9284 secs using 311.7% CPU
Optimizing NNI: done in 38.2579 secs using 311.7% CPU
Optimizing NNI: done in 34.4288 secs using 311.6% CPU
Optimizing NNI: done in 36.1416 secs using 311.7% CPU
Optimizing NNI: done in 32.7854 secs using 311.9% CPU
Optimizing NNI: done in 34.7758 secs using 311.8% CPU
Optimizing NNI: done in 42.5819 secs using 311.3% CPU
Estimate model parameters (epsilon = 0.100)
BETTER TREE FOUND at iteration 77: -250415.293
Optimizing NNI: done in 32.1621 secs using 311.6% CPU
Optimizing NNI: done in 36.8995 secs using 311.8% CPU
Optimizing NNI: done in 34.246 secs using 311.5% CPU
Iteration 80 / LogL: -250428.654 / Time: 5h:49m:47s (1h:12m:11s left)
Optimizing NNI: done in 35.6035 secs using 311.9% CPU
Optimizing NNI: done in 37.282 secs using 311.8% CPU
Optimizing NNI: done in 36.756 secs using 311.8% CPU
Optimizing NNI: done in 38.7178 secs using 311.8% CPU
Optimizing NNI: done in 31.3601 secs using 312.2% CPU
Optimizing NNI: done in 35.9052 secs using 311.8% CPU
Optimizing NNI: done in 34.5464 secs using 311.9% CPU
Optimizing NNI: done in 29.9177 secs using 311.5% CPU
Optimizing NNI: done in 34.6062 secs using 311.5% CPU
Optimizing NNI: done in 34.3423 secs using 311.7% CPU
Iteration 90 / LogL: -250444.190 / Time: 5h:55m:39s (1h:3m:12s left)
Optimizing NNI: done in 35.1657 secs using 311.7% CPU
Optimizing NNI: done in 34.8024 secs using 311.8% CPU
Optimizing NNI: done in 34.3752 secs using 311.5% CPU
Optimizing NNI: done in 29.893 secs using 311.5% CPU
Optimizing NNI: done in 34.5541 secs using 311.7% CPU
Optimizing NNI: done in 38.7179 secs using 311.7% CPU
Optimizing NNI: done in 35.289 secs using 311.4% CPU
Estimate model parameters (epsilon = 0.100)
BETTER TREE FOUND at iteration 97: -250413.689
Optimizing NNI: done in 35.3043 secs using 311.7% CPU
Optimizing NNI: done in 36.7984 secs using 311.6% CPU
Optimizing NNI: done in 31.547 secs using 311.6% CPU
Iteration 100 / LogL: -250430.338 / Time: 6h:2m:0s (1h:9m:34s left)
Log-likelihood cutoff on original alignment: -250558.819
NOTE: Bootstrap correlation coefficient of split occurrence frequencies: 0.996
Optimizing NNI: done in 38.8945 secs using 311.9% CPU
Optimizing NNI: done in 32.4906 secs using 311.7% CPU
Optimizing NNI: done in 33.6565 secs using 311.6% CPU
Optimizing NNI: done in 34.3587 secs using 311.7% CPU
Optimizing NNI: done in 31.3226 secs using 311.5% CPU
Optimizing NNI: done in 34.3576 secs using 311.6% CPU
Optimizing NNI: done in 36.8438 secs using 310.7% CPU
Optimizing NNI: done in 31.7448 secs using 311.7% CPU
Optimizing NNI: done in 34.736 secs using 311.7% CPU
Optimizing NNI: done in 36.311 secs using 311.8% CPU
Iteration 110 / LogL: -250425.322 / Time: 6h:7m:48s (1h:3m:25s left)
Optimizing NNI: done in 32.7374 secs using 311.5% CPU
Optimizing NNI: done in 35.6113 secs using 311.7% CPU
Optimizing NNI: done in 34.7465 secs using 311.7% CPU
Optimizing NNI: done in 39.7494 secs using 311.8% CPU
Optimizing NNI: done in 34.7495 secs using 311.7% CPU
Optimizing NNI: done in 38.474 secs using 311.7% CPU
Optimizing NNI: done in 33.8891 secs using 311.7% CPU
Optimizing NNI: done in 32.7971 secs using 311.7% CPU
Optimizing NNI: done in 34.3297 secs using 312% CPU
Optimizing NNI: done in 32.4344 secs using 311.3% CPU
Iteration 120 / LogL: -250420.515 / Time: 6h:13m:41s (0h:55m:35s left)
Optimizing NNI: done in 34.4738 secs using 311.9% CPU
Optimizing NNI: done in 34.7158 secs using 311.7% CPU
Optimizing NNI: done in 32.6015 secs using 311.4% CPU
Optimizing NNI: done in 34.778 secs using 311.9% CPU
Optimizing NNI: done in 36.6025 secs using 312% CPU
Optimizing NNI: done in 36.3436 secs using 311.7% CPU
Optimizing NNI: done in 34.6172 secs using 311.9% CPU
Optimizing NNI: done in 35.8225 secs using 311.7% CPU
Optimizing NNI: done in 35.291 secs using 311.8% CPU
Optimizing NNI: done in 31.6219 secs using 311.5% CPU
Iteration 130 / LogL: -250430.450 / Time: 6h:19m:32s (0h:48m:2s left)
Optimizing NNI: done in 34.3597 secs using 311.7% CPU
Optimizing NNI: done in 34.3244 secs using 311.8% CPU
Optimizing NNI: done in 34.343 secs using 311.6% CPU
Optimizing NNI: done in 31.47 secs using 311.6% CPU
Optimizing NNI: done in 38.9334 secs using 311.7% CPU
Optimizing NNI: done in 35.7825 secs using 311.7% CPU
Optimizing NNI: done in 27.4049 secs using 311.7% CPU
Optimizing NNI: done in 32.826 secs using 311.6% CPU
Optimizing NNI: done in 28.1736 secs using 311.7% CPU
Optimizing NNI: done in 37.0164 secs using 311.8% CPU
Iteration 140 / LogL: -250420.100 / Time: 6h:25m:10s (0h:40m:39s left)
Optimizing NNI: done in 32.7526 secs using 311.6% CPU
Optimizing NNI: done in 37.9866 secs using 312% CPU
Optimizing NNI: done in 34.7037 secs using 311.5% CPU
Optimizing NNI: done in 28.3005 secs using 311.7% CPU
Optimizing NNI: done in 33.2731 secs using 311.6% CPU
Optimizing NNI: done in 34.2153 secs using 311.8% CPU
Optimizing NNI: done in 36.844 secs using 311.6% CPU
Optimizing NNI: done in 33.262 secs using 311.8% CPU
Optimizing NNI: done in 34.3778 secs using 311.7% CPU
Optimizing NNI: done in 36.2925 secs using 311.5% CPU
Iteration 150 / LogL: -250435.540 / Time: 6h:30m:55s (0h:33m:32s left)
Log-likelihood cutoff on original alignment: -250558.819
Optimizing NNI: done in 34.6416 secs using 311.7% CPU
Optimizing NNI: done in 33.202 secs using 311.9% CPU
Optimizing NNI: done in 32.5826 secs using 311.6% CPU
Optimizing NNI: done in 40.0738 secs using 311.6% CPU
Optimizing NNI: done in 36.1254 secs using 311.8% CPU
Optimizing NNI: done in 34.9564 secs using 311.6% CPU
Optimizing NNI: done in 33.806 secs using 311.9% CPU
Optimizing NNI: done in 35.8574 secs using 311.7% CPU
Optimizing NNI: done in 37.3747 secs using 312% CPU
Optimizing NNI: done in 32.9995 secs using 311.6% CPU
Iteration 160 / LogL: -250461.199 / Time: 6h:36m:51s (0h:26m:37s left)
Optimizing NNI: done in 33.8862 secs using 312% CPU
Optimizing NNI: done in 37.1038 secs using 311.4% CPU
Optimizing NNI: done in 34.9175 secs using 311.8% CPU
Optimizing NNI: done in 38.2241 secs using 311.8% CPU
Optimizing NNI: done in 32.4668 secs using 311.5% CPU
Optimizing NNI: done in 35.1954 secs using 311.7% CPU
Optimizing NNI: done in 35.888 secs using 311.9% CPU
Optimizing NNI: done in 35.6005 secs using 311.5% CPU
Optimizing NNI: done in 33.4516 secs using 311.8% CPU
Optimizing NNI: done in 31.3682 secs using 311.5% CPU
Iteration 170 / LogL: -250417.080 / Time: 6h:42m:43s (0h:19m:49s left)
Optimizing NNI: done in 37.7116 secs using 311.8% CPU
Optimizing NNI: done in 34.5322 secs using 311.5% CPU
Optimizing NNI: done in 34.9335 secs using 311.7% CPU
Optimizing NNI: done in 33.793 secs using 311.8% CPU
Optimizing NNI: done in 31.0537 secs using 311.6% CPU
Optimizing NNI: done in 34.3982 secs using 311.9% CPU
Optimizing NNI: done in 35.6056 secs using 311.5% CPU
Optimizing NNI: done in 35.5092 secs using 311.7% CPU
Optimizing NNI: done in 38.2745 secs using 312% CPU
Optimizing NNI: done in 35.7285 secs using 311.7% CPU
Iteration 180 / LogL: -250442.518 / Time: 6h:48m:38s (0h:13m:8s left)
Optimizing NNI: done in 36.6658 secs using 311.8% CPU
Optimizing NNI: done in 38.1547 secs using 311.7% CPU
Optimizing NNI: done in 32.8346 secs using 311.5% CPU
Optimizing NNI: done in 31.6331 secs using 311.8% CPU
Optimizing NNI: done in 32.86 secs using 311.6% CPU
Optimizing NNI: done in 35.425 secs using 311.6% CPU
Optimizing NNI: done in 34.7522 secs using 311.7% CPU
Optimizing NNI: done in 39.3792 secs using 311.5% CPU
Optimizing NNI: done in 33.2406 secs using 311.6% CPU
Optimizing NNI: done in 37.0188 secs using 311.8% CPU
Iteration 190 / LogL: -250457.263 / Time: 6h:54m:33s (0h:6m:32s left)
Optimizing NNI: done in 37.2852 secs using 312.1% CPU
Optimizing NNI: done in 31.8607 secs using 311.7% CPU
Optimizing NNI: done in 30.9918 secs using 311.5% CPU
Optimizing NNI: done in 34.1455 secs using 311.7% CPU
Optimizing NNI: done in 37.1777 secs using 311.9% CPU
Optimizing NNI: done in 39.1434 secs using 311.9% CPU
Optimizing NNI: done in 44.764 secs using 311.9% CPU
Optimizing NNI: done in 31.0839 secs using 311.6% CPU
TREE SEARCH COMPLETED AFTER 198 ITERATIONS / Time: 6h:59m:23s

--------------------------------------------------------------------
|                    FINALIZING TREE SEARCH                        |
--------------------------------------------------------------------
Performs final model parameters optimization
Estimate model parameters (epsilon = 0.010)
1. Initial log-likelihood: -250413.689
Optimal log-likelihood: -250413.686
Site proportion and rates:  (0.012,0.006) (0.028,0.070) (0.046,0.141) (0.095,0.257) (0.147,0.406) (0.136,0.649) (0.189,0.997) (0.206,1.458) (0.142,2.332)
Parameters optimization took 1 rounds (8.157 sec)
BEST SCORE FOUND : -250413.686
Creating bootstrap support values...
Split supports printed to NEXUS file Astroviridae_1B_filtered_aa_83_rdrp_align.fasta.splits.nex
Total tree length: 314.123

Total number of iterations: 198
CPU time used for tree search: 23423.701 sec (6h:30m:23s)
Wall-clock time used for tree search: 7525.347 sec (2h:5m:25s)
Total CPU time used: 79415.450 sec (22h:3m:35s)
Total wall-clock time used: 25171.925 sec (6h:59m:31s)

Computing bootstrap consensus tree...
Reading input file Astroviridae_1B_filtered_aa_83_rdrp_align.fasta.splits.nex...
336 taxa and 1291 splits.
Consensus tree written to Astroviridae_1B_filtered_aa_83_rdrp_align.fasta.contree
Reading input trees file Astroviridae_1B_filtered_aa_83_rdrp_align.fasta.contree
Log-likelihood of consensus tree: -250413.129

Analysis results written to: 
  IQ-TREE report:                Astroviridae_1B_filtered_aa_83_rdrp_align.fasta.iqtree
  Maximum-likelihood tree:       Astroviridae_1B_filtered_aa_83_rdrp_align.fasta.treefile
  Likelihood distances:          Astroviridae_1B_filtered_aa_83_rdrp_align.fasta.mldist

Ultrafast bootstrap approximation results written to:
  Split support values:          Astroviridae_1B_filtered_aa_83_rdrp_align.fasta.splits.nex
  Consensus tree:                Astroviridae_1B_filtered_aa_83_rdrp_align.fasta.contree
  Screen log file:               Astroviridae_1B_filtered_aa_83_rdrp_align.fasta.log

Date and Time: Sun Jan 18 06:12:30 2026
