IQ-TREE version 3.0.1 for MacOS ARM 64-bit built Jul  9 2025
Developed by Bui Quang Minh, Thomas Wong, Nhan Ly-Trong, Huaiyan Ren
Contributed by Lam-Tung Nguyen, Dominik Schrempf, Chris Bielow,
Olga Chernomor, Michael Woodhams, Diep Thi Hoang, Heiko Schmidt

Host:    192.168.1.2 (SSE4.2, 16 GB RAM)
Command: iqtree -s Astroviridae_1B_filtered_aa_83_rdrp_align.fasta -st AA -m MFP -bb 1000 -nt AUTO
Seed:    957048 (Using SPRNG - Scalable Parallel Random Number Generator)
Time:    Sat Jan 24 19:25:52 2026
Kernel:  SSE2 - auto-detect threads (10 CPU cores detected)

Reading alignment file Astroviridae_1B_filtered_aa_83_rdrp_align.fasta ... Fasta format detected
Reading fasta file: done in 0.0290921 secs using 91.39% CPU
Alignment most likely contains protein sequences
Constructing alignment: done in 0.012228 secs using 81.31% CPU
Alignment has 336 sequences with 6872 columns, 3179 distinct patterns
1135 parsimony-informative, 1340 singleton sites, 4397 constant sites
WARNING: Some sequence names are changed as follows:
JN420356_NA_1234_Zalophus-californianus-(California-sea-lion)_2010 -> JN420356_NA_1234_Zalophus-californianus-_California-sea-lion__2010
JN420351_NA_1136_Zalophus-californianus-(California-sea-lion)_2010 -> JN420351_NA_1136_Zalophus-californianus-_California-sea-lion__2010
LC849253_NA_AstV-Raccoon-dog-Kodo2023-51-2023-JPN_Nyctereutes-procyonoides(racoon-dog)_2023 -> LC849253_NA_AstV-Raccoon-dog-Kodo2023-51-2023-JPN_Nyctereutes-procyonoides_racoon-dog__2023
MT993595_NA_MW09-1o_Arenaria-interpres-(ruddy-turnstone)_2015 -> MT993595_NA_MW09-1o_Arenaria-interpres-_ruddy-turnstone__2015
JN420359_NA_9822_Zalophus-californianus-(California-sea-lion)_2010 -> JN420359_NA_9822_Zalophus-californianus-_California-sea-lion__2010
PQ220257_NA_ASTV-1_Anser-indicus-(Bar-headed-goose)_2020 -> PQ220257_NA_ASTV-1_Anser-indicus-_Bar-headed-goose__2020
MT993583_NA_MW06-2o_Arenaria-interpres-(ruddy-turnstone)_2014 -> MT993583_NA_MW06-2o_Arenaria-interpres-_ruddy-turnstone__2014
MT993596_NA_MW10-1o_Arenaria-interpres-(ruddy-turnstone)_2015 -> MT993596_NA_MW10-1o_Arenaria-interpres-_ruddy-turnstone__2015
KP663426_NA_NA_Coracias-garrulus-(European-roller)_2011 -> KP663426_NA_NA_Coracias-garrulus-_European-roller__2011
FJ890355_NA_NA_Tursiops-truncatus-(Bottlenose-dolphin)_2007 -> FJ890355_NA_NA_Tursiops-truncatus-_Bottlenose-dolphin__2007

                                                                                             Gap/Ambiguity  Composition  p-value
Analyzing sequences: done in 0.000427008 secs using 548.9% CPU
   1  PQ055527_NA_QJ3TS1993_Procambarus-clarkii_2021                                                69.60%    failed      0.00%
   2  PP172690_NA_KCAP1-k141-334640_NA_2022                                                         79.00%    failed      0.00%
   3  MN034082_NA_H2-Bulk-35-scaffold-28_NA_NA                                                      81.32%    failed      0.00%
   4  PP172252_NA_CN1B-k141-41417_NA_2021_reverse                                                   82.49%    failed      0.00%
   5  MG599898_NA_NA_Cynoglossus-sp-_NA                                                             84.02%    failed      0.00%
   6  OR270059_NA_MAR-S_Retropinna-retropinna_2021                                                  86.02%    failed      0.00%
   7  OP556335_NA_16-219p_Dicentrarchus-labrax_2016                                                 86.06%    failed      0.00%
   8  MG599883_NA_NA_Cephalopholis-spiloparaea_NA                                                   86.18%    failed      0.00%
   9  PP173905_NA_SP1A-k141-108659_NA_2021_reverse                                                  86.36%    failed      0.00%
  10  ON982163_NA_SD-19_Hippocampus-erectus_2019                                                    86.96%    failed      0.00%
  11  OR350291_NA_F32_Limnochromis-auritus_2017                                                     88.17%    failed      0.00%
  12  OR350289_NA_F31_Benthochromis-horii_2016                                                      88.78%    failed      0.00%
  13  OR350285_NA_F29_Xenotilapia-nasus_2016                                                        88.78%    failed      0.00%
  14  OM954081_NA_CMU2-DN76774-c0-g2-i1_NA_2019                                                     88.24%    failed      0.00%
  15  MG599882_NA_NA_Banjos-banjos_NA                                                               88.37%    failed      0.00%
  16  OL871128_NA_CB-FW-05-Hayes-RdRp_Gobiomorphus-cotidianus_NA                                    88.88%    failed      0.07%
  17  MZ375141_NA_5PT-RDRP-1_Phrynocephalus-theobaldi_2020                                          90.05%    failed      0.21%
  18  MZ375148_NA_6PT-RDRP-2_Phrynocephalus-theobaldi_2020                                          90.80%    failed      0.10%
  19  MZ375143_NA_5PT-RDRP-3_Phrynocephalus-theobaldi_2020                                          90.10%    failed      0.00%
  20  MG599886_NA_NA_Lethenteron-camtschaticum_NA                                                   90.18%    failed      1.74%
  21  MW645024_NA_NA_Melanotaenia-fluviatilis_2020                                                  90.37%    failed      0.47%
  22  MG599915_NA_NA_Cynops-orientalis_NA                                                           90.37%    failed      2.65%
  23  MG599907_NA_NA_Teratoscincus-roborowskii_NA                                                   90.37%    failed      0.00%
  24  OR350281_NA_F26_Enantiopus-melanogenys_2017                                                   90.40%    failed      2.61%
  25  OR350280_NA_F25_Xenotilapia-boulengeri_2014                                                   90.67%    failed      0.22%
  26  MG599933_NA_NA_Calotes-versicolor_NA                                                          90.42%    failed      0.00%
  27  PQ055528_NA_QJ3TS2970_Procambarus-clarkii_2021                                                90.51%    failed      0.00%
  28  MG599920_NA_NA_Tropidophorus-sinicus_NA                                                       90.54%    failed      0.01%
  29  MG599905_NA_NA_NA_NA                                                                          90.83%    failed      0.29%
  30  MZ291970_NA_G20-108_environment_2019                                                          91.27%    failed      0.39%
  31  MG599932_NA_NA_Polypedates-megacephalus_NA                                                    91.30%    failed      0.15%
  32  MG599904_NA_NA_Myrrophis-chinensis_NA                                                         91.33%    failed      0.05%
  33  PQ055529_NA_QJ3MS35_Procambarus-clarkii_2021                                                  91.40%    failed      0.00%
  34  MZ375140_NA_4PT-RDRP-1_Phrynocephalus-theobaldi_2020                                          91.39%    failed      0.00%
  35  MN920669_NA_ybb150ast01_NA_2018                                                               91.60%    failed      0.00%
  36  MN920668_NA_war204ast1_NA_2018                                                                93.36%    failed      1.19%
  37  PP272790_NA_DN66980_Oligosoma-aeneum_2021                                                     91.66%    failed      0.10%
  38  OQ802749_NA_WZ-Pi-abramus-astro-3_Pipistrellus-abramus_2016                                   91.72%    failed      0.00%
  39  PV979747_NA_K8f-52-Astrovirus-shrew-240620_Su--murinus_2024                                   91.75%    failed      1.95%
  40  PQ421846_NA_LQ4-XSQ_Crocidura-suaveolens_2019_reverse                                         93.39%    failed      3.36%
  41  MG599911_NA_NA_Hyla-simplex_NA                                                                91.78%    passed     30.90%
  42  PQ055533_NA_QJ5MG2088_Procambarus-clarkii_2021                                                91.79%    failed      0.46%
  43  MN920663_NA_spa143ast1_NA_2018                                                                91.79%    failed      0.00%
  44  PP171789_NA_CC1A-k141-26573_NA_2021                                                           91.79%    failed      1.79%
  45  OQ986722_NA_ARAN_Araneae_2021                                                                 91.81%    failed      0.00%
  46  OQ802743_NA_WZ-Hy-pulveratus-astro-1_Hypsugo-pulveratus_2016                                  91.82%    failed      4.64%
  47  OM954094_NA_CMP2-DN37632-c0-g1-i1_NA_2019                                                     91.88%    failed      0.20%
  48  PP174197_NA_SP2C-k141-157132_NA_2021_reverse                                                  91.89%    failed      0.00%
  49  JX857868_NA_VA3-human-Vellore-28054-2005_Homo-sapiens_2005                                    91.95%    failed      0.42%
  50  MZ603076_NA_HAstV-VA2-RVAB_NA_2010                                                            92.72%    failed      0.42%
  51  GQ267696_NA_SZ908_Homo-sapiens_2008                                                           92.39%    failed      0.02%
  52  JX857869_NA_VA4-human-Nepal-S5363-2008_Homo-sapiens_2008                                      92.35%    failed      2.82%
  53  MG599923_NA_NA_Plagiopsetta-sp-_NA                                                            92.03%    passed      5.55%
  54  MG599894_NA_NA_Macroramphosus-scolopax_NA                                                     92.49%    failed      0.01%
  55  MG599936_NA_NA_Hemitriakis-japanica_NA                                                        92.05%    failed      0.32%
  56  FJ571067_NA_LD71_Taphozous-melanopogon_2007                                                   92.05%    failed      0.83%
  57  MT137995_NA_bun145astnc1_NA_2018                                                              92.07%    failed      0.01%
  58  PQ055526_NA_QJ5DG2895_Procambarus-clarkii_2021                                                92.10%    failed      0.00%
  59  PV470470_NA_MP12-k141-82519_Botrylloides-leachii_2021                                         92.10%    failed      0.00%
  60  PP172253_NA_CN1B-k141-41676_NA_2021_reverse                                                   92.11%    failed      0.00%
  61  OM140654_NA_NA_Marmota-caudata_2016                                                           92.14%    passed      6.95%
  62  PP174201_NA_SP2C-k141-173245_NA_2021_reverse                                                  92.13%    failed      0.09%
  63  FJ571068_NA_LS11_Hipposideros-armiger_2007                                                    92.17%    passed      9.05%
  64  OR951096_NA_JX2021_Rhinolophus-affinis_2021                                                   93.38%    passed      5.41%
  65  OR951095_NA_JX2021_Rhinolophus-affinis_2021                                                   93.36%    passed     22.95%
  66  OR951060_NA_GX2016_Taphozous-melanopogon_2016                                                 92.75%    failed      0.94%
  67  OR951034_NA_GD2017-191-26815_Hipposideros-larvatus_2017                                       92.30%    failed      1.83%
  68  FJ571065_NA_LD38_Taphozous-melanopogon_2007                                                   92.40%    failed      1.87%
  69  OQ236124_NA_AstV-CQ-L76-18d-2021_Hipposideros-armiger_2021                                    92.48%    passed     12.27%
  70  OQ236123_NA_AstV-CQ-L76-18c-2021_Hipposideros-armiger_2021                                    92.43%    passed     11.40%
  71  OQ236121_NA_AstV-CQ-L76-18a-2021_Hipposideros-armiger_2021                                    92.52%    passed      9.84%
  72  OQ802736_NA_LQ-Rh-pearsonii-astro-2_Rhinolophus-pearsonii_2016                                92.20%    failed      1.24%
  73  OR951063_NA_GX2017-243-49312_Taphozous-melanopogon_2017                                       92.84%    failed      0.44%
  74  OR951014_NA_YN2020-057-2262_Rhinolophus-affinis_2020                                          92.36%    passed      5.85%
  75  OR951010_NA_GX2018_Scotophilus-kuhlii_2018                                                    92.45%    failed      0.55%
  76  PP711863_NA_18A-Kenya-BAT0736-2015_Miniopterus-sp--clade-10-TD-2020_2015                      92.55%    failed      0.03%
  77  OQ802712_NA_JM-Rh-sinicus-astro-2_Rhinolophus-sinicus_2016                                    92.17%    passed      5.00%
  78  OR951015_NA_YN2020-057-2377_Rhinolophus-affinis_2020                                          92.52%    passed      7.71%
  79  MZ779126_NA_NA_Myodes_2021                                                                    92.17%    passed     19.79%
  80  PX095750_NA_SQ-N-fuscus-Mav_Neodon-fuscus_2023                                                92.91%    passed     38.24%
  81  PQ678015_NA_DHMS-YNSC01_Rattus-tanezumi_2021                                                  93.42%    passed     13.81%
  82  PQ055535_NA_QJ3DS5660_Procambarus-clarkii_2021                                                92.19%    failed      1.07%
  83  OR613299_NA_HLNN15-1_Hipposideros-larvatus_2015                                               92.20%    failed      1.90%
  84  PV793831_NA_AstroviridaeGoosefe93_Anser-sp-_2024                                              92.20%    failed      0.02%
  85  JN420356_NA_1234_Zalophus-californianus-_California-sea-lion__2010                            92.21%    failed      0.10%
  86  PQ055537_NA_QJ3TG2618_Procambarus-clarkii_2021                                                92.24%    failed      0.00%
  87  OQ802704_NA_JM-My-chinensis-astro-1_Myotis-chinensis_2016                                     92.27%    failed      1.49%
  88  PP711856_NA_13A-Kenya-BAT1552-2015_Mops-condylurus_2015                                       93.39%    failed      1.67%
  89  OQ236134_NA_AstV-GZ-L162-18b-2022_Myotis-ricketti_2022                                        93.58%    passed     14.96%
  90  MW249010_NA_DesRot-Peru-AYA14-F-DrAstV_Desmodus-rotundus_2016                                 92.83%    passed     13.93%
  91  MT734809_NA_BAstV-RB_bat_2020                                                                 92.83%    failed      2.42%
  92  OQ986606_NA_GEIG_NA_2021                                                                      92.26%    failed      0.00%
  93  OQ986679_NA_GEIG_NA_2021                                                                      93.26%    failed      2.48%
  94  OM953847_NA_CMF1-DN41866-c1-g1-i1_NA_2019                                                     92.26%    failed      0.42%
  95  JN420351_NA_1136_Zalophus-californianus-_California-sea-lion__2010                            92.29%    failed      0.11%
  96  LC849253_NA_AstV-Raccoon-dog-Kodo2023-51-2023-JPN_Nyctereutes-procyonoides_racoon-dog__2023   92.59%    passed     11.90%
  97  OQ198041_NA_AstroviridaeDogfe351C1full_canine_2020                                            92.56%    passed      9.19%
  98  MG599913_NA_NA_Pachytriton-brevipes_NA                                                        92.30%    failed      1.45%
  99  OP589985_NA_EBW-Sk-9_Miniopterus-orianae-oceanensis_2013                                      92.30%    failed      0.02%
 100  OP589980_NA_EBW-Sk-4_Miniopterus-orianae-oceanensis_2013                                      92.30%    failed      0.11%
 101  OQ986677_NA_GEIG_NA_2021                                                                      92.30%    failed      2.99%
 102  MG599909_NA_NA_Microhyla-pulchra_NA                                                           92.30%    passed      6.57%
 103  PP700500_NA_F32_Eviota-sp-_2022                                                               92.32%    failed      1.17%
 104  OQ802710_NA_JM-My-chinensis-astro-6_Myotis-chinensis_2016                                     92.32%    failed      0.10%
 105  OM953846_NA_CMF2-DN30973-c0-g1-i4_NA_2019                                                     92.33%    failed      0.10%
 106  MG599889_NA_NA_Scoliodon-macrorhynchos_NA                                                     92.33%    failed      3.46%
 107  AF206663_NA_NA_NA_NA                                                                          92.33%    failed      1.94%
 108  KF753807_NA_NA_NA_2012                                                                        92.51%    failed      0.61%
 109  OR951087_NA_YN2020-321-29515_Miniopterus-schreibersii_2020                                    92.35%    failed      0.71%
 110  EU847149_NA_WCF4_Miniopterus-pusillus_2004                                                    92.49%    failed      0.44%
 111  OR951098_NA_JX2021-368-226027_Rhinolophus-sinicus_2021                                        92.35%    failed      0.29%
 112  OR951097_NA_JX2021-367-194485_Rhinolophus-sinicus_2021                                        92.36%    failed      4.11%
 113  OR951072_NA_GD2016-278-110098_Myotis-chinensis_2016                                           92.91%    failed      2.17%
 114  OR951020_NA_GD2020_Rhinolophus-affinis_2020                                                   93.51%    passed     14.23%
 115  OR951013_NA_YN2020-057-1262_Rhinolophus-affinis_2020                                          92.61%    failed      4.04%
 116  OR552421_NA_seven_Nyctalus-noctula_2023                                                       92.64%    failed      0.26%
 117  OQ236139_NA_AstV-GD-L95-21-2022_Rhinolophus-sinicus_2022                                      92.37%    failed      4.09%
 118  OR951081_NA_Pool-312_Hipposideros-sp-_2020                                                    92.61%    passed     19.62%
 119  OQ236114_NA_AstV-GD-L93-21-2022_Rhinolophus-pusillus_2022                                     92.56%    failed      1.01%
 120  OP963603_NA_NA_Rhinolophus-pusillus_2018                                                      92.46%    failed      3.90%
 121  OR951059_NA_GD2016-230-3862_Miniopterus-pusillus_2016                                         92.36%    passed      5.15%
 122  OR951086_NA_YN2020-321-25819_Miniopterus-schreibersii_2020                                    92.36%    failed      0.40%
 123  PP711873_NA_3A-Kenya-BAT0736-2015_Miniopterus-sp--clade-10-TD-2020_2015                       92.58%    failed      0.04%
 124  OP589978_NA_EBW-Sk-2_Miniopterus-orianae-oceanensis_2013                                      92.37%    failed      0.52%
 125  OP589977_NA_EBW-Sk-1_Miniopterus-orianae-oceanensis_2013                                      92.37%    failed      0.09%
 126  MW450837_NA_BF2-astro-YN-CHN-2020_Miniopterus-schreibersii_2020                               92.58%    failed      0.50%
 127  MZ218053_NA_BtAstV-21164-6-A-M-dau-DK-2015_Myotis-daubentonii_2015                            92.40%    passed      7.07%
 128  EU847155_NA_AFCD337_Miniopterus-pusillus_2006                                                 92.39%    failed      2.08%
 129  EU847154_NA_WCF214_Miniopterus-pusillus_2005                                                  92.53%    failed      2.48%
 130  EU847153_NA_AFCD68_Miniopterus-magnater_2005                                                  92.53%    failed      0.28%
 131  EU847151_NA_AFCD77_Miniopterus-magnater_2005                                                  92.52%    failed      0.04%
 132  EU847150_NA_AFCD82_Miniopterus-magnater_2005                                                  92.52%    failed      4.20%
 133  EU847148_NA_WCF90_Miniopterus-magnater_2004                                                   92.53%    failed      0.39%
 134  EU847147_NA_WCF98_Miniopterus-magnater_2004                                                   92.55%    failed      0.36%
 135  ON893139_NA_SYMN012_Miniopterus-natalensis_NA                                                 92.55%    failed      0.14%
 136  MK096773_NA_PasAstV-1_Passeriformes_NA                                                        92.36%    failed      1.17%
 137  OR951080_NA_HB2020-306-19370_Rhinolophus-sinicus_2020                                         92.37%    failed      1.78%
 138  MK987100_NA_BoAstV-VC34-346_Bos-taurus_2016                                                   92.37%    failed      0.28%
 139  Y15937_NA_NA_sheep_NA                                                                         92.39%    failed      0.66%
 140  PX095800_NA_DL-P-nayaur-Mav-1_Pseudois-nayaur_2023                                            92.72%    passed      5.18%
 141  OK107514_NA_NA_goat_2021                                                                      92.42%    failed      0.48%
 142  LT706531_NA_UK-2013-ewe-lib01454_NA_NA                                                        92.42%    failed      1.32%
 143  OR613294_NA_MSCZC1516-7_Miniopterus-schreibersii_2015                                         92.39%    failed      1.15%
 144  OR951021_NA_GX2019-145-83144_Tylonycteris-pachypus_2019                                       92.46%    failed      0.01%
 145  PP711874_NA_4A-Kenya-BAT3003-2015_Miniopterus-sp--B76_2015                                    92.74%    passed     12.92%
 146  OR613303_NA_MSJDC22-12649_Miniopterus-schreibersii_2022                                       92.40%    failed      0.46%
 147  OR613301_NA_MSCZC1516-7_Miniopterus-schreibersii_2015                                         93.67%    passed     17.42%
 148  OQ802750_NA_WZ-My-laniger-astro-2_Myotis-laniger_2016                                         92.51%    failed      4.87%
 149  OR951079_NA_HB2020-303-11589_Rhinolophus-ferrumequinum_2020                                   92.39%    passed     12.97%
 150  OQ236128_NA_AstV-SC-L74-18c-2021_Hipposideros-armiger_2021                                    92.39%    failed      3.66%
 151  OR951052_NA_GX2017_fish_2020                                                                  92.39%    failed      3.83%
 152  PV418557_NA_CaAstV-Dog-AUS-perth-6-2022_Canis-lupus-familiaris_2022                           92.40%    failed      4.48%
 153  MW037839_NA_NA_Felis-catus_2018                                                               92.45%    failed      0.10%
 154  OQ802733_NA_JM-Cr-shantungensis-astro-1_Crocidura-shantungensis_2016                          92.40%    failed      0.01%
 155  PQ421850_NA_QJ1-CWDS_Crocidura-dracula_2017                                                   92.69%    failed      1.61%
 156  KY933399_NA_U460_pig_2012                                                                     92.40%    passed      9.48%
 157  MN035758_NA_H1-Rhizo-26-FD-scaffold-114_NA_NA                                                 92.42%    passed     39.15%
 158  MT993595_NA_MW09-1o_Arenaria-interpres-_ruddy-turnstone__2015                                 92.42%    failed      0.92%
 159  OR711901_NA_YNKm72022_Rattus-norvegicus_2022                                                  92.42%    failed      1.21%
 160  KT946718_NA_D11-139-HK_house-crow_NA                                                          92.42%    failed      0.31%
 161  OQ986608_NA_RHFU_NA_2021                                                                      93.25%    failed      1.16%
 162  OR951026_NA_GX2017-185-6114_Scotophilus-kuhlii_2017                                           92.43%    passed     10.90%
 163  FJ571066_NA_LD77_Taphozous-melanopogon_2007                                                   93.18%    passed      5.68%
 164  OQ693700_NA_DAstV-1_donkey_NA                                                                 92.43%    passed      7.22%
 165  PQ055536_NA_QJ5DG1896_Procambarus-clarkii_2021                                                92.45%    failed      0.00%
 166  MT832894_NA_TO-162_Homo-sapiens_2011                                                          92.45%    passed      8.55%
 167  JN420359_NA_9822_Zalophus-californianus-_California-sea-lion__2010                            92.51%    passed      6.36%
 168  PV093029_NA_NA_Neogale-vison_2023                                                             92.45%    failed      0.28%
 169  OR907127_NA_NA_Goose_2023                                                                     92.49%    failed      0.03%
 170  MH712856_NA_NA_duck_2012                                                                      92.49%    failed      0.04%
 171  MW588062_NA_NA_NA_NA                                                                          92.45%    failed      0.89%
 172  MG599930_NA_NA_Minous-monodactylus_NA                                                         92.45%    failed      0.24%
 173  OQ236125_NA_AstV-CQ-L76-18e-2021_Hipposideros-armiger_2021                                    92.46%    failed      2.22%
 174  PP173619_NA_MP3-k141-278491_NA_2022_reverse                                                   92.46%    failed      0.97%
 175  PP173376_NA_KCAP3-k141-88145_NA_2022_reverse                                                  92.48%    failed      0.00%
 176  JF832365_NA_4175_Gallus-gallus_2006                                                           92.48%    failed      0.08%
 177  PV793828_NA_AstroviridaeGoosefe87_Anser-sp-_2024                                              92.49%    failed      1.11%
 178  OR924090_NA_NA_Goose_2021                                                                     92.52%    failed      0.11%
 179  MW505490_NA_NA_goose_2019                                                                     92.49%    failed      0.58%
 180  MG599922_NA_NA_Gonorynchus-abbreviatus_NA                                                     92.49%    failed      0.32%
 181  MF033385_NA_S510_Rattus-norvegicus_2017                                                       92.49%    failed      1.03%
 182  PP763758_NA_AAstV-Goose-CHN-2023-C102_goose_2023                                              92.49%    failed      0.01%
 183  MN832787_NA_BtAstV-13585-58-M-dau-DK-2014_Myotis-daubentonii_2014                             92.49%    passed      6.46%
 184  OR951045_NA_GD2017-207-27658_Myotis-pilosus_2017                                              92.51%    failed      2.19%
 185  PV793827_NA_AstroviridaeCranefe81_Leucogeranus-leucogeranus_2024                              92.51%    failed      0.69%
 186  MW588064_NA_NA_NA_NA                                                                          93.31%    failed      0.27%
 187  MG599928_NA_NA_Parapercis-lutevittata_NA                                                      92.52%    failed      0.63%
 188  MG599884_NA_NA_NA_NA                                                                          93.10%    failed      0.00%
 189  MG599901_NA_NA_Lepidotrigla-sp-_NA                                                            92.55%    failed      1.13%
 190  PV093021_NA_NA_Neogale-vison_2023                                                             92.52%    failed      4.29%
 191  PQ435248_NA_FeAstV-THA-CU34912-2023_Felis-catus_2023                                          92.52%    passed     13.98%
 192  PP871881_NA_astro-vt-163_Sus-scrofa-domesticus_2014                                           92.87%    failed      0.97%
 193  PV247174_NA_LUVAS-2023-PAstV-21_pig_2023                                                      92.52%    failed      0.64%
 194  PP171953_NA_CC1B-k141-72897_NA_2021                                                           92.53%    passed     20.29%
 195  KY855439_NA_NA_Marmota-himalayana_2013                                                        92.53%    failed      0.09%
 196  OM953850_NA_CMU1-DN176158-c0-g1-i1_NA_2019                                                    92.53%    failed      4.36%
 197  PV793832_NA_AstroviridaeGoosefe95V1_Anser-sp-_2024                                            92.55%    failed      0.02%
 198  PQ220257_NA_ASTV-1_Anser-indicus-_Bar-headed-goose__2020                                      93.28%    failed      0.32%
 199  MG599900_NA_NA_Hime-japonica_NA                                                               92.55%    passed     28.53%
 200  OQ198047_NA_AstroviridaeDogfe326C1full_canine_2020                                            92.56%    passed      5.33%
 201  JF729316_NA_TN-rabbit-10-2208_Oryctolagus-cuniculus_2010                                      92.58%    failed      3.03%
 202  PV088328_NA_NA_Homo-sapiens_2014                                                              92.56%    passed      6.77%
 203  MK089435_NA_668_Homo-sapiens_2015                                                             92.56%    passed     12.72%
 204  AB823732_NA_BtnMLB1-86_Homo-sapiens-1-months-old-male_2010                                    92.56%    passed     22.87%
 205  MG599899_NA_NA_Pleuronichthys-japonicus_NA                                                    92.56%    failed      0.42%
 206  MG599926_NA_NA_Arnoglossus-sp-_NA                                                             92.56%    failed      0.10%
 207  MZ150559_NA_ANV-Chicken-CHN-2020-AH202017_chicken_2020                                        92.58%    failed      0.98%
 208  PP871808_NA_astro-vt-90_Gallus-gallus_2015                                                    92.62%    passed     10.11%
 209  PP478076_NA_PL-pigeon-24-2023_carrier-pigeon_2023                                             92.62%    failed      0.75%
 210  MG599924_NA_NA_Crossorhombus-sp-_NA                                                           92.58%    failed      1.75%
 211  MG599925_NA_NA_Crossorhombus-sp-_NA                                                           92.64%    failed      0.97%
 212  MT993583_NA_MW06-2o_Arenaria-interpres-_ruddy-turnstone__2014                                 92.59%    failed      1.64%
 213  MH453801_NA_AstV-Red-necked-Avocet-MW09-Interior_Red-necked-Avocet_2013                       92.61%    failed      1.11%
 214  KT946721_NA_D11-148-2-HK_white-eye_NA                                                         92.59%    failed      0.00%
 215  MG599888_NA_NA_Scoliodon-macrorhynchos_NA                                                     92.59%    failed      0.10%
 216  KX599351_NA_NA_dog_2012                                                                       92.59%    failed      0.02%
 217  ON624282_NA_NA_cow_2021                                                                       92.59%    failed      3.78%
 218  OR951069_NA_YN2017_Rousettus-leschenaultii_2017                                               93.04%    failed      1.06%
 219  OR367606_NA_YakFeces06-11940_Bos-mutus_2021                                                   93.42%    passed     37.26%
 220  PP646881_NA_GX-WZ-2023_goat_2023                                                              92.71%    failed      0.81%
 221  MK404646_NA_NA_Capra-hircus_2017                                                              92.69%    failed      1.81%
 222  OP076748_NA_DcAstV-Jd57-KSA-2014_Camelus-dromedarius_2014                                     92.69%    passed      6.70%
 223  MW504552_NA_15214-AST-len-6117-cov-31-526724_Sus-scrofa_2018                                  92.65%    failed      0.61%
 224  MN087316_NA_NA_white-tailed-deer_2018                                                         92.69%    failed      3.35%
 225  LC047789_NA_NA_Bos-taurus_2009                                                                92.69%    failed      3.38%
 226  HQ916316_NA_NA_cattle_NA                                                                      92.69%    passed     17.94%
 227  MT993596_NA_MW10-1o_Arenaria-interpres-_ruddy-turnstone__2015                                 92.59%    failed      1.16%
 228  MG599903_NA_NA_Bufo-gargarizans_NA                                                            92.59%    failed      3.71%
 229  PV793829_NA_AstroviridaeGoosefe94_Anser-sp-_2024                                              92.61%    failed      0.00%
 230  PP174052_NA_SP1C-k141-170176_NA_2021                                                          92.61%    passed     35.63%
 231  MG599918_NA_NA_Hemidactylus-bowringii_NA                                                      92.62%    failed      3.90%
 232  MG599917_NA_NA_Gekko-similignum_NA                                                            93.28%    passed      9.74%
 233  MG599910_NA_NA_Duttaphrynus-melanostictus_NA                                                  92.62%    passed      8.33%
 234  MG599921_NA_NA_Macroramphosus-scolopax_NA                                                     92.62%    passed     32.38%
 235  KC692365_NA_fox-5_Vulpes-vulpes_2012                                                          92.65%    passed     21.06%
 236  OR367608_NA_YakFeces06-13688_Bos-mutus_2021                                                   92.65%    passed      9.11%
 237  OQ198044_NA_AstroviridaeDogfe337C1full_canine_2020                                            92.65%    failed      0.79%
 238  ON624251_NA_NA_cow_2021                                                                       92.65%    passed     16.37%
 239  OR367603_NA_YakFeces06-1944_Bos-mutus_2021_reverse                                            92.96%    failed      1.20%
 240  MG599916_NA_NA_Cynops-orientalis_NA                                                           92.65%    failed      0.00%
 241  OQ986607_NA_GEIG_NA_2021                                                                      92.67%    failed      0.21%
 242  KT946731_NA_HK-CWRN1RV_Rattus-norvegicus_NA                                                   92.67%    failed      2.11%
 243  PV351772_NA_HN-K7f-51_Suncus-murinus_2024_reverse                                             93.06%    failed      4.87%
 244  PQ541178_NA_Mu--setulosus-astro_Mus-setulosus_2023                                            92.99%    failed      3.16%
 245  OQ802759_NA_WF-Ni-niviventer-astro-1_Niviventer-niviventer_2016                               92.69%    failed      0.34%
 246  OQ802722_NA_WZ-Ra-tanezumi-astro-1_Rattus-tanezumi_2016                                       92.67%    passed     13.36%
 247  JX544744_NA_NA_NA_2011                                                                        92.71%    passed      9.69%
 248  NC_036583_NA_GX-006_Rattus-norvegicus_NA                                                      92.67%    failed      3.33%
 249  PP711188_NA_Hplan-A-304122_Heteronotia-planiceps_2017                                         92.67%    passed     19.51%
 250  PP174037_NA_SP1C-k141-138402_NA_2021_reverse                                                  92.68%    passed     10.90%
 251  MZ819170_NA_PoAstV5-Swine-CHI-FB036-2017_Sus-scrofa_2017                                      92.68%    failed      0.00%
 252  OM480543_NA_NA_Coypu_2020                                                                     92.68%    passed     30.57%
 253  MG599891_NA_NA_Lethenteron-camtschaticum_NA                                                   92.68%    passed     39.43%
 254  OR951053_NA_JX2020_fish_2020                                                                  93.04%    passed      8.22%
 255  OQ802738_NA_LQ-Ap-agrarius-astro-1_Apodemus-agrarius_2016                                     92.69%    failed      1.88%
 256  PP871787_NA_astro-vt-69_Sus-scrofa-domesticus_2015                                            92.69%    failed      1.04%
 257  PP871761_NA_astro-vt-43_Gallus-gallus_2016                                                    92.77%    failed      3.47%
 258  PQ678098_NA_ZTYS-YNSC187_Apodemus-chevrieri_2022                                              92.99%    passed     19.03%
 259  OQ236112_NA_AstV-GD-C5-49-18-2022_Niviventer-sp-_2021                                         93.57%    passed     86.19%
 260  OL345583_NA_DB03F-SX-2018_Meriones-unguiculatus_2018                                          92.69%    passed     15.93%
 261  MW826371_NA_XZN01_bird_2018                                                                   92.69%    failed      0.07%
 262  MG599893_NA_NA_Coelorinchus-multispinulosus_NA                                                92.71%    failed      1.66%
 263  MG599931_NA_NA_Polypedates-megacephalus_NA                                                    92.71%    failed      0.05%
 264  MG599895_NA_NA_Coelorinchus-multispinulosus_NA                                                92.71%    failed      2.77%
 265  MG599897_NA_NA_Coelorinchus-multispinulosus_NA                                                93.29%    passed      9.75%
 266  PP173952_NA_SP1A-k141-93956_NA_2021_reverse                                                   92.72%    failed      0.20%
 267  PQ055532_NA_QJ3DS2284_Procambarus-clarkii_2021                                                92.74%    failed      0.00%
 268  OM953848_NA_CMF1-DN41184-c0-g1-i1_NA_2019                                                     92.75%    failed      0.00%
 269  PP623814_NA_MP22-196_Mareca-falcata_2022                                                      92.74%    failed      0.00%
 270  PQ421849_NA_YL-SCDW_Anourosorex-squamipes_2015                                                92.74%    failed      1.69%
 271  PX236817_NA_M22_Trichosurus-vulpecula_2021                                                    92.75%    failed      2.65%
 272  OM953849_NA_CMF2-DN31075-c0-g1-i1_NA_2019                                                     92.77%    failed      0.07%
 273  OM953851_NA_CMF2-DN25939-c0-g1-i1_NA_2019                                                     92.75%    failed      0.03%
 274  OM480534_NA_NA_Porcupine_2020                                                                 92.75%    failed      0.04%
 275  OQ986648_NA_GEIG_NA_2021                                                                      92.78%    failed      0.86%
 276  KP663426_NA_NA_Coracias-garrulus-_European-roller__2011                                       92.81%    passed     16.92%
 277  MG599912_NA_NA_Sylvirana-guentheri_NA                                                         92.81%    failed      2.69%
 278  OM514376_NA_LSHLS353_Leersia-hexandra_2019                                                    92.81%    failed      0.00%
 279  PQ421841_NA_QJ1-CWDS_Crocidura-dracula_2017                                                   92.81%    failed      0.01%
 280  PV708886_NA_Chenqi-074_Marmota-sibirica_2023                                                  92.84%    failed      0.03%
 281  BR001717_NA_macaque-feces-2019-624_Macaca-mulatta_NA                                          92.84%    passed      8.98%
 282  MK521912_NA_NA_Sarcophilus-harrisii_2016                                                      92.86%    failed      0.59%
 283  MH453800_NA_AstV-Red-necked-Avocet-MW08-Interior_Red-necked-Avocet_2013                       92.86%    failed      0.46%
 284  MT138010_NA_prf037ast2_NA_2018                                                                93.52%    failed      0.53%
 285  MT138007_NA_ltr178ast1_NA_2018                                                                92.97%    failed      1.95%
 286  MT138005_NA_hwf041ast1_NA_2018                                                                92.97%    failed      0.25%
 287  MT138002_NA_cra070ast1_NA_2018                                                                92.97%    failed      0.02%
 288  MT137999_NA_coa196ast1_NA_2018                                                                92.97%    failed      0.03%
 289  MT137996_NA_cfe153ast01_NA_2018                                                               93.07%    failed      0.52%
 290  MG599902_NA_NA_Pterygotrigla-hemisticta_NA                                                    92.90%    failed      1.36%
 291  MK096775_NA_PasAstV-3_Passeriformes_2016                                                      92.88%    failed      0.09%
 292  ON595949_NA_F14_Istigobius-goldmanni_2021                                                     92.94%    passed      8.72%
 293  ON595937_NA_F2_Cabillus-tongarevae_2021                                                       93.12%    failed      0.90%
 294  MT137991_NA_bbr144ast1_NA_2018                                                                92.96%    failed      0.39%
 295  MT137994_NA_bsk136ast01_NA_2018                                                               92.97%    failed      0.23%
 296  MN626434_NA_AV-UKMa1-TT_Microtus-agrestis_2014                                                92.99%    passed     30.14%
 297  OM953841_NA_CMU2-DN78443-c0-g1-i1_NA_2019                                                     92.99%    failed      0.01%
 298  PQ055541_NA_QJ3TS3058_Procambarus-clarkii_2021                                                92.99%    failed      0.00%
 299  OR270057_NA_KAI-S_Retropinna-retropinna_2021_reverse                                          93.00%    failed      0.05%
 300  MK096774_NA_PasAstV-2_Passeriformes_2016                                                      93.03%    failed      0.57%
 301  PQ055540_NA_QJ3MG1028_Procambarus-clarkii_2021                                                93.06%    failed      0.00%
 302  OQ236157_NA_AstV-GX-B30M0312-2019_Rhizomys-pruinosus_2019                                     93.07%    passed      6.84%
 303  FJ890355_NA_NA_Tursiops-truncatus-_Bottlenose-dolphin__2007                                   93.13%    failed      3.85%
 304  MW385412_NA_NA_Crow_2017                                                                      93.13%    failed      0.86%
 305  MN035893_NA_H3-Bulk-Litter-17-scaffold-17037_NA_NA                                            93.13%    failed      0.33%
 306  PP174176_NA_SP2B-k141-169106_NA_2021                                                          93.16%    failed      0.08%
 307  OQ986609_NA_RHFU_NA_2021_reverse                                                              93.18%    failed      0.81%
 308  MZ375134_NA_1PE-RDRP-4_Phrynocephalus-erythrurus_2020                                         93.20%    failed      1.60%
 309  PP711877_NA_5A-Kenya-BAT0738-2015_Miniopterus-sp--clade-10-TD-2020_2015                       93.22%    passed     23.87%
 310  MT138009_NA_prf037ast1nc_NA_2018                                                              93.23%    passed      6.60%
 311  PP352010_NA_Hunan-CHN-2022_Pelophylax-nigromaculatus_2022                                     93.23%    failed      0.01%
 312  MZ375133_NA_1PE-RDRP-3_Phrynocephalus-erythrurus_2020                                         93.25%    failed      3.38%
 313  PV793833_NA_AstroviridaeGoosefe95V2_Anser-sp-_2024                                            93.26%    failed      0.49%
 314  PQ110289_NA_Or-elegans1-agamemnon2_Oryctes-sp-_2024                                           93.25%    failed      0.05%
 315  PP590730_NA_MRL-L_Muraenolepis-sp-_2021                                                       93.28%    failed      1.20%
 316  MW826482_NA_YSN02_bird_2019                                                                   93.28%    failed      0.00%
 317  MG599892_NA_NA_Lethenteron-camtschaticum_NA                                                   93.29%    passed     49.63%
 318  MN034752_NA_H1-Rhizo-Litter-1-scaffold-1158_NA_NA_reverse                                     93.29%    failed      0.04%
 319  OQ606244_NA_RR034B_Rousettus-madagascariensis_2018                                            93.32%    passed     48.16%
 320  PP711880_NA_8A-Uganda-UGR87-2019_Rousettus-aegyptiacus_2019                                   93.48%    passed     45.58%
 321  PP700499_NA_F31_Dascyllus-reticulatus_2022                                                    93.36%    failed      1.64%
 322  OM953842_NA_CMU2-DN75963-c0-g1-i1_NA_2019                                                     93.39%    passed     10.80%
 323  PP173125_NA_KCAP3-k141-153500_NA_2022_reverse                                                 93.39%    failed      2.18%
 324  MW826483_NA_YSN01_bird_2019                                                                   93.41%    failed      1.63%
 325  PQ792554_NA_Svole195-astro1_Neodon-fuscus_2023                                                93.41%    passed     41.26%
 326  MN920670_NA_ybw202ast01_NA_2018                                                               93.42%    failed      4.56%
 327  MZ375139_NA_3PE-RDRP-2_Phrynocephalus-erythrurus_2020                                         93.45%    passed      5.18%
 328  OM954082_NA_CMU2-DN72442-c0-g1-i1_NA_2019                                                     93.47%    passed      5.17%
 329  PP211222_NA_Ra-norvegicus-bastro-5_Rattus-norvegicus_2018                                     93.57%    failed      0.00%
 330  PP352011_NA_Jiangxi-CHN-2022_Pelophylax-nigromaculatus_2022                                   93.63%    passed     28.99%
 331  PQ792140_NA_Sarthropod009-astro1_Helobdella-robusta_2023                                      93.63%    failed      0.01%
 332  MN033591_NA_H4-Rhizo-44-scaffold-12707_NA_NA                                                  93.64%    failed      0.48%
 333  PQ055538_NA_QJ3TG3868_Procambarus-clarkii_2021                                                93.64%    passed     63.39%
 334  MG599880_NA_NA_Hyporhamphus-sajori_NA                                                         93.68%    failed      0.00%
 335  OR871060_NA_HAFQP22-11_Hipposideros-armiger_2022                                              93.70%    passed      7.02%
 336  OR951011_NA_GX2018_Scotophilus-kuhlii_2018                                                    93.68%    failed      2.18%
WARNING: 336 sequences contain more than 50% gaps/ambiguity
****  TOTAL                                                                                         92.20%  254 sequences failed composition chi2 test (p-value<5%; df=19)
Checking for duplicate sequences: done in 0.000772953 secs using 232.4% CPU


Create initial parsimony tree by phylogenetic likelihood library (PLL)... 0.178 seconds
Measuring multi-threading efficiency up to 10 CPU cores
7 trees examined
Threads: 1 / Time: 10.337 sec / Speedup: 1.000 / Efficiency: 100% / LogL: -364972
Threads: 2 / Time: 6.893 sec / Speedup: 1.500 / Efficiency: 75% / LogL: -364972
Threads: 3 / Time: 4.798 sec / Speedup: 2.154 / Efficiency: 72% / LogL: -364972
Threads: 4 / Time: 4.128 sec / Speedup: 2.504 / Efficiency: 63% / LogL: -364972
Threads: 5 / Time: 4.039 sec / Speedup: 2.559 / Efficiency: 51% / LogL: -364972
Threads: 6 / Time: 4.188 sec / Speedup: 2.468 / Efficiency: 41% / LogL: -364972
Determining AUTO threadcount: done in 34.4243 secs using 209.2% CPU
BEST NUMBER OF THREADS: 4

Perform fast likelihood tree search using LG+I+G model...
Estimate model parameters (epsilon = 5.000)
Perform nearest neighbor interchange...
Optimizing NNI: done in 7.91929 secs using 305% CPU
Estimate model parameters (epsilon = 1.000)
1. Initial log-likelihood: -250651.669
2. Current log-likelihood: -250649.013
3. Current log-likelihood: -250647.267
4. Current log-likelihood: -250646.099
Optimal log-likelihood: -250645.318
Proportion of invariable sites: 0.006
Gamma shape alpha: 1.140
Parameters optimization took 4 rounds (5.042 sec)
Time for fast ML tree search: 29.372 seconds

NOTE: ModelFinder requires 1673 MB RAM!
ModelFinder will test up to 1232 protein models (sample size: 6872 epsilon: 0.100) ...
 No. Model         -LnL         df  AIC          AICc         BIC
  1  LG            261739.430   669 524816.860   524961.404   529389.616
  2  LG+I          261136.840   670 523613.681   523758.680   528193.272
  3  LG+G4         250762.284   670 502864.568   503009.568   507444.159
  4  LG+I+G4       250644.028   671 502630.057   502775.512   507216.483
  5  LG+R2         253054.918   671 507451.835   507597.291   512038.262
  6  LG+R3         251263.364   673 503872.727   504019.098   508472.824
  7  LG+R4         250495.060   675 502340.121   502487.410   506953.888
  8  LG+R5         250239.043   677 501832.085   501980.295   506459.523
  9  LG+R6         250088.261   679 501534.522   501683.657   506175.630
 10  LG+R7         249944.231   681 501250.462   501400.525   505905.241
 11  LG+R8         249895.982   683 501157.964   501308.957   505826.412
 12  LG+R9         249883.703   685 501137.407   501289.334   505819.526
 13  LG+R10        249883.553   687 501141.105   501293.970   505836.895
 14  LG+I+R2       252766.133   672 506876.267   507022.179   511469.528
 15  LG+I+R3       251138.424   674 503624.848   503771.677   508231.780
 16  LG+I+R4       250392.319   676 502136.638   502284.387   506757.240
 17  LG+I+R5       250200.408   678 501756.816   501905.488   506391.089
 18  LG+I+R6       250031.019   680 501422.037   501571.635   506069.980
 19  LG+I+R7       249981.984   682 501327.968   501478.495   505989.582
 20  LG+I+R8       249969.034   684 501306.067   501457.527   505981.351
 21  LG+I+R9       249968.462   686 501308.925   501461.320   505997.879
 33  LG+F+R8       250519.001   702 502442.002   502601.998   507240.320
 34  LG+F+R9       250506.345   704 502420.689   502581.649   507232.678
 55  WAG+R8        250817.948   683 503001.897   503152.890   507670.346
 56  WAG+R9        250795.274   685 502960.547   503112.474   507642.666
 77  WAG+F+R8      250991.723   702 503387.447   503547.442   508185.765
 78  WAG+F+R9      250973.476   704 503354.952   503515.912   508166.940
 99  JTT+R8        253434.684   683 508235.367   508386.360   512903.816
100  JTT+R9        253381.004   685 508132.008   508283.935   512814.127
121  JTT+F+R8      253429.303   702 508262.606   508422.601   513060.924
122  JTT+F+R9      253386.855   704 508181.710   508342.670   512993.698
143  Q.PFAM+R8     250088.536   683 501543.072   501694.065   506211.521
144  Q.PFAM+R9     250041.871   685 501453.742   501605.669   506135.861
165  Q.PFAM+F+R8   250560.604   702 502525.208   502685.203   507323.525
166  Q.PFAM+F+R9   250520.710   704 502449.419   502610.379   507261.407
187  Q.BIRD+R8     259417.250   683 520200.500   520351.493   524868.949
188  Q.BIRD+R9     259354.647   685 520079.293   520231.220   524761.412
209  Q.BIRD+F+R8   259830.646   702 521065.291   521225.287   525863.609
210  Q.BIRD+F+R9   259775.646   704 520959.293   521120.253   525771.281
231  Q.MAMMAL+R8   257174.218   683 515714.435   515865.428   520382.884
232  Q.MAMMAL+R9   257113.937   685 515597.874   515749.801   520279.993
253  Q.MAMMAL+F+R8 257430.187   702 516264.373   516424.369   521062.691
254  Q.MAMMAL+F+R9 257381.458   704 516170.915   516331.875   520982.903
275  Q.INSECT+R8   251618.119   683 504602.237   504753.230   509270.686
276  Q.INSECT+R9   251552.864   685 504475.728   504627.655   509157.847
297  Q.INSECT+F+R8 252029.871   702 505463.743   505623.738   510262.061
298  Q.INSECT+F+R9 251959.055   704 505326.111   505487.071   510138.099
319  Q.PLANT+R8    254995.579   683 511357.158   511508.151   516025.607
320  Q.PLANT+R9    254924.391   685 511218.781   511370.708   515900.900
341  Q.PLANT+F+R8  255413.211   702 512230.423   512390.418   517028.741
342  Q.PLANT+F+R9  255354.302   704 512116.603   512277.563   516928.591
363  Q.YEAST+R8    251692.304   683 504750.609   504901.601   509419.057
364  Q.YEAST+R9    251627.513   685 504625.027   504776.953   509307.146
385  Q.YEAST+F+R8  251141.849   702 503687.698   503847.694   508486.016
386  Q.YEAST+F+R9  251097.977   704 503603.953   503764.913   508415.942
407  JTTDCMUT+R8   253346.805   683 508059.611   508210.604   512728.060
408  JTTDCMUT+R9   253293.044   685 507956.088   508108.015   512638.207
429  JTTDCMUT+F+R8 253343.301   702 508090.601   508250.597   512888.919
430  JTTDCMUT+F+R9 253300.712   704 508009.424   508170.384   512821.413
451  DCMUT+R8      255257.712   683 511881.424   512032.417   516549.873
452  DCMUT+R9      255232.540   685 511835.079   511987.006   516517.198
473  DCMUT+F+R8    253935.682   702 509275.365   509435.360   514073.683
474  DCMUT+F+R9    253911.116   704 509230.233   509391.193   514042.221
495  VT+R8         250742.893   683 502851.787   503002.780   507520.235
496  VT+R9         250710.232   685 502790.464   502942.391   507472.583
517  VT+F+R8       251052.172   702 503508.344   503668.339   508306.661
518  VT+F+R9       251022.312   704 503452.623   503613.583   508264.611
539  PMB+R8        250994.549   683 503355.097   503506.090   508023.546
540  PMB+R9        250964.043   685 503298.087   503450.013   507980.206
561  PMB+F+R8      251663.189   702 504730.379   504890.374   509528.696
562  PMB+F+R9      251631.578   704 504671.157   504832.117   509483.145
583  BLOSUM62+R8   250812.788   683 502991.576   503142.569   507660.024
584  BLOSUM62+R9   250782.763   685 502935.526   503087.453   507617.645
605  BLOSUM62+F+R8 251345.378   702 504094.757   504254.752   508893.074
606  BLOSUM62+F+R9 251331.326   704 504070.652   504231.612   508882.640
627  DAYHOFF+R8    255266.863   683 511899.726   512050.719   516568.175
628  DAYHOFF+R9    255241.606   685 511853.213   512005.140   516535.332
649  DAYHOFF+F+R8  253947.735   702 509299.470   509459.466   514097.788
650  DAYHOFF+F+R9  253923.092   704 509254.185   509415.145   514066.173
671  MTREV+R8      266189.194   683 533744.389   533895.382   538412.838
672  MTREV+R9      266140.356   685 533650.712   533802.639   538332.831
693  MTREV+F+R8    256972.433   702 515348.866   515508.861   520147.184
694  MTREV+F+R9    256905.009   704 515218.019   515378.979   520030.007
715  MTART+R8      268172.689   683 537711.377   537862.370   542379.826
716  MTART+R9      268080.905   685 537531.810   537683.737   542213.929
737  MTART+F+R8    257882.576   702 517169.153   517329.148   521967.471
738  MTART+F+R9    257824.094   704 517056.188   517217.148   521868.176
759  MTZOA+R8      262239.540   683 525845.080   525996.073   530513.529
760  MTZOA+R9      262208.873   685 525787.746   525939.673   530469.865
781  MTZOA+F+R8    254914.012   702 511232.023   511392.019   516030.341
782  MTZOA+F+R9    254869.735   704 511147.470   511308.430   515959.458
803  MTMET+R8      266063.356   683 533492.712   533643.705   538161.161
804  MTMET+R9      266034.132   685 533438.264   533590.191   538120.383
825  MTMET+F+R8    256550.303   702 514504.606   514664.601   519302.924
826  MTMET+F+R9    256513.937   704 514435.875   514596.835   519247.863
847  MTVER+R8      270281.749   683 541929.498   542080.491   546597.947
848  MTVER+R9      270230.965   685 541831.931   541983.858   546514.050
869  MTVER+F+R8    261385.264   702 524174.529   524334.524   528972.847
870  MTVER+F+R9    261332.101   704 524072.202   524233.162   528884.190
891  MTINV+R8      266441.597   683 534249.194   534400.187   538917.643
892  MTINV+R9      266409.742   685 534189.484   534341.411   538871.603
913  MTINV+F+R8    254276.801   702 509957.601   510117.597   514755.919
914  MTINV+F+R9    254234.934   704 509877.867   510038.827   514689.855
935  MTMAM+R8      273033.410   683 547432.819   547583.812   552101.268
936  MTMAM+R9      272966.792   685 547303.584   547455.511   551985.703
957  MTMAM+F+R8    263392.994   702 528189.988   528349.983   532988.306
958  MTMAM+F+R9    263354.729   704 528117.457   528278.417   532929.445
979  FLAVI+R8      265800.430   683 532966.860   533117.853   537635.309
980  FLAVI+R9      265731.383   685 532832.766   532984.693   537514.885
1001  FLAVI+F+R8    263990.615   702 529385.231   529545.226   534183.548
1002  FLAVI+F+R9    263936.836   704 529281.671   529442.631   534093.660
1023  HIVB+R8       259756.035   683 520878.070   521029.063   525546.518
1024  HIVB+R9       259684.463   685 520738.926   520890.853   525421.045
1045  HIVB+F+R8     259326.180   702 520056.361   520216.356   524854.678
1046  HIVB+F+R9     259247.270   704 519902.541   520063.501   524714.529
1067  HIVW+R8       271683.092   683 544732.183   544883.176   549400.632
1068  HIVW+R9       271640.909   685 544651.819   544803.746   549333.938
1089  HIVW+F+R8     266614.282   702 534632.563   534792.559   539430.881
1090  HIVW+F+R9     266590.784   704 534589.568   534750.528   539401.556
1111  FLU+R8        258710.236   683 518786.473   518937.466   523454.922
1112  FLU+R9        258656.297   685 518682.595   518834.522   523364.714
1133  FLU+F+R8      257220.179   702 515844.357   516004.353   520642.675
1134  FLU+F+R9      257190.246   704 515788.491   515949.451   520600.479
1155  RTREV+R8      251270.610   683 503907.221   504058.214   508575.670
1156  RTREV+R9      251228.437   685 503826.874   503978.801   508508.993
1177  RTREV+F+R8    250706.999   702 502817.998   502977.994   507616.316
1178  RTREV+F+R9    250672.065   704 502752.130   502913.090   507564.118
1199  CPREV+R8      252896.709   683 507159.417   507310.410   511827.866
1200  CPREV+R9      252875.754   685 507121.508   507273.435   511803.627
1221  CPREV+F+R8    252143.251   702 505690.503   505850.498   510488.820
1222  CPREV+F+R9    252125.413   704 505658.827   505819.787   510470.815
Akaike Information Criterion:           LG+R9
Corrected Akaike Information Criterion: LG+R9
Bayesian Information Criterion:         LG+R9
Best-fit model: LG+R9 chosen according to BIC

All model information printed to Astroviridae_1B_filtered_aa_83_rdrp_align.fasta.model.gz
CPU time for ModelFinder: 52921.294 seconds (14h:42m:1s)
Wall-clock time for ModelFinder: 16708.376 seconds (4h:38m:28s)
Generating 1000 samples for ultrafast bootstrap (seed: 957048)...

NOTE: 1507 MB RAM (1 GB) is required!
Estimate model parameters (epsilon = 0.100)
1. Initial log-likelihood: -249947.923
2. Current log-likelihood: -249855.179
3. Current log-likelihood: -249849.953
4. Current log-likelihood: -249849.037
5. Current log-likelihood: -249848.696
6. Current log-likelihood: -249848.545
Optimal log-likelihood: -249848.471
Site proportion and rates:  (0.011,0.004) (0.027,0.067) (0.044,0.141) (0.099,0.263) (0.149,0.409) (0.142,0.670) (0.189,1.021) (0.228,1.531) (0.112,2.397)
Parameters optimization took 6 rounds (157.199 sec)
Wrote distance file to... 
Computing ML distances based on estimated model parameters...
Calculating distance matrix: done in 12.8702 secs using 397% CPU
Computing ML distances took 12.871816 sec (of wall-clock time) 51.100081 sec (of CPU time)
WARNING: Some pairwise ML distances are too long (saturated)
Setting up auxiliary I and S matrices: done in 0.00062108 secs using 373.9% CPU
Constructing RapidNJ tree: done in 0.0203111 secs using 145.4% CPU
Computing RapidNJ tree took 0.020989 sec (of wall-clock time) 0.031916 sec (of CPU time)
Log-likelihood of RapidNJ tree: -250589.666
--------------------------------------------------------------------
|             INITIALIZING CANDIDATE TREE SET                      |
--------------------------------------------------------------------
Generating 98 parsimony trees... 16.324 second
Computing log-likelihood of 98 initial trees ... 185.661 seconds
Current best score: -249848.471

Do NNI search on 20 best initial trees
Optimizing NNI: done in 12.5182 secs using 309.3% CPU
Estimate model parameters (epsilon = 0.100)
BETTER TREE FOUND at iteration 1: -249814.488
Optimizing NNI: done in 28.7723 secs using 306.8% CPU
Estimate model parameters (epsilon = 0.100)
BETTER TREE FOUND at iteration 2: -249779.987
Optimizing NNI: done in 38.6744 secs using 307.7% CPU
Optimizing NNI: done in 48.2747 secs using 308.2% CPU
Estimate model parameters (epsilon = 0.100)
BETTER TREE FOUND at iteration 4: -249772.909
Optimizing NNI: done in 39.8143 secs using 307.2% CPU
Optimizing NNI: done in 35.6216 secs using 308.3% CPU
Optimizing NNI: done in 37.9751 secs using 308.5% CPU
Optimizing NNI: done in 38.8132 secs using 309.1% CPU
Optimizing NNI: done in 37.218 secs using 308.8% CPU
Optimizing NNI: done in 45.6473 secs using 309.4% CPU
Iteration 10 / LogL: -249782.105 / Time: 4h:53m:27s
Optimizing NNI: done in 44.4143 secs using 309.6% CPU
Estimate model parameters (epsilon = 0.100)
BETTER TREE FOUND at iteration 11: -249764.638
Optimizing NNI: done in 38.0429 secs using 309.3% CPU
Optimizing NNI: done in 37.1732 secs using 308.3% CPU
Optimizing NNI: done in 49.5585 secs using 308.3% CPU
Estimate model parameters (epsilon = 0.100)
BETTER TREE FOUND at iteration 14: -249739.463
Optimizing NNI: done in 34.1888 secs using 309.1% CPU
Optimizing NNI: done in 52.2925 secs using 309.4% CPU
Estimate model parameters (epsilon = 0.100)
BETTER TREE FOUND at iteration 16: -249727.975
Optimizing NNI: done in 36.5981 secs using 308.8% CPU
Optimizing NNI: done in 34.3044 secs using 309% CPU
Optimizing NNI: done in 44.5059 secs using 309.3% CPU
Optimizing NNI: done in 37.2828 secs using 308% CPU
Iteration 20 / LogL: -249877.975 / Time: 5h:2m:37s
Finish initializing candidate tree set (20)
Current best tree score: -249727.975 / CPU time: 1253.831
Number of iterations: 20
--------------------------------------------------------------------
|               OPTIMIZING CANDIDATE TREE SET                      |
--------------------------------------------------------------------
Optimizing NNI: done in 32.0321 secs using 310.2% CPU
Optimizing NNI: done in 35.8117 secs using 311.2% CPU
Estimate model parameters (epsilon = 0.100)
BETTER TREE FOUND at iteration 22: -249724.580
Optimizing NNI: done in 32.1855 secs using 310.6% CPU
Optimizing NNI: done in 34.5076 secs using 311% CPU
Optimizing NNI: done in 36.1284 secs using 310.6% CPU
Optimizing NNI: done in 32.3446 secs using 310.8% CPU
Optimizing NNI: done in 30.5054 secs using 310.9% CPU
Optimizing NNI: done in 28.5987 secs using 310.7% CPU
Estimate model parameters (epsilon = 0.100)
BETTER TREE FOUND at iteration 28: -249720.444
Optimizing NNI: done in 30.1093 secs using 310.9% CPU
Optimizing NNI: done in 31.916 secs using 310.8% CPU
Estimate model parameters (epsilon = 0.100)
BETTER TREE FOUND at iteration 30: -249719.006
Iteration 30 / LogL: -249719.006 / Time: 5h:9m:44s (1h:47m:50s left)
Optimizing NNI: done in 30.1616 secs using 310.7% CPU
Estimate model parameters (epsilon = 0.100)
BETTER TREE FOUND at iteration 31: -249710.785
Optimizing NNI: done in 31.8894 secs using 311.2% CPU
Optimizing NNI: done in 35.327 secs using 311.2% CPU
Optimizing NNI: done in 30.3469 secs using 310.9% CPU
Estimate model parameters (epsilon = 0.100)
BETTER TREE FOUND at iteration 34: -249695.310
Optimizing NNI: done in 29.0062 secs using 310.8% CPU
Optimizing NNI: done in 29.9242 secs using 310.8% CPU
Optimizing NNI: done in 28.0565 secs using 310.9% CPU
Optimizing NNI: done in 36.1215 secs using 310.7% CPU
Optimizing NNI: done in 31.1636 secs using 311.1% CPU
Optimizing NNI: done in 32.276 secs using 311.2% CPU
Iteration 40 / LogL: -249702.058 / Time: 5h:16m:29s (1h:31m:37s left)
Optimizing NNI: done in 26.8575 secs using 310.8% CPU
Optimizing NNI: done in 28.4727 secs using 310.5% CPU
Optimizing NNI: done in 33.5178 secs using 311.1% CPU
Optimizing NNI: done in 27.5418 secs using 311.2% CPU
Optimizing NNI: done in 27.5964 secs using 310.8% CPU
Estimate model parameters (epsilon = 0.100)
BETTER TREE FOUND at iteration 45: -249692.517
Optimizing NNI: done in 29.2498 secs using 310.7% CPU
Optimizing NNI: done in 27.8246 secs using 310.8% CPU
Optimizing NNI: done in 29.8075 secs using 310.8% CPU
Optimizing NNI: done in 30.2282 secs using 310.8% CPU
Estimate model parameters (epsilon = 0.100)
BETTER TREE FOUND at iteration 49: -249682.617
Optimizing NNI: done in 29.1896 secs using 311% CPU
Iteration 50 / LogL: -249725.128 / Time: 5h:22m:53s (1h:29m:45s left)
Log-likelihood cutoff on original alignment: -249865.129
Optimizing NNI: done in 31.2901 secs using 310.8% CPU
Optimizing NNI: done in 32.4499 secs using 311.1% CPU
Optimizing NNI: done in 27.8992 secs using 310.7% CPU
Optimizing NNI: done in 30.1929 secs using 310.5% CPU
Optimizing NNI: done in 33.1682 secs using 310.5% CPU
Optimizing NNI: done in 30.6943 secs using 310.9% CPU
Optimizing NNI: done in 31.7791 secs using 310.9% CPU
Optimizing NNI: done in 30.3632 secs using 311% CPU
Optimizing NNI: done in 33.7335 secs using 310.7% CPU
Optimizing NNI: done in 30.1504 secs using 310.9% CPU
Iteration 60 / LogL: -249684.335 / Time: 5h:28m:9s (1h:14m:56s left)
Optimizing NNI: done in 34.182 secs using 309.8% CPU
Optimizing NNI: done in 34.6453 secs using 306% CPU
Estimate model parameters (epsilon = 0.100)
BETTER TREE FOUND at iteration 62: -249681.758
Optimizing NNI: done in 31.4932 secs using 310.8% CPU
Estimate model parameters (epsilon = 0.100)
BETTER TREE FOUND at iteration 63: -249679.818
Optimizing NNI: done in 29.7168 secs using 311.1% CPU
Optimizing NNI: done in 29.0565 secs using 310.8% CPU
Optimizing NNI: done in 28.4509 secs using 310.9% CPU
Optimizing NNI: done in 30.1069 secs using 311.3% CPU
Optimizing NNI: done in 31.1846 secs using 311.2% CPU
Optimizing NNI: done in 27.5159 secs using 311.3% CPU
Optimizing NNI: done in 31.8986 secs using 311% CPU
Iteration 70 / LogL: -249729.820 / Time: 5h:34m:1s (1h:14m:52s left)
Optimizing NNI: done in 28.2113 secs using 310.6% CPU
Optimizing NNI: done in 31.525 secs using 310.6% CPU
Optimizing NNI: done in 27.0664 secs using 310.9% CPU
Optimizing NNI: done in 33.7502 secs using 310.6% CPU
Optimizing NNI: done in 29.2954 secs using 311.1% CPU
Optimizing NNI: done in 31.0563 secs using 310.9% CPU
Optimizing NNI: done in 29.1196 secs using 310.7% CPU
Optimizing NNI: done in 29.948 secs using 310.6% CPU
Optimizing NNI: done in 27.4383 secs using 311% CPU
Optimizing NNI: done in 30.0932 secs using 311.2% CPU
Iteration 80 / LogL: -249683.673 / Time: 5h:39m:2s (1h:3m:38s left)
Optimizing NNI: done in 33.7616 secs using 311.2% CPU
Optimizing NNI: done in 29.4533 secs using 310.4% CPU
Optimizing NNI: done in 29.2905 secs using 310.8% CPU
Estimate model parameters (epsilon = 0.100)
BETTER TREE FOUND at iteration 83: -249676.641
Optimizing NNI: done in 28.0232 secs using 310.8% CPU
Optimizing NNI: done in 31.5641 secs using 311.1% CPU
Optimizing NNI: done in 29.5581 secs using 310.7% CPU
Optimizing NNI: done in 30.9605 secs using 311.2% CPU
Optimizing NNI: done in 29.0539 secs using 310.8% CPU
Optimizing NNI: done in 31.8225 secs using 310.7% CPU
Optimizing NNI: done in 31.3628 secs using 311.2% CPU
Iteration 90 / LogL: -249828.227 / Time: 5h:44m:33s (1h:9m:3s left)
Optimizing NNI: done in 27.9316 secs using 310.9% CPU
Optimizing NNI: done in 31.4072 secs using 310.2% CPU
Optimizing NNI: done in 35.0063 secs using 310.6% CPU
Optimizing NNI: done in 30.0257 secs using 311.2% CPU
Optimizing NNI: done in 33.9603 secs using 311.5% CPU
Optimizing NNI: done in 31.1642 secs using 311% CPU
Optimizing NNI: done in 29.2456 secs using 311% CPU
Optimizing NNI: done in 27.5263 secs using 311% CPU
Optimizing NNI: done in 32.8273 secs using 311.2% CPU
Optimizing NNI: done in 30.8514 secs using 311.1% CPU
Iteration 100 / LogL: -249838.808 / Time: 5h:49m:47s (0h:59m:47s left)
Log-likelihood cutoff on original alignment: -249854.815
NOTE: Bootstrap correlation coefficient of split occurrence frequencies: 0.981
NOTE: UFBoot does not converge, continue at least 100 more iterations
Optimizing NNI: done in 33.8386 secs using 310.8% CPU
Optimizing NNI: done in 28.7984 secs using 310.9% CPU
Optimizing NNI: done in 31.4004 secs using 311.1% CPU
Optimizing NNI: done in 27.0383 secs using 310.8% CPU
Optimizing NNI: done in 28.3431 secs using 311% CPU
Optimizing NNI: done in 27.6449 secs using 310.9% CPU
Optimizing NNI: done in 29.1571 secs using 310.7% CPU
Optimizing NNI: done in 32.8209 secs using 311.1% CPU
Optimizing NNI: done in 32.3126 secs using 310.7% CPU
Optimizing NNI: done in 30.7088 secs using 311.1% CPU
Iteration 110 / LogL: -249807.732 / Time: 5h:54m:52s (1h:3m:5s left)
Optimizing NNI: done in 30.4372 secs using 310.8% CPU
Optimizing NNI: done in 28.344 secs using 310.8% CPU
Optimizing NNI: done in 33.1097 secs using 310.8% CPU
Optimizing NNI: done in 31.0871 secs using 310.7% CPU
Optimizing NNI: done in 31.1511 secs using 311% CPU
Optimizing NNI: done in 27.7747 secs using 310.9% CPU
Optimizing NNI: done in 34.9183 secs using 310.9% CPU
Optimizing NNI: done in 26.8207 secs using 310.8% CPU
Optimizing NNI: done in 33.5449 secs using 311% CPU
Estimate model parameters (epsilon = 0.100)
BETTER TREE FOUND at iteration 119: -249668.045
Optimizing NNI: done in 30.804 secs using 311.1% CPU
Iteration 120 / LogL: -249695.133 / Time: 6h:0m:19s (1h:8m:6s left)
Optimizing NNI: done in 30.9948 secs using 310.7% CPU
Optimizing NNI: done in 29.2316 secs using 310.3% CPU
Optimizing NNI: done in 27.4322 secs using 310.7% CPU
Optimizing NNI: done in 37.3089 secs using 311.1% CPU
Optimizing NNI: done in 32.4373 secs using 310.7% CPU
Optimizing NNI: done in 30.7073 secs using 311.2% CPU
Optimizing NNI: done in 26.3904 secs using 311.1% CPU
Optimizing NNI: done in 35.4418 secs using 310.9% CPU
Optimizing NNI: done in 30.7701 secs using 310.7% CPU
Optimizing NNI: done in 29.4672 secs using 311.3% CPU
Iteration 130 / LogL: -249848.576 / Time: 6h:5m:33s (1h:0m:4s left)
Optimizing NNI: done in 34.6979 secs using 311.1% CPU
Optimizing NNI: done in 34.3918 secs using 311% CPU
Optimizing NNI: done in 29.0096 secs using 310.8% CPU
Optimizing NNI: done in 31.875 secs using 311% CPU
Optimizing NNI: done in 25.9301 secs using 310.9% CPU
Optimizing NNI: done in 30.928 secs using 310.5% CPU
Optimizing NNI: done in 28.6103 secs using 311% CPU
Optimizing NNI: done in 35.3361 secs using 311% CPU
Optimizing NNI: done in 28.5083 secs using 310.7% CPU
Optimizing NNI: done in 34.2741 secs using 310.8% CPU
Iteration 140 / LogL: -249682.825 / Time: 6h:10m:50s (0h:52m:29s left)
Optimizing NNI: done in 29.6545 secs using 310.8% CPU
Optimizing NNI: done in 32.1276 secs using 310.9% CPU
Optimizing NNI: done in 32.2754 secs using 311% CPU
Optimizing NNI: done in 31.2581 secs using 310.4% CPU
Optimizing NNI: done in 29.3786 secs using 310.8% CPU
Optimizing NNI: done in 28.8703 secs using 310.8% CPU
Optimizing NNI: done in 28.8392 secs using 310.9% CPU
Optimizing NNI: done in 34.571 secs using 310.6% CPU
Optimizing NNI: done in 29.5205 secs using 310.8% CPU
Optimizing NNI: done in 27.9838 secs using 311.1% CPU
Iteration 150 / LogL: -249770.569 / Time: 6h:15m:57s (0h:45m:8s left)
Log-likelihood cutoff on original alignment: -249854.815
Optimizing NNI: done in 27.3955 secs using 311% CPU
Optimizing NNI: done in 29.4447 secs using 310.7% CPU
Optimizing NNI: done in 29.2798 secs using 311% CPU
Optimizing NNI: done in 28.8162 secs using 310.9% CPU
Optimizing NNI: done in 29.1958 secs using 311.1% CPU
Optimizing NNI: done in 31.6069 secs using 310.9% CPU
Optimizing NNI: done in 28.8314 secs using 310.9% CPU
Optimizing NNI: done in 32.9947 secs using 311.1% CPU
Optimizing NNI: done in 35.308 secs using 311% CPU
Optimizing NNI: done in 27.1834 secs using 310.9% CPU
Iteration 160 / LogL: -249698.938 / Time: 6h:21m:1s (0h:38m:3s left)
Optimizing NNI: done in 28.0879 secs using 310.6% CPU
Optimizing NNI: done in 28.5393 secs using 311.1% CPU
Optimizing NNI: done in 30.7364 secs using 311% CPU
Optimizing NNI: done in 28.922 secs using 311% CPU
Optimizing NNI: done in 29.3753 secs using 310.7% CPU
Optimizing NNI: done in 31.5095 secs using 310.9% CPU
Optimizing NNI: done in 31.1124 secs using 311.1% CPU
Optimizing NNI: done in 26.6746 secs using 310.9% CPU
Optimizing NNI: done in 32.3566 secs using 310.8% CPU
Optimizing NNI: done in 28.7473 secs using 311% CPU
Iteration 170 / LogL: -249705.785 / Time: 6h:26m:0s (0h:31m:10s left)
Optimizing NNI: done in 28.8251 secs using 310.8% CPU
Optimizing NNI: done in 29.4956 secs using 310.8% CPU
Optimizing NNI: done in 28.7692 secs using 310.7% CPU
Optimizing NNI: done in 25.9144 secs using 310.7% CPU
Optimizing NNI: done in 31.0689 secs using 311.3% CPU
Optimizing NNI: done in 24.3552 secs using 310.7% CPU
Optimizing NNI: done in 31.5523 secs using 310.7% CPU
Optimizing NNI: done in 28.5981 secs using 310.9% CPU
Optimizing NNI: done in 30.2912 secs using 311.1% CPU
Optimizing NNI: done in 24.9601 secs using 310.8% CPU
Iteration 180 / LogL: -249688.204 / Time: 6h:30m:47s (0h:24m:28s left)
Optimizing NNI: done in 26.2716 secs using 310.6% CPU
Optimizing NNI: done in 27.1351 secs using 310.7% CPU
Optimizing NNI: done in 29.3125 secs using 311% CPU
Optimizing NNI: done in 29.3947 secs using 310.8% CPU
Optimizing NNI: done in 29.7645 secs using 310.6% CPU
Optimizing NNI: done in 25.6945 secs using 310.7% CPU
Optimizing NNI: done in 30.8162 secs using 310.7% CPU
Optimizing NNI: done in 31.3119 secs using 310.9% CPU
Optimizing NNI: done in 29.0933 secs using 310.4% CPU
Optimizing NNI: done in 34.5129 secs using 310.4% CPU
Iteration 190 / LogL: -249680.964 / Time: 6h:35m:43s (0h:17m:59s left)
Optimizing NNI: done in 30.0064 secs using 310.3% CPU
Optimizing NNI: done in 30.3476 secs using 310.9% CPU
Optimizing NNI: done in 31.9122 secs using 311.1% CPU
Estimate model parameters (epsilon = 0.100)
BETTER TREE FOUND at iteration 193: -249666.352
Optimizing NNI: done in 32.3668 secs using 310.7% CPU
Optimizing NNI: done in 29.5697 secs using 310.9% CPU
Optimizing NNI: done in 30.8935 secs using 310.8% CPU
Optimizing NNI: done in 25.6615 secs using 310.7% CPU
Optimizing NNI: done in 26.7548 secs using 310.4% CPU
Optimizing NNI: done in 29.8781 secs using 310.8% CPU
Optimizing NNI: done in 31.8847 secs using 310.9% CPU
Iteration 200 / LogL: -249715.379 / Time: 6h:40m:55s (0h:57m:13s left)
Log-likelihood cutoff on original alignment: -249854.815
NOTE: Bootstrap correlation coefficient of split occurrence frequencies: 0.994
Optimizing NNI: done in 32.7812 secs using 311.2% CPU
Optimizing NNI: done in 28.0508 secs using 310.6% CPU
Optimizing NNI: done in 27.8062 secs using 310.7% CPU
Optimizing NNI: done in 28.8783 secs using 310.8% CPU
Optimizing NNI: done in 28.4011 secs using 311.2% CPU
Optimizing NNI: done in 35.5353 secs using 311.3% CPU
Optimizing NNI: done in 28.9695 secs using 310.9% CPU
Optimizing NNI: done in 33.0099 secs using 310.9% CPU
Optimizing NNI: done in 30.3424 secs using 310.8% CPU
Optimizing NNI: done in 37.9049 secs using 311% CPU
Iteration 210 / LogL: -249678.023 / Time: 6h:46m:10s (0h:54m:59s left)
Optimizing NNI: done in 28.5986 secs using 310.7% CPU
Optimizing NNI: done in 28.3936 secs using 311% CPU
Optimizing NNI: done in 27.4872 secs using 310.7% CPU
Optimizing NNI: done in 33.2707 secs using 310.9% CPU
Optimizing NNI: done in 32.8233 secs using 311.1% CPU
Optimizing NNI: done in 24.6135 secs using 310.8% CPU
Optimizing NNI: done in 27.4571 secs using 310.9% CPU
Optimizing NNI: done in 25.47 secs using 310.3% CPU
Optimizing NNI: done in 26.8769 secs using 310.9% CPU
Optimizing NNI: done in 29.0883 secs using 310.9% CPU
Iteration 220 / LogL: -249684.522 / Time: 6h:50m:57s (0h:48m:23s left)
Optimizing NNI: done in 30.3142 secs using 310.9% CPU
Optimizing NNI: done in 33.5881 secs using 310.9% CPU
Optimizing NNI: done in 28.4234 secs using 310.7% CPU
Optimizing NNI: done in 27.1797 secs using 310.7% CPU
Optimizing NNI: done in 29.3304 secs using 310.9% CPU
Optimizing NNI: done in 31.8224 secs using 310.7% CPU
Optimizing NNI: done in 27.8617 secs using 310.9% CPU
Optimizing NNI: done in 36.769 secs using 311.3% CPU
Optimizing NNI: done in 30.6316 secs using 310.6% CPU
Optimizing NNI: done in 29.8637 secs using 311% CPU
Iteration 230 / LogL: -249681.600 / Time: 6h:56m:6s (0h:42m:4s left)
Optimizing NNI: done in 27.3179 secs using 310.4% CPU
Optimizing NNI: done in 26.127 secs using 310.7% CPU
Optimizing NNI: done in 28.1878 secs using 310.7% CPU
Optimizing NNI: done in 28.3444 secs using 310.7% CPU
Optimizing NNI: done in 30.3639 secs using 310.9% CPU
Optimizing NNI: done in 28.5562 secs using 310.9% CPU
Optimizing NNI: done in 30.0347 secs using 311% CPU
Optimizing NNI: done in 27.0028 secs using 310.9% CPU
Optimizing NNI: done in 34.2771 secs using 310.9% CPU
Optimizing NNI: done in 29.009 secs using 310.9% CPU
Iteration 240 / LogL: -249681.430 / Time: 7h:0m:58s (0h:35m:46s left)
Optimizing NNI: done in 29.2932 secs using 310.6% CPU
Optimizing NNI: done in 31.9102 secs using 311% CPU
Optimizing NNI: done in 29.369 secs using 310.9% CPU
Optimizing NNI: done in 28.4322 secs using 311.1% CPU
Optimizing NNI: done in 35.5127 secs using 311.1% CPU
Optimizing NNI: done in 33.185 secs using 311.1% CPU
Optimizing NNI: done in 34.1635 secs using 311% CPU
Optimizing NNI: done in 26.9445 secs using 310.6% CPU
Optimizing NNI: done in 30.3428 secs using 310.7% CPU
Optimizing NNI: done in 28.1505 secs using 310.5% CPU
Iteration 250 / LogL: -249693.780 / Time: 7h:6m:9s (0h:29m:39s left)
Log-likelihood cutoff on original alignment: -249854.815
Optimizing NNI: done in 28.5498 secs using 310.5% CPU
Optimizing NNI: done in 30.2796 secs using 310.9% CPU
Optimizing NNI: done in 30.6803 secs using 310.9% CPU
Optimizing NNI: done in 28.779 secs using 310.7% CPU
Optimizing NNI: done in 31.3296 secs using 310.9% CPU
Optimizing NNI: done in 26.8355 secs using 310.6% CPU
Optimizing NNI: done in 28.986 secs using 310.8% CPU
Optimizing NNI: done in 28.9334 secs using 310.6% CPU
Optimizing NNI: done in 27.3646 secs using 310.4% CPU
Optimizing NNI: done in 29.5089 secs using 310.5% CPU
Iteration 260 / LogL: -249740.913 / Time: 7h:11m:4s (0h:23m:34s left)
Optimizing NNI: done in 32.9076 secs using 310.8% CPU
Optimizing NNI: done in 28.9019 secs using 310.8% CPU
Optimizing NNI: done in 33.9047 secs using 310.9% CPU
Optimizing NNI: done in 30.7316 secs using 310.7% CPU
Optimizing NNI: done in 28.4368 secs using 310.8% CPU
Optimizing NNI: done in 26.9494 secs using 310.8% CPU
Optimizing NNI: done in 34.3948 secs using 311% CPU
Optimizing NNI: done in 32.0121 secs using 310.9% CPU
Optimizing NNI: done in 31.7531 secs using 311.2% CPU
Optimizing NNI: done in 29.1699 secs using 310.8% CPU
Iteration 270 / LogL: -249678.786 / Time: 7h:16m:16s (0h:17m:35s left)
Optimizing NNI: done in 25.9362 secs using 310.8% CPU
Optimizing NNI: done in 26.8159 secs using 310.7% CPU
Optimizing NNI: done in 34.1368 secs using 311% CPU
Optimizing NNI: done in 31.8248 secs using 310.9% CPU
Optimizing NNI: done in 28.6461 secs using 311% CPU
Optimizing NNI: done in 27.652 secs using 310.5% CPU
Optimizing NNI: done in 32.1132 secs using 311% CPU
Optimizing NNI: done in 30.2032 secs using 311.1% CPU
Optimizing NNI: done in 30.8828 secs using 311.3% CPU
Optimizing NNI: done in 27.8883 secs using 310.9% CPU
Iteration 280 / LogL: -249835.924 / Time: 7h:21m:15s (0h:11m:40s left)
Optimizing NNI: done in 33.5566 secs using 311% CPU
Optimizing NNI: done in 38.6573 secs using 311.2% CPU
Optimizing NNI: done in 27.6185 secs using 310.6% CPU
Optimizing NNI: done in 28.6082 secs using 310.5% CPU
Optimizing NNI: done in 32.0823 secs using 311.1% CPU
Optimizing NNI: done in 32.8218 secs using 310.4% CPU
Optimizing NNI: done in 30.7206 secs using 310.7% CPU
Optimizing NNI: done in 39.3092 secs using 310.3% CPU
Optimizing NNI: done in 34.9845 secs using 310.9% CPU
Optimizing NNI: done in 31.3651 secs using 311% CPU
Iteration 290 / LogL: -249681.046 / Time: 7h:26m:48s (0h:5m:49s left)
Optimizing NNI: done in 40.0655 secs using 311% CPU
Optimizing NNI: done in 28.1004 secs using 310.8% CPU
Optimizing NNI: done in 28.8786 secs using 310.8% CPU
Optimizing NNI: done in 29.1445 secs using 311% CPU
TREE SEARCH COMPLETED AFTER 294 ITERATIONS / Time: 7h:28m:56s

--------------------------------------------------------------------
|                    FINALIZING TREE SEARCH                        |
--------------------------------------------------------------------
Performs final model parameters optimization
Estimate model parameters (epsilon = 0.010)
1. Initial log-likelihood: -249666.352
Optimal log-likelihood: -249666.351
Site proportion and rates:  (0.011,0.004) (0.028,0.066) (0.044,0.143) (0.101,0.265) (0.142,0.409) (0.143,0.658) (0.196,1.017) (0.224,1.544) (0.112,2.390)
Parameters optimization took 1 rounds (4.659 sec)
BEST SCORE FOUND : -249666.351
Creating bootstrap support values...
Split supports printed to NEXUS file Astroviridae_1B_filtered_aa_83_rdrp_align.fasta.splits.nex
Total tree length: 311.796

Total number of iterations: 294
CPU time used for tree search: 31151.885 sec (8h:39m:11s)
Wall-clock time used for tree search: 10032.511 sec (2h:47m:12s)
Total CPU time used: 84715.112 sec (23h:31m:55s)
Total wall-clock time used: 26941.595 sec (7h:29m:1s)

Computing bootstrap consensus tree...
Reading input file Astroviridae_1B_filtered_aa_83_rdrp_align.fasta.splits.nex...
336 taxa and 1466 splits.
Consensus tree written to Astroviridae_1B_filtered_aa_83_rdrp_align.fasta.contree
Reading input trees file Astroviridae_1B_filtered_aa_83_rdrp_align.fasta.contree
Log-likelihood of consensus tree: -249674.109

Analysis results written to: 
  IQ-TREE report:                Astroviridae_1B_filtered_aa_83_rdrp_align.fasta.iqtree
  Maximum-likelihood tree:       Astroviridae_1B_filtered_aa_83_rdrp_align.fasta.treefile
  Likelihood distances:          Astroviridae_1B_filtered_aa_83_rdrp_align.fasta.mldist

Ultrafast bootstrap approximation results written to:
  Split support values:          Astroviridae_1B_filtered_aa_83_rdrp_align.fasta.splits.nex
  Consensus tree:                Astroviridae_1B_filtered_aa_83_rdrp_align.fasta.contree
  Screen log file:               Astroviridae_1B_filtered_aa_83_rdrp_align.fasta.log

Date and Time: Sun Jan 25 02:55:15 2026
